Product: MDK-ARM Professional 5.10
Component: ARM Compiler 5.04 update 1 (build 49)
Tool: armlink [5040049]

==============================================================================

Section Cross References

    main.o(.text) refers to _printf_percent.o(.ARM.Collect$$_printf_percent$$00000000) for _printf_percent
    main.o(.text) refers to _printf_d.o(.ARM.Collect$$_printf_percent$$00000009) for _printf_d
    main.o(.text) refers to _printf_dec.o(.text) for _printf_int_dec
    main.o(.text) refers to misc.o(.text) for NVIC_PriorityGroupConfig
    main.o(.text) refers to delay.o(.text) for delay_init
    main.o(.text) refers to usart.o(.text) for uart_init
    main.o(.text) refers to led.o(.text) for LED_Init
    main.o(.text) refers to digital_tube.o(.text) for digital_tube_Init
    main.o(.text) refers to max_6675.o(.text) for max_6675_main
    main.o(.text) refers to noretval__2printf.o(.text) for __2printf
    main.o(.text) refers to main.o(.data) for display_num
    system_stm32f4xx.o(.text) refers to system_stm32f4xx.o(.data) for SystemCoreClock
    led.o(.text) refers to stm32f4xx_rcc.o(.text) for RCC_AHB1PeriphClockCmd
    led.o(.text) refers to stm32f4xx_gpio.o(.text) for GPIO_Init
    beep.o(.text) refers to stm32f4xx_rcc.o(.text) for RCC_AHB1PeriphClockCmd
    beep.o(.text) refers to stm32f4xx_gpio.o(.text) for GPIO_Init
    key.o(.text) refers to stm32f4xx_rcc.o(.text) for RCC_AHB1PeriphClockCmd
    key.o(.text) refers to stm32f4xx_gpio.o(.text) for GPIO_Init
    key.o(.text) refers to delay.o(.text) for delay_ms
    key.o(.text) refers to key.o(.data) for key_up
    digital_tube.o(.text) refers to _printf_pad.o(.text) for _printf_pre_padding
    digital_tube.o(.text) refers to _printf_percent.o(.ARM.Collect$$_printf_percent$$00000000) for _printf_percent
    digital_tube.o(.text) refers to _printf_d.o(.ARM.Collect$$_printf_percent$$00000009) for _printf_d
    digital_tube.o(.text) refers to _printf_x.o(.ARM.Collect$$_printf_percent$$0000000C) for _printf_x
    digital_tube.o(.text) refers to _printf_dec.o(.text) for _printf_int_dec
    digital_tube.o(.text) refers to _printf_hex_int.o(.text) for _printf_longlong_hex
    digital_tube.o(.text) refers to stm32f4xx_rcc.o(.text) for RCC_AHB1PeriphClockCmd
    digital_tube.o(.text) refers to stm32f4xx_gpio.o(.text) for GPIO_Init
    digital_tube.o(.text) refers to noretval__2printf.o(.text) for __2printf
    digital_tube.o(.text) refers to digital_tube.o(.data) for num_table
    digital_tube.o(.text) refers to digital_tube.o(.conststring) for .conststring
    max_6675.o(.text) refers to _printf_pad.o(.text) for _printf_pre_padding
    max_6675.o(.text) refers to _printf_percent.o(.ARM.Collect$$_printf_percent$$00000000) for _printf_percent
    max_6675.o(.text) refers to _printf_x.o(.ARM.Collect$$_printf_percent$$0000000C) for _printf_x
    max_6675.o(.text) refers to _printf_f.o(.ARM.Collect$$_printf_percent$$00000003) for _printf_f
    max_6675.o(.text) refers to _printf_hex_int.o(.text) for _printf_longlong_hex
    max_6675.o(.text) refers to printf1.o(x$fpl$printf1) for _printf_fp_dec
    max_6675.o(.text) refers to stm32f4xx_rcc.o(.text) for RCC_AHB1PeriphClockCmd
    max_6675.o(.text) refers to stm32f4xx_gpio.o(.text) for GPIO_PinAFConfig
    max_6675.o(.text) refers to stm32f4xx_spi.o(.text) for SPI_Init
    max_6675.o(.text) refers to system_stm32f4xx.o(.text) for SystemInit
    max_6675.o(.text) refers to noretval__2printf.o(.text) for __2printf
    max_6675.o(.text) refers to dflt_clz.o(x$fpl$dfltu) for __aeabi_ui2d
    max_6675.o(.text) refers to dmul.o(x$fpl$dmul) for __aeabi_dmul
    max_6675.o(.text) refers to d2f.o(x$fpl$d2f) for __aeabi_d2f
    max_6675.o(.text) refers to f2d.o(x$fpl$f2d) for __aeabi_f2d
    max_6675.o(.text) refers to delay.o(.text) for delay_ms
    delay.o(.text) refers to misc.o(.text) for SysTick_CLKSourceConfig
    delay.o(.text) refers to delay.o(.data) for fac_us
    usart.o(.rev16_text) refers (Special) to use_no_semi_2.o(.text) for __use_no_semihosting
    usart.o(.revsh_text) refers (Special) to use_no_semi_2.o(.text) for __use_no_semihosting
    usart.o(.text) refers (Special) to use_no_semi_2.o(.text) for __use_no_semihosting
    usart.o(.text) refers to stm32f4xx_rcc.o(.text) for RCC_AHB1PeriphClockCmd
    usart.o(.text) refers to stm32f4xx_gpio.o(.text) for GPIO_PinAFConfig
    usart.o(.text) refers to stm32f4xx_usart.o(.text) for USART_Init
    usart.o(.text) refers to misc.o(.text) for NVIC_Init
    usart.o(.text) refers to usart.o(.data) for USART_RX_STA
    usart.o(.text) refers to usart.o(.bss) for USART_RX_BUF
    usart.o(.bss) refers (Special) to use_no_semi_2.o(.text) for __use_no_semihosting
    usart.o(.data) refers (Special) to use_no_semi_2.o(.text) for __use_no_semihosting
    startup_stm32f40_41xxx.o(STACK) refers (Special) to heapauxi.o(.text) for __use_two_region_memory
    startup_stm32f40_41xxx.o(HEAP) refers (Special) to heapauxi.o(.text) for __use_two_region_memory
[...]
    sys_wrch.o(.text) refers (Special) to use_no_semi.o(.text) for __I$use$semihosting
    sys_wrch.o(.text) refers (Special) to indicate_semi.o(.text) for __semihosting_library_function
    defsig.o(CL$$defsig) refers to defsig_rtmem_inner.o(.text) for __rt_SIGRTMEM_inner
    defsig_abrt_inner.o(.text) refers to defsig_general.o(.text) for __default_signal_display
    defsig_fpe_inner.o(.text) refers to defsig_general.o(.text) for __default_signal_display
    defsig_rtred_inner.o(.text) refers to defsig_general.o(.text) for __default_signal_display
    defsig_stak_inner.o(.text) refers to defsig_general.o(.text) for __default_signal_display
    defsig_pvfn_inner.o(.text) refers to defsig_general.o(.text) for __default_signal_display
    defsig_cppl_inner.o(.text) refers to defsig_general.o(.text) for __default_signal_display
    defsig_segv_inner.o(.text) refers to defsig_general.o(.text) for __default_signal_display
    defsig_other.o(.text) refers to defsig_general.o(.text) for __default_signal_display


==============================================================================

Removing Unused input sections from the image.

    Removing main.o(.rev16_text), (4 bytes).
    Removing main.o(.revsh_text), (4 bytes).
    Removing stm32f4xx_it.o(.rev16_text), (4 bytes).
    Removing stm32f4xx_it.o(.revsh_text), (4 bytes).
    Removing system_stm32f4xx.o(.rev16_text), (4 bytes).
    Removing system_stm32f4xx.o(.revsh_text), (4 bytes).
    Removing led.o(.rev16_text), (4 bytes).
    Removing led.o(.revsh_text), (4 bytes).
    Removing beep.o(.rev16_text), (4 bytes).
    Removing beep.o(.revsh_text), (4 bytes).
    Removing beep.o(.text), (64 bytes).
    Removing key.o(.rev16_text), (4 bytes).
    Removing key.o(.revsh_text), (4 bytes).
    Removing key.o(.text), (260 bytes).
    Removing key.o(.data), (1 bytes).
    Removing digital_tube.o(.rev16_text), (4 bytes).
    Removing digital_tube.o(.revsh_text), (4 bytes).
    Removing max_6675.o(.rev16_text), (4 bytes).
    Removing max_6675.o(.revsh_text), (4 bytes).
    Removing delay.o(.rev16_text), (4 bytes).
    Removing delay.o(.revsh_text), (4 bytes).
    Removing sys.o(.rev16_text), (4 bytes).
    Removing sys.o(.revsh_text), (4 bytes).
    Removing sys.o(.emb_text), (16 bytes).
    Removing usart.o(.rev16_text), (4 bytes).
    Removing usart.o(.revsh_text), (4 bytes).
    Removing misc.o(.rev16_text), (4 bytes).
    Removing misc.o(.revsh_text), (4 bytes).
    Removing stm32f4xx_gpio.o(.rev16_text), (4 bytes).
    Removing stm32f4xx_gpio.o(.revsh_text), (4 bytes).
    Removing stm32f4xx_rcc.o(.rev16_text), (4 bytes).
    Removing stm32f4xx_rcc.o(.revsh_text), (4 bytes).
    Removing stm32f4xx_syscfg.o(.rev16_text), (4 bytes).
    Removing stm32f4xx_syscfg.o(.revsh_text), (4 bytes).
    Removing stm32f4xx_syscfg.o(.text), (148 bytes).
    Removing stm32f4xx_usart.o(.rev16_text), (4 bytes).
    Removing stm32f4xx_usart.o(.revsh_text), (4 bytes).
    Removing stm32f4xx_spi.o(.rev16_text), (4 bytes).
    Removing stm32f4xx_spi.o(.revsh_text), (4 bytes).

39 unused section(s) (total 625 bytes) removed from the image.

==============================================================================

Image Symbol Table

    Local Symbols

    Symbol Name                              Value     Ov Type        Size  Object(Section)

    ../clib/angel/boardlib.s                 0x00000000   Number         0  boardinit3.o ABSOLUTE
    ../clib/angel/boardlib.s                 0x00000000   Number         0  boardshut.o ABSOLUTE
    ../clib/angel/boardlib.s                 0x00000000   Number         0  boardinit2.o ABSOLUTE
    ../clib/angel/boardlib.s                 0x00000000   Number         0  boardinit1.o ABSOLUTE
    ../clib/angel/handlers.s                 0x00000000   Number         0  __scatter_zi.o ABSOLUTE
    ../clib/angel/handlers.s                 0x00000000   Number         0  __scatter_copy.o ABSOLUTE
    ../clib/angel/kernel.s                   0x00000000   Number         0  rtexit.o ABSOLUTE
    ../clib/angel/kernel.s                   0x00000000   Number         0  rtentry2.o ABSOLUTE
    ../clib/angel/kernel.s                   0x00000000   Number         0  rtexit2.o ABSOLUTE
    ../clib/angel/kernel.s                   0x00000000   Number         0  rtentry4.o ABSOLUTE
    ../clib/angel/kernel.s                   0x00000000   Number         0  rtentry.o ABSOLUTE
    ../clib/angel/rt.s                       0x00000000   Number         0  rt_locale.o ABSOLUTE
    ../clib/angel/rt.s                       0x00000000   Number         0  rt_locale_intlibspace.o ABSOLUTE
    ../clib/angel/rt.s                       0x00000000   Number         0  rt_raise.o ABSOLUTE
    ../clib/angel/scatter.s                  0x00000000   Number         0  __scatter.o ABSOLUTE
    ../clib/angel/startup.s                  0x00000000   Number         0  __main.o ABSOLUTE
    ../clib/angel/sys.s                      0x00000000   Number         0  sys_stackheap_outer.o ABSOLUTE
    ../clib/angel/sys.s                      0x00000000   Number         0  libspace.o ABSOLUTE
    ../clib/angel/sys.s                      0x00000000   Number         0  use_no_semi_2.o ABSOLUTE
    ../clib/angel/sys.s                      0x00000000   Number         0  use_no_semi.o ABSOLUTE
    ../clib/angel/sys.s                      0x00000000   Number         0  indicate_semi.o ABSOLUTE
    ../clib/angel/sysapp.c                   0x00000000   Number         0  sys_command.o ABSOLUTE
    ../clib/angel/sysapp.c                   0x00000000   Number         0  sys_wrch.o ABSOLUTE
    ../clib/armsys.c                         0x00000000   Number         0  _get_argv_nomalloc.o ABSOLUTE
    ../clib/armsys.c                         0x00000000   Number         0  argv_veneer.o ABSOLUTE
    ../clib/armsys.c                         0x00000000   Number         0  argv_veneer.o ABSOLUTE
    ../clib/armsys.c                         0x00000000   Number         0  no_argv.o ABSOLUTE
    ../clib/bigflt.c                         0x00000000   Number         0  bigflt0.o ABSOLUTE
    ../clib/btod.s                           0x00000000   Number         0  btod.o ABSOLUTE
    ../clib/heapalloc.c                      0x00000000   Number         0  hrguard.o ABSOLUTE
    ../clib/heapaux.c                        0x00000000   Number         0  heapauxi.o ABSOLUTE
    ../clib/libinit.s                        0x00000000   Number         0  libshutdown.o ABSOLUTE
    ../clib/libinit.s                        0x00000000   Number         0  libshutdown2.o ABSOLUTE
    ../clib/libinit.s                        0x00000000   Number         0  libinit.o ABSOLUTE
    ../clib/libinit.s                        0x00000000   Number         0  libinit2.o ABSOLUTE
    ../clib/locale.s                         0x00000000   Number         0  lc_numeric_c.o ABSOLUTE
    ../clib/longlong.s                       0x00000000   Number         0  lludiv10.o ABSOLUTE
    ../clib/memcpset.s                       0x00000000   Number         0  strcmpv7m.o ABSOLUTE
    ../clib/misc.s                           0x00000000   Number         0  printf_stubs.o ABSOLUTE
    ../clib/printf.c                         0x00000000   Number         0  noretval__2printf.o ABSOLUTE
    ../clib/printf.c                         0x00000000   Number         0  _printf_hex_int_ptr.o ABSOLUTE
    ../clib/printf.c                         0x00000000   Number         0  _printf_hex_ll_ptr.o ABSOLUTE
    ../clib/printf.c                         0x00000000   Number         0  _printf_hex_int_ll_ptr.o ABSOLUTE
    ../clib/printf.c                         0x00000000   Number         0  __printf_flags.o ABSOLUTE
    ../clib/printf.c                         0x00000000   Number         0  __printf_ss.o ABSOLUTE
    ../clib/printf.c                         0x00000000   Number         0  __printf_flags_ss.o ABSOLUTE
    ../clib/printf.c                         0x00000000   Number         0  __printf_wp.o ABSOLUTE
    ../clib/printf.c                         0x00000000   Number         0  __printf_flags_wp.o ABSOLUTE
    ../clib/printf.c                         0x00000000   Number         0  __printf_flags_ss_wp.o ABSOLUTE
    ../clib/printf.c                         0x00000000   Number         0  __2printf.o ABSOLUTE
    ../clib/printf.c                         0x00000000   Number         0  __printf_nopercent.o ABSOLUTE
    ../clib/printf.c                         0x00000000   Number         0  _printf_fp_infnan.o ABSOLUTE
    ../clib/printf.c                         0x00000000   Number         0  __printf_ss_wp.o ABSOLUTE
    ../clib/printf.c                         0x00000000   Number         0  _printf_char_common.o ABSOLUTE
    ../clib/printf.c                         0x00000000   Number         0  _printf_intcommon.o ABSOLUTE
    ../clib/printf.c                         0x00000000   Number         0  _printf_fp_dec.o ABSOLUTE
    ../clib/printf.c                         0x00000000   Number         0  _printf_char_file.o ABSOLUTE
    ../clib/printf.c                         0x00000000   Number         0  _printf_hex_int_ll.o ABSOLUTE
    ../clib/printf.c                         0x00000000   Number         0  __printf.o ABSOLUTE
    ../clib/printf.c                         0x00000000   Number         0  _printf_pad.o ABSOLUTE
    ../clib/printf.c                         0x00000000   Number         0  _printf_dec.o ABSOLUTE
    ../clib/printf.c                         0x00000000   Number         0  _printf_hex_ll.o ABSOLUTE
    ../clib/printf.c                         0x00000000   Number         0  _printf_hex_int.o ABSOLUTE
    ../clib/printf.c                         0x00000000   Number         0  _printf_hex_ptr.o ABSOLUTE
    ../clib/printf_percent.s                 0x00000000   Number         0  _printf_f.o ABSOLUTE
    ../clib/printf_percent.s                 0x00000000   Number         0  _printf_percent.o ABSOLUTE
    ../clib/printf_percent.s                 0x00000000   Number         0  _printf_d.o ABSOLUTE
    ../clib/printf_percent.s                 0x00000000   Number         0  _printf_x.o ABSOLUTE
    ../clib/printf_percent.s                 0x00000000   Number         0  _printf_percent_end.o ABSOLUTE
    ../clib/signal.c                         0x00000000   Number         0  defsig_stak_inner.o ABSOLUTE
    ../clib/signal.c                         0x00000000   Number         0  defsig_rtred_inner.o ABSOLUTE
    ../clib/signal.c                         0x00000000   Number         0  defsig_exit.o ABSOLUTE
    ../clib/signal.c                         0x00000000   Number         0  defsig_cppl_inner.o ABSOLUTE
    ../clib/signal.c                         0x00000000   Number         0  __raise.o ABSOLUTE
    ../clib/signal.c                         0x00000000   Number         0  defsig_segv_inner.o ABSOLUTE
    ../clib/signal.c                         0x00000000   Number         0  defsig_other.o ABSOLUTE
    ../clib/signal.c                         0x00000000   Number         0  defsig_general.o ABSOLUTE
    ../clib/signal.c                         0x00000000   Number         0  defsig_abrt_inner.o ABSOLUTE
    ../clib/signal.c                         0x00000000   Number         0  defsig_fpe_inner.o ABSOLUTE
    ../clib/signal.c                         0x00000000   Number         0  defsig_rtmem_formal.o ABSOLUTE
    ../clib/signal.c                         0x00000000   Number         0  defsig_rtmem_outer.o ABSOLUTE
    ../clib/signal.c                         0x00000000   Number         0  defsig_rtmem_inner.o ABSOLUTE
    ../clib/signal.c                         0x00000000   Number         0  defsig_pvfn_inner.o ABSOLUTE
    ../clib/signal.s                         0x00000000   Number         0  defsig.o ABSOLUTE
    ../clib/stdio.c                          0x00000000   Number         0  ferror_locked.o ABSOLUTE
    ../clib/stdio.c                          0x00000000   Number         0  ferror.o ABSOLUTE
    ../clib/stdlib.c                         0x00000000   Number         0  exit.o ABSOLUTE
    ../fplib/d2f.s                           0x00000000   Number         0  d2f.o ABSOLUTE
    ../fplib/dflt.s                          0x00000000   Number         0  dflt_clz.o ABSOLUTE
    ../fplib/dmul.s                          0x00000000   Number         0  dmul.o ABSOLUTE
    ../fplib/dnaninf.s                       0x00000000   Number         0  dnaninf.o ABSOLUTE
    ../fplib/dretinf.s                       0x00000000   Number         0  dretinf.o ABSOLUTE
    ../fplib/f2d.s                           0x00000000   Number         0  f2d.o ABSOLUTE
    ../fplib/fnaninf.s                       0x00000000   Number         0  fnaninf.o ABSOLUTE
    ../fplib/fpinit.s                        0x00000000   Number         0  fpinit.o ABSOLUTE
    ../fplib/fretinf.s                       0x00000000   Number         0  fretinf.o ABSOLUTE
    ../fplib/istatus.s                       0x00000000   Number         0  istatus.o ABSOLUTE
    ../fplib/printf1.s                       0x00000000   Number         0  printf1.o ABSOLUTE
    ../fplib/usenofp.s                       0x00000000   Number         0  usenofp.o ABSOLUTE
    ../mathlib/fpclassify.c                  0x00000000   Number         0  fpclassify.o ABSOLUTE
    ..\CORE\startup_stm32f40_41xxx.s         0x00000000   Number         0  startup_stm32f40_41xxx.o ABSOLUTE
    ..\FWLIB\src\misc.c                      0x00000000   Number         0  misc.o ABSOLUTE
    ..\FWLIB\src\stm32f4xx_gpio.c            0x00000000   Number         0  stm32f4xx_gpio.o ABSOLUTE
    ..\FWLIB\src\stm32f4xx_rcc.c             0x00000000   Number         0  stm32f4xx_rcc.o ABSOLUTE
    ..\FWLIB\src\stm32f4xx_spi.c             0x00000000   Number         0  stm32f4xx_spi.o ABSOLUTE
    ..\FWLIB\src\stm32f4xx_syscfg.c          0x00000000   Number         0  stm32f4xx_syscfg.o ABSOLUTE
    ..\FWLIB\src\stm32f4xx_usart.c           0x00000000   Number         0  stm32f4xx_usart.o ABSOLUTE
    ..\HARDWARE\BEEP\beep.c                  0x00000000   Number         0  beep.o ABSOLUTE
    ..\HARDWARE\DIGITAL_TUBE\digital_tube.c  0x00000000   Number         0  digital_tube.o ABSOLUTE
    ..\HARDWARE\KEY\key.c                    0x00000000   Number         0  key.o ABSOLUTE
    ..\HARDWARE\LED\led.c                    0x00000000   Number         0  led.o ABSOLUTE
    ..\HARDWARE\MAX6675\max_6675.c           0x00000000   Number         0  max_6675.o ABSOLUTE
    ..\SYSTEM\delay\delay.c                  0x00000000   Number         0  delay.o ABSOLUTE
    ..\SYSTEM\sys\sys.c                      0x00000000   Number         0  sys.o ABSOLUTE
    ..\SYSTEM\usart\usart.c                  0x00000000   Number         0  usart.o ABSOLUTE
    ..\\FWLIB\\src\\misc.c                   0x00000000   Number         0  misc.o ABSOLUTE
    ..\\FWLIB\\src\\stm32f4xx_gpio.c         0x00000000   Number         0  stm32f4xx_gpio.o ABSOLUTE
    ..\\FWLIB\\src\\stm32f4xx_rcc.c          0x00000000   Number         0  stm32f4xx_rcc.o ABSOLUTE
    ..\\FWLIB\\src\\stm32f4xx_spi.c          0x00000000   Number         0  stm32f4xx_spi.o ABSOLUTE
    ..\\FWLIB\\src\\stm32f4xx_syscfg.c       0x00000000   Number         0  stm32f4xx_syscfg.o ABSOLUTE
    ..\\FWLIB\\src\\stm32f4xx_usart.c        0x00000000   Number         0  stm32f4xx_usart.o ABSOLUTE
    ..\\HARDWARE\\BEEP\\beep.c               0x00000000   Number         0  beep.o ABSOLUTE
    ..\\HARDWARE\\DIGITAL_TUBE\\digital_tube.c 0x00000000   Number         0  digital_tube.o ABSOLUTE
    ..\\HARDWARE\\KEY\\key.c                 0x00000000   Number         0  key.o ABSOLUTE
    ..\\HARDWARE\\LED\\led.c                 0x00000000   Number         0  led.o ABSOLUTE
    ..\\HARDWARE\\MAX6675\\max_6675.c        0x00000000   Number         0  max_6675.o ABSOLUTE
    ..\\SYSTEM\\delay\\delay.c               0x00000000   Number         0  delay.o ABSOLUTE
    ..\\SYSTEM\\sys\\sys.c                   0x00000000   Number         0  sys.o ABSOLUTE
    ..\\SYSTEM\\usart\\usart.c               0x00000000   Number         0  usart.o ABSOLUTE
    dc.s                                     0x00000000   Number         0  dc.o ABSOLUTE
    main.c                                   0x00000000   Number         0  main.o ABSOLUTE
    main.c                                   0x00000000   Number         0  main.o ABSOLUTE
    stm32f4xx_it.c                           0x00000000   Number         0  stm32f4xx_it.o ABSOLUTE
    stm32f4xx_it.c                           0x00000000   Number         0  stm32f4xx_it.o ABSOLUTE
    system_stm32f4xx.c                       0x00000000   Number         0  system_stm32f4xx.o ABSOLUTE
    system_stm32f4xx.c                       0x00000000   Number         0  system_stm32f4xx.o ABSOLUTE
    RESET                                    0x08000000   Section      392  startup_stm32f40_41xxx.o(RESET)
    !!!main                                  0x08000188   Section        8  __main.o(!!!main)
    !!!scatter                               0x08000190   Section       52  __scatter.o(!!!scatter)
    !!handler_copy                           0x080001c4   Section       26  __scatter_copy.o(!!handler_copy)
    !!handler_zi                             0x080001e0   Section       28  __scatter_zi.o(!!handler_zi)
    .ARM.Collect$$_printf_percent$$00000000  0x080001fc   Section        0  _printf_percent.o(.ARM.Collect$$_printf_percent$$00000000)
    .ARM.Collect$$_printf_percent$$00000003  0x080001fc   Section        6  _printf_f.o(.ARM.Collect$$_printf_percent$$00000003)
    .ARM.Collect$$_printf_percent$$00000009  0x08000202   Section        6  _printf_d.o(.ARM.Collect$$_printf_percent$$00000009)
    .ARM.Collect$$_printf_percent$$0000000C  0x08000208   Section        6  _printf_x.o(.ARM.Collect$$_printf_percent$$0000000C)
    .ARM.Collect$$_printf_percent$$00000017  0x0800020e   Section        4  _printf_percent_end.o(.ARM.Collect$$_printf_percent$$00000017)
    .ARM.Collect$$libinit$$00000000          0x08000212   Section        2  libinit.o(.ARM.Collect$$libinit$$00000000)
    .ARM.Collect$$libinit$$00000001          0x08000214   Section        4  libinit2.o(.ARM.Collect$$libinit$$00000001)
    .ARM.Collect$$libinit$$00000008          0x08000218   Section        0  libinit2.o(.ARM.Collect$$libinit$$00000008)
    .ARM.Collect$$libinit$$0000000A          0x08000218   Section        0  libinit2.o(.ARM.Collect$$libinit$$0000000A)
    .ARM.Collect$$libinit$$0000000C          0x08000218   Section        0  libinit2.o(.ARM.Collect$$libinit$$0000000C)
    .ARM.Collect$$libinit$$0000000D          0x08000218   Section        6  libinit2.o(.ARM.Collect$$libinit$$0000000D)
    .ARM.Collect$$libinit$$0000000F          0x0800021e   Section        0  libinit2.o(.ARM.Collect$$libinit$$0000000F)
    .ARM.Collect$$libinit$$00000011          0x0800021e   Section        0  libinit2.o(.ARM.Collect$$libinit$$00000011)
    .ARM.Collect$$libinit$$00000013          0x0800021e   Section        0  libinit2.o(.ARM.Collect$$libinit$$00000013)
    .ARM.Collect$$libinit$$00000014          0x0800021e   Section       10  libinit2.o(.ARM.Collect$$libinit$$00000014)
    .ARM.Collect$$libinit$$00000015          0x08000228   Section        0  libinit2.o(.ARM.Collect$$libinit$$00000015)
    .ARM.Collect$$libinit$$00000017          0x08000228   Section        0  libinit2.o(.ARM.Collect$$libinit$$00000017)
    .ARM.Collect$$libinit$$00000019          0x08000228   Section        0  libinit2.o(.ARM.Collect$$libinit$$00000019)
    .ARM.Collect$$libinit$$0000001B          0x08000228   Section        0  libinit2.o(.ARM.Collect$$libinit$$0000001B)
    .ARM.Collect$$libinit$$0000001D          0x08000228   Section        0  libinit2.o(.ARM.Collect$$libinit$$0000001D)
    .ARM.Collect$$libinit$$0000001F          0x08000228   Section        0  libinit2.o(.ARM.Collect$$libinit$$0000001F)
    .ARM.Collect$$libinit$$00000021          0x08000228   Section        0  libinit2.o(.ARM.Collect$$libinit$$00000021)
    .ARM.Collect$$libinit$$00000023          0x08000228   Section        0  libinit2.o(.ARM.Collect$$libinit$$00000023)
    .ARM.Collect$$libinit$$0000002A          0x08000228   Section        0  libinit2.o(.ARM.Collect$$libinit$$0000002A)
    .ARM.Collect$$libinit$$0000002C          0x08000228   Section        0  libinit2.o(.ARM.Collect$$libinit$$0000002C)
    .ARM.Collect$$libinit$$0000002E          0x08000228   Section        0  libinit2.o(.ARM.Collect$$libinit$$0000002E)
    .ARM.Collect$$libinit$$00000030          0x08000228   Section        0  libinit2.o(.ARM.Collect$$libinit$$00000030)
    .ARM.Collect$$libinit$$00000031          0x08000228   Section        2  libinit2.o(.ARM.Collect$$libinit$$00000031)
    .ARM.Collect$$libshutdown$$00000000      0x0800022a   Section        2  libshutdown.o(.ARM.Collect$$libshutdown$$00000000)
    .ARM.Collect$$libshutdown$$00000003      0x0800022c   Section        0  libshutdown2.o(.ARM.Collect$$libshutdown$$00000003)
    .ARM.Collect$$libshutdown$$00000006      0x0800022c   Section        0  libshutdown2.o(.ARM.Collect$$libshutdown$$00000006)
    .ARM.Collect$$libshutdown$$00000009      0x0800022c   Section        0  libshutdown2.o(.ARM.Collect$$libshutdown$$00000009)
    .ARM.Collect$$libshutdown$$0000000B      0x0800022c   Section        0  libshutdown2.o(.ARM.Collect$$libshutdown$$0000000B)
    .ARM.Collect$$libshutdown$$0000000E      0x0800022c   Section        0  libshutdown2.o(.ARM.Collect$$libshutdown$$0000000E)
    .ARM.Collect$$libshutdown$$0000000F      0x0800022c   Section        2  libshutdown2.o(.ARM.Collect$$libshutdown$$0000000F)
    .ARM.Collect$$rtentry$$00000000          0x0800022e   Section        0  rtentry.o(.ARM.Collect$$rtentry$$00000000)
    .ARM.Collect$$rtentry$$00000002          0x0800022e   Section        0  rtentry2.o(.ARM.Collect$$rtentry$$00000002)
    .ARM.Collect$$rtentry$$00000004          0x0800022e   Section        6  rtentry4.o(.ARM.Collect$$rtentry$$00000004)
    .ARM.Collect$$rtentry$$00000009          0x08000234   Section        0  rtentry2.o(.ARM.Collect$$rtentry$$00000009)
    .ARM.Collect$$rtentry$$0000000A          0x08000234   Section        4  rtentry2.o(.ARM.Collect$$rtentry$$0000000A)
    .ARM.Collect$$rtentry$$0000000C          0x08000238   Section        0  rtentry2.o(.ARM.Collect$$rtentry$$0000000C)
    .ARM.Collect$$rtentry$$0000000D          0x08000238   Section        8  rtentry2.o(.ARM.Collect$$rtentry$$0000000D)
    .ARM.Collect$$rtexit$$00000000           0x08000240   Section        2  rtexit.o(.ARM.Collect$$rtexit$$00000000)
    .ARM.Collect$$rtexit$$00000002           0x08000242   Section        0  rtexit2.o(.ARM.Collect$$rtexit$$00000002)
    .ARM.Collect$$rtexit$$00000003           0x08000242   Section        4  rtexit2.o(.ARM.Collect$$rtexit$$00000003)
    .ARM.Collect$$rtexit$$00000004           0x08000246   Section        6  rtexit2.o(.ARM.Collect$$rtexit$$00000004)
    .text                                    0x0800024c   Section        0  main.o(.text)
    .text                                    0x080002b0   Section        0  stm32f4xx_it.o(.text)
    .text                                    0x080002cc   Section        0  system_stm32f4xx.o(.text)
    SetSysClock                              0x080002cd   Thumb Code   220  system_stm32f4xx.o(.text)
    .text                                    0x080004dc   Section        0  led.o(.text)
    .text                                    0x0800051c   Section        0  digital_tube.o(.text)
    .text                                    0x080005dc   Section        0  max_6675.o(.text)
    .text                                    0x080007ec   Section        0  delay.o(.text)
    .text                                    0x080008f0   Section        0  usart.o(.text)
    .text                                    0x08000a44   Section       64  startup_stm32f40_41xxx.o(.text)
    $v0                                      0x08000a44   Number         0  startup_stm32f40_41xxx.o(.text)
    .text                                    0x08000a84   Section        0  misc.o(.text)
    .text                                    0x08000b64   Section        0  stm32f4xx_gpio.o(.text)
    .text                                    0x08000df8   Section        0  stm32f4xx_rcc.o(.text)
    .text                                    0x08001454   Section        0  stm32f4xx_usart.o(.text)
    .text                                    0x080018a8   Section        0  stm32f4xx_spi.o(.text)
    .text                                    0x08001d28   Section        2  use_no_semi_2.o(.text)
    .text                                    0x08001d2c   Section        0  noretval__2printf.o(.text)
    .text                                    0x08001d44   Section        0  _printf_pad.o(.text)
    .text                                    0x08001d94   Section        0  _printf_dec.o(.text)
    .text                                    0x08001e08   Section        0  _printf_hex_int.o(.text)
    .text                                    0x08001e60   Section        0  __printf_flags_wp.o(.text)
    .text                                    0x08001f98   Section        0  heapauxi.o(.text)
    .text                                    0x08001f9e   Section        2  use_no_semi.o(.text)
    .text                                    0x08001fa0   Section        0  _printf_intcommon.o(.text)
    .text                                    0x08002052   Section        0  _printf_fp_dec.o(.text)
    _fp_digits                               0x08002055   Thumb Code   428  _printf_fp_dec.o(.text)
    .text                                    0x08002468   Section        0  _printf_char_file.o(.text)
    .text                                    0x0800248c   Section        8  rt_locale_intlibspace.o(.text)
    .text                                    0x08002494   Section      138  lludiv10.o(.text)
    .text                                    0x08002520   Section        0  _printf_char_common.o(.text)
    _printf_input_char                       0x08002521   Thumb Code    10  _printf_char_common.o(.text)
    .text                                    0x08002550   Section        0  _printf_fp_infnan.o(.text)
    .text                                    0x080025d0   Section        0  bigflt0.o(.text)
    .text                                    0x080026a8   Section        0  ferror.o(.text)
    .text                                    0x080026b0   Section        8  libspace.o(.text)
    .text                                    0x080026b8   Section       74  sys_stackheap_outer.o(.text)
    .text                                    0x08002702   Section        0  exit.o(.text)
    .text                                    0x08002710   Section      128  strcmpv7m.o(.text)
    CL$$btod_d2e                             0x08002790   Section       62  btod.o(CL$$btod_d2e)
    CL$$btod_d2e_denorm_low                  0x080027ce   Section       70  btod.o(CL$$btod_d2e_denorm_low)
    CL$$btod_d2e_norm_op1                    0x08002814   Section       96  btod.o(CL$$btod_d2e_norm_op1)
    CL$$btod_div_common                      0x08002874   Section      824  btod.o(CL$$btod_div_common)
    CL$$btod_e2e                             0x08002bac   Section      198  btod.o(CL$$btod_e2e)
    CL$$btod_ediv                            0x08002c72   Section       40  btod.o(CL$$btod_ediv)
    CL$$btod_emul                            0x08002c9a   Section       40  btod.o(CL$$btod_emul)
    CL$$btod_mult_common                     0x08002cc2   Section      580  btod.o(CL$$btod_mult_common)
    i.__ARM_fpclassify                       0x08002f06   Section        0  fpclassify.o(i.__ARM_fpclassify)
    i._is_digit                              0x08002f36   Section        0  __printf_wp.o(i._is_digit)
    locale$$code                             0x08002f44   Section       44  lc_numeric_c.o(locale$$code)
    x$fpl$d2f                                0x08002f70   Section       98  d2f.o(x$fpl$d2f)
    $v0                                      0x08002f70   Number         0  d2f.o(x$fpl$d2f)
    x$fpl$dfltu                              0x08002fd2   Section       38  dflt_clz.o(x$fpl$dfltu)
    $v0                                      0x08002fd2   Number         0  dflt_clz.o(x$fpl$dfltu)
    x$fpl$dmul                               0x08002ff8   Section      340  dmul.o(x$fpl$dmul)
    $v0                                      0x08002ff8   Number         0  dmul.o(x$fpl$dmul)
    x$fpl$dnaninf                            0x0800314c   Section      156  dnaninf.o(x$fpl$dnaninf)
    $v0                                      0x0800314c   Number         0  dnaninf.o(x$fpl$dnaninf)
    x$fpl$dretinf                            0x080031e8   Section       12  dretinf.o(x$fpl$dretinf)
    $v0                                      0x080031e8   Number         0  dretinf.o(x$fpl$dretinf)
    x$fpl$f2d                                0x080031f4   Section       86  f2d.o(x$fpl$f2d)
    $v0                                      0x080031f4   Number         0  f2d.o(x$fpl$f2d)
    x$fpl$fnaninf                            0x0800324a   Section      140  fnaninf.o(x$fpl$fnaninf)
    $v0                                      0x0800324a   Number         0  fnaninf.o(x$fpl$fnaninf)
    x$fpl$fpinit                             0x080032d6   Section       10  fpinit.o(x$fpl$fpinit)
    $v0                                      0x080032d6   Number         0  fpinit.o(x$fpl$fpinit)
    x$fpl$fretinf                            0x080032e0   Section       10  fretinf.o(x$fpl$fretinf)
    $v0                                      0x080032e0   Number         0  fretinf.o(x$fpl$fretinf)
    x$fpl$printf1                            0x080032ea   Section        4  printf1.o(x$fpl$printf1)
    $v0                                      0x080032ea   Number         0  printf1.o(x$fpl$printf1)
    .constdata                               0x080032ee   Section       40  _printf_hex_int.o(.constdata)
    x$fpl$usenofp                            0x080032ee   Section        0  usenofp.o(x$fpl$usenofp)
    uc_hextab                                0x080032ee   Data          20  _printf_hex_int.o(.constdata)
    lc_hextab                                0x08003302   Data          20  _printf_hex_int.o(.constdata)
    .constdata                               0x08003316   Section       17  __printf_flags_wp.o(.constdata)
    maptable                                 0x08003316   Data          17  __printf_flags_wp.o(.constdata)
    .constdata                               0x08003328   Section      148  bigflt0.o(.constdata)
    tenpwrs_x                                0x08003328   Data          60  bigflt0.o(.constdata)
    tenpwrs_i                                0x08003364   Data          64  bigflt0.o(.constdata)
    .conststring                             0x080033bc   Section       75  digital_tube.o(.conststring)
    locale$$data                             0x08003428   Section       28  lc_numeric_c.o(locale$$data)
    __lcnum_c_name                           0x0800342c   Data           2  lc_numeric_c.o(locale$$data)
    __lcnum_c_start                          0x08003434   Data           0  lc_numeric_c.o(locale$$data)
    __lcnum_c_point                          0x08003440   Data           0  lc_numeric_c.o(locale$$data)
    __lcnum_c_thousands                      0x08003442   Data           0  lc_numeric_c.o(locale$$data)
    __lcnum_c_grouping                       0x08003443   Data           0  lc_numeric_c.o(locale$$data)
    __lcnum_c_end                            0x08003444   Data           0  lc_numeric_c.o(locale$$data)
    .data                                    0x20000000   Section        4  main.o(.data)
    .data                                    0x20000004   Section       20  system_stm32f4xx.o(.data)
    .data                                    0x20000018   Section       21  digital_tube.o(.data)
    .data                                    0x2000002e   Section        4  delay.o(.data)
    fac_us                                   0x2000002e   Data           1  delay.o(.data)
    fac_ms                                   0x20000030   Data           2  delay.o(.data)
    .data                                    0x20000034   Section        6  usart.o(.data)
    .data                                    0x2000003a   Section       16  stm32f4xx_rcc.o(.data)
    APBAHBPrescTable                         0x2000003a   Data          16  stm32f4xx_rcc.o(.data)
    .bss                                     0x2000004c   Section      200  usart.o(.bss)
    .bss                                     0x20000114   Section       96  libspace.o(.bss)
    HEAP                                     0x20000178   Section      512  startup_stm32f40_41xxx.o(HEAP)
    Heap_Mem                                 0x20000178   Data         512  startup_stm32f40_41xxx.o(HEAP)
    STACK                                    0x20000378   Section     1024  startup_stm32f40_41xxx.o(STACK)
    Stack_Mem                                0x20000378   Data        1024  startup_stm32f40_41xxx.o(STACK)
    __initial_sp                             0x20000778   Data           0  startup_stm32f40_41xxx.o(STACK)

    Global Symbols

    Symbol Name                              Value     Ov Type        Size  Object(Section)

    BuildAttributes$$THM_ISAv4$E$P$D$K$B$S$7EM$VFPi3$EXTD16$VFPS$VFMA$PE$A:L22UL41UL21$X:L11$S22US41US21$IEEE1$IW$USESV6$~STKCKD$USESV7$~SHL$OTIME$ROPI$IEEEJ$EBA8$UX$STANDARDLIB$REQ8$PRES8$EABIv2 0x00000000   Number         0  anon$$obj.o ABSOLUTE
    __ARM_use_no_argv                        0x00000000   Number         0  main.o ABSOLUTE
    _printf_flags                            0x00000000   Number         0  printf_stubs.o ABSOLUTE
    _printf_return_value                     0x00000000   Number         0  printf_stubs.o ABSOLUTE
    _printf_sizespec                         0x00000000   Number         0  printf_stubs.o ABSOLUTE
    _printf_widthprec                        0x00000000   Number         0  printf_stubs.o ABSOLUTE
    __ARM_exceptions_init                     - Undefined Weak Reference
    __alloca_initialize                       - Undefined Weak Reference
    __cpp_initialize__aeabi_                  - Undefined Weak Reference
    __cxa_finalize                            - Undefined Weak Reference
    __sigvec_lookup                           - Undefined Weak Reference
    _atexit_init                              - Undefined Weak Reference
    _call_atexit_fns                          - Undefined Weak Reference
    _clock_init                               - Undefined Weak Reference
    _fp_trap_init                             - Undefined Weak Reference
    _fp_trap_shutdown                         - Undefined Weak Reference
    _get_lc_collate                           - Undefined Weak Reference
    _get_lc_ctype                             - Undefined Weak Reference
    _get_lc_monetary                          - Undefined Weak Reference
    _get_lc_time                              - Undefined Weak Reference
    _getenv_init                              - Undefined Weak Reference
    _handle_redirection                       - Undefined Weak Reference
    _init_alloc                               - Undefined Weak Reference
    _init_user_alloc                          - Undefined Weak Reference
    _initio                                   - Undefined Weak Reference
    _mutex_acquire                            - Undefined Weak Reference
    _mutex_release                            - Undefined Weak Reference
    _printf_truncate_signed                   - Undefined Weak Reference
    _printf_truncate_unsigned                 - Undefined Weak Reference
    _rand_init                                - Undefined Weak Reference
    _signal_finish                            - Undefined Weak Reference
    _signal_init                              - Undefined Weak Reference
    _terminate_alloc                          - Undefined Weak Reference
    _terminate_user_alloc                     - Undefined Weak Reference
    _terminateio                              - Undefined Weak Reference
    __Vectors_Size                           0x00000188   Number         0  startup_stm32f40_41xxx.o ABSOLUTE
    __Vectors                                0x08000000   Data           4  startup_stm32f40_41xxx.o(RESET)
    __Vectors_End                            0x08000188   Data           0  startup_stm32f40_41xxx.o(RESET)
    __main                                   0x08000189   Thumb Code     8  __main.o(!!!main)
    __scatterload                            0x08000191   Thumb Code     0  __scatter.o(!!!scatter)
    __scatterload_rt2                        0x08000191   Thumb Code    44  __scatter.o(!!!scatter)
    __scatterload_rt2_thumb_only             0x08000191   Thumb Code     0  __scatter.o(!!!scatter)
    __scatterload_null                       0x0800019f   Thumb Code     0  __scatter.o(!!!scatter)
    __scatterload_copy                       0x080001c5   Thumb Code    26  __scatter_copy.o(!!handler_copy)
    __scatterload_zeroinit                   0x080001e1   Thumb Code    28  __scatter_zi.o(!!handler_zi)
    _printf_f                                0x080001fd   Thumb Code     0  _printf_f.o(.ARM.Collect$$_printf_percent$$00000003)
    _printf_percent                          0x080001fd   Thumb Code     0  _printf_percent.o(.ARM.Collect$$_printf_percent$$00000000)
    _printf_d                                0x08000203   Thumb Code     0  _printf_d.o(.ARM.Collect$$_printf_percent$$00000009)
    _printf_x                                0x08000209   Thumb Code     0  _printf_x.o(.ARM.Collect$$_printf_percent$$0000000C)
    _printf_percent_end                      0x0800020f   Thumb Code     0  _printf_percent_end.o(.ARM.Collect$$_printf_percent$$00000017)
    __rt_lib_init                            0x08000213   Thumb Code     0  libinit.o(.ARM.Collect$$libinit$$00000000)
    __rt_lib_init_fp_1                       0x08000215   Thumb Code     0  libinit2.o(.ARM.Collect$$libinit$$00000001)
    __rt_lib_init_heap_1                     0x08000219   Thumb Code     0  libinit2.o(.ARM.Collect$$libinit$$00000008)
    __rt_lib_init_lc_common                  0x08000219   Thumb Code     0  libinit2.o(.ARM.Collect$$libinit$$0000000D)
    __rt_lib_init_rand_1                     0x08000219   Thumb Code     0  libinit2.o(.ARM.Collect$$libinit$$0000000C)
    __rt_lib_init_user_alloc_1               0x08000219   Thumb Code     0  libinit2.o(.ARM.Collect$$libinit$$0000000A)
    __rt_lib_init_lc_collate_1               0x0800021f   Thumb Code     0  libinit2.o(.ARM.Collect$$libinit$$0000000F)
    __rt_lib_init_lc_ctype_1                 0x0800021f   Thumb Code     0  libinit2.o(.ARM.Collect$$libinit$$00000011)
    __rt_lib_init_lc_monetary_1              0x0800021f   Thumb Code     0  libinit2.o(.ARM.Collect$$libinit$$00000013)
    __rt_lib_init_lc_numeric_2               0x0800021f   Thumb Code     0  libinit2.o(.ARM.Collect$$libinit$$00000014)
    __rt_lib_init_alloca_1                   0x08000229   Thumb Code     0  libinit2.o(.ARM.Collect$$libinit$$0000002C)
    __rt_lib_init_argv_1                     0x08000229   Thumb Code     0  libinit2.o(.ARM.Collect$$libinit$$0000002A)
    __rt_lib_init_atexit_1                   0x08000229   Thumb Code     0  libinit2.o(.ARM.Collect$$libinit$$00000019)
    __rt_lib_init_clock_1                    0x08000229   Thumb Code     0  libinit2.o(.ARM.Collect$$libinit$$0000001F)
    __rt_lib_init_cpp_1                      0x08000229   Thumb Code     0  libinit2.o(.ARM.Collect$$libinit$$00000030)
    __rt_lib_init_exceptions_1               0x08000229   Thumb Code     0  libinit2.o(.ARM.Collect$$libinit$$0000002E)
    __rt_lib_init_fp_trap_1                  0x08000229   Thumb Code     0  libinit2.o(.ARM.Collect$$libinit$$0000001D)
    __rt_lib_init_getenv_1                   0x08000229   Thumb Code     0  libinit2.o(.ARM.Collect$$libinit$$00000021)
    __rt_lib_init_lc_numeric_1               0x08000229   Thumb Code     0  libinit2.o(.ARM.Collect$$libinit$$00000015)
    __rt_lib_init_lc_time_1                  0x08000229   Thumb Code     0  libinit2.o(.ARM.Collect$$libinit$$00000017)
    __rt_lib_init_return                     0x08000229   Thumb Code     0  libinit2.o(.ARM.Collect$$libinit$$00000031)
    __rt_lib_init_signal_1                   0x08000229   Thumb Code     0  libinit2.o(.ARM.Collect$$libinit$$0000001B)
    __rt_lib_init_stdio_1                    0x08000229   Thumb Code     0  libinit2.o(.ARM.Collect$$libinit$$00000023)
    __rt_lib_shutdown                        0x0800022b   Thumb Code     0  libshutdown.o(.ARM.Collect$$libshutdown$$00000000)
    __rt_lib_shutdown_fp_trap_1              0x0800022d   Thumb Code     0  libshutdown2.o(.ARM.Collect$$libshutdown$$00000006)
    __rt_lib_shutdown_heap_1                 0x0800022d   Thumb Code     0  libshutdown2.o(.ARM.Collect$$libshutdown$$0000000E)
    __rt_lib_shutdown_return                 0x0800022d   Thumb Code     0  libshutdown2.o(.ARM.Collect$$libshutdown$$0000000F)
    __rt_lib_shutdown_signal_1               0x0800022d   Thumb Code     0  libshutdown2.o(.ARM.Collect$$libshutdown$$00000009)
    __rt_lib_shutdown_stdio_1                0x0800022d   Thumb Code     0  libshutdown2.o(.ARM.Collect$$libshutdown$$00000003)
    __rt_lib_shutdown_user_alloc_1           0x0800022d   Thumb Code     0  libshutdown2.o(.ARM.Collect$$libshutdown$$0000000B)
    __rt_entry                               0x0800022f   Thumb Code     0  rtentry.o(.ARM.Collect$$rtentry$$00000000)
    __rt_entry_presh_1                       0x0800022f   Thumb Code     0  rtentry2.o(.ARM.Collect$$rtentry$$00000002)
    __rt_entry_sh                            0x0800022f   Thumb Code     0  rtentry4.o(.ARM.Collect$$rtentry$$00000004)
    __rt_entry_li                            0x08000235   Thumb Code     0  rtentry2.o(.ARM.Collect$$rtentry$$0000000A)
    __rt_entry_postsh_1                      0x08000235   Thumb Code     0  rtentry2.o(.ARM.Collect$$rtentry$$00000009)
    __rt_entry_main                          0x08000239   Thumb Code     0  rtentry2.o(.ARM.Collect$$rtentry$$0000000D)
    __rt_entry_postli_1                      0x08000239   Thumb Code     0  rtentry2.o(.ARM.Collect$$rtentry$$0000000C)
    __rt_exit                                0x08000241   Thumb Code     0  rtexit.o(.ARM.Collect$$rtexit$$00000000)
    __rt_exit_ls                             0x08000243   Thumb Code     0  rtexit2.o(.ARM.Collect$$rtexit$$00000003)
    __rt_exit_prels_1                        0x08000243   Thumb Code     0  rtexit2.o(.ARM.Collect$$rtexit$$00000002)
    __rt_exit_exit                           0x08000247   Thumb Code     0  rtexit2.o(.ARM.Collect$$rtexit$$00000004)
    main                                     0x0800024d   Thumb Code    76  main.o(.text)
    NMI_Handler                              0x080002b1   Thumb Code     2  stm32f4xx_it.o(.text)
    HardFault_Handler                        0x080002b3   Thumb Code     4  stm32f4xx_it.o(.text)
    MemManage_Handler                        0x080002b7   Thumb Code     4  stm32f4xx_it.o(.text)
    BusFault_Handler                         0x080002bb   Thumb Code     4  stm32f4xx_it.o(.text)
    UsageFault_Handler                       0x080002bf   Thumb Code     4  stm32f4xx_it.o(.text)
    SVC_Handler                              0x080002c3   Thumb Code     2  stm32f4xx_it.o(.text)
    DebugMon_Handler                         0x080002c5   Thumb Code     2  stm32f4xx_it.o(.text)
    PendSV_Handler                           0x080002c7   Thumb Code     2  stm32f4xx_it.o(.text)
    SysTick_Handler                          0x080002c9   Thumb Code     2  stm32f4xx_it.o(.text)
    SystemInit                               0x080003a9   Thumb Code    88  system_stm32f4xx.o(.text)
    SystemCoreClockUpdate                    0x08000401   Thumb Code   174  system_stm32f4xx.o(.text)
    LED_Init                                 0x080004dd   Thumb Code    60  led.o(.text)
    digital_tube_Init                        0x0800051d   Thumb Code    60  digital_tube.o(.text)
    digital_tube_display_bit                 0x08000559   Thumb Code    22  digital_tube.o(.text)
    digital_tube_display_one                 0x0800056f   Thumb Code    56  digital_tube.o(.text)
    digital_tube_display                     0x080005a7   Thumb Code    38  digital_tube.o(.text)
    SPI_MAX6675_Init                         0x080005dd   Thumb Code   178  max_6675.o(.text)
    MAX6675_ReadByte                         0x0800068f   Thumb Code    48  max_6675.o(.text)
    max_6675_main                            0x080006bf   Thumb Code   144  max_6675.o(.text)
    delay_init                               0x080007ed   Thumb Code    52  delay.o(.text)
    delay_us                                 0x08000821   Thumb Code    72  delay.o(.text)
    delay_xms                                0x08000869   Thumb Code    72  delay.o(.text)
    delay_ms                                 0x080008b1   Thumb Code    56  delay.o(.text)
    _sys_exit                                0x080008f1   Thumb Code     6  usart.o(.text)
    fputc                                    0x080008f7   Thumb Code    22  usart.o(.text)
    uart_init                                0x0800090d   Thumb Code   172  usart.o(.text)
    USART1_IRQHandler                        0x080009b9   Thumb Code   122  usart.o(.text)
    Reset_Handler                            0x08000a45   Thumb Code     8  startup_stm32f40_41xxx.o(.text)
    ADC_IRQHandler                           0x08000a5f   Thumb Code     0  startup_stm32f40_41xxx.o(.text)
    CAN1_RX0_IRQHandler                      0x08000a5f   Thumb Code     0  startup_stm32f40_41xxx.o(.text)
    CAN1_RX1_IRQHandler                      0x08000a5f   Thumb Code     0  startup_stm32f40_41xxx.o(.text)
    CAN1_SCE_IRQHandler                      0x08000a5f   Thumb Code     0  startup_stm32f40_41xxx.o(.text)
    CAN1_TX_IRQHandler                       0x08000a5f   Thumb Code     0  startup_stm32f40_41xxx.o(.text)
    CAN2_RX0_IRQHandler                      0x08000a5f   Thumb Code     0  startup_stm32f40_41xxx.o(.text)
    CAN2_RX1_IRQHandler                      0x08000a5f   Thumb Code     0  startup_stm32f40_41xxx.o(.text)
    CAN2_SCE_IRQHandler                      0x08000a5f   Thumb Code     0  startup_stm32f40_41xxx.o(.text)
    CAN2_TX_IRQHandler                       0x08000a5f   Thumb Code     0  startup_stm32f40_41xxx.o(.text)
    CRYP_IRQHandler                          0x08000a5f   Thumb Code     0  startup_stm32f40_41xxx.o(.text)
    DCMI_IRQHandler                          0x08000a5f   Thumb Code     0  startup_stm32f40_41xxx.o(.text)
    DMA1_Stream0_IRQHandler                  0x08000a5f   Thumb Code     0  startup_stm32f40_41xxx.o(.text)
    DMA1_Stream1_IRQHandler                  0x08000a5f   Thumb Code     0  startup_stm32f40_41xxx.o(.text)
    DMA1_Stream2_IRQHandler                  0x08000a5f   Thumb Code     0  startup_stm32f40_41xxx.o(.text)
    DMA1_Stream3_IRQHandler                  0x08000a5f   Thumb Code     0  startup_stm32f40_41xxx.o(.text)
    DMA1_Stream4_IRQHandler                  0x08000a5f   Thumb Code     0  startup_stm32f40_41xxx.o(.text)
    DMA1_Stream5_IRQHandler                  0x08000a5f   Thumb Code     0  startup_stm32f40_41xxx.o(.text)
    DMA1_Stream6_IRQHandler                  0x08000a5f   Thumb Code     0  startup_stm32f40_41xxx.o(.text)
    DMA1_Stream7_IRQHandler                  0x08000a5f   Thumb Code     0  startup_stm32f40_41xxx.o(.text)
    DMA2_Stream0_IRQHandler                  0x08000a5f   Thumb Code     0  startup_stm32f40_41xxx.o(.text)
    DMA2_Stream1_IRQHandler                  0x08000a5f   Thumb Code     0  startup_stm32f40_41xxx.o(.text)
    DMA2_Stream2_IRQHandler                  0x08000a5f   Thumb Code     0  startup_stm32f40_41xxx.o(.text)
    DMA2_Stream3_IRQHandler                  0x08000a5f   Thumb Code     0  startup_stm32f40_41xxx.o(.text)
    DMA2_Stream4_IRQHandler                  0x08000a5f   Thumb Code     0  startup_stm32f40_41xxx.o(.text)
    DMA2_Stream5_IRQHandler                  0x08000a5f   Thumb Code     0  startup_stm32f40_41xxx.o(.text)
    DMA2_Stream6_IRQHandler                  0x08000a5f   Thumb Code     0  startup_stm32f40_41xxx.o(.text)
    DMA2_Stream7_IRQHandler                  0x08000a5f   Thumb Code     0  startup_stm32f40_41xxx.o(.text)
    ETH_IRQHandler                           0x08000a5f   Thumb Code     0  startup_stm32f40_41xxx.o(.text)
    ETH_WKUP_IRQHandler                      0x08000a5f   Thumb Code     0  startup_stm32f40_41xxx.o(.text)
    EXTI0_IRQHandler                         0x08000a5f   Thumb Code     0  startup_stm32f40_41xxx.o(.text)
    EXTI15_10_IRQHandler                     0x08000a5f   Thumb Code     0  startup_stm32f40_41xxx.o(.text)
    EXTI1_IRQHandler                         0x08000a5f   Thumb Code     0  startup_stm32f40_41xxx.o(.text)
    EXTI2_IRQHandler                         0x08000a5f   Thumb Code     0  startup_stm32f40_41xxx.o(.text)
    EXTI3_IRQHandler                         0x08000a5f   Thumb Code     0  startup_stm32f40_41xxx.o(.text)
    EXTI4_IRQHandler                         0x08000a5f   Thumb Code     0  startup_stm32f40_41xxx.o(.text)
    EXTI9_5_IRQHandler                       0x08000a5f   Thumb Code     0  startup_stm32f40_41xxx.o(.text)
    FLASH_IRQHandler                         0x08000a5f   Thumb Code     0  startup_stm32f40_41xxx.o(.text)
    FPU_IRQHandler                           0x08000a5f   Thumb Code     0  startup_stm32f40_41xxx.o(.text)
    FSMC_IRQHandler                          0x08000a5f   Thumb Code     0  startup_stm32f40_41xxx.o(.text)
    HASH_RNG_IRQHandler                      0x08000a5f   Thumb Code     0  startup_stm32f40_41xxx.o(.text)
    I2C1_ER_IRQHandler                       0x08000a5f   Thumb Code     0  startup_stm32f40_41xxx.o(.text)
    I2C1_EV_IRQHandler                       0x08000a5f   Thumb Code     0  startup_stm32f40_41xxx.o(.text)
    I2C2_ER_IRQHandler                       0x08000a5f   Thumb Code     0  startup_stm32f40_41xxx.o(.text)
    I2C2_EV_IRQHandler                       0x08000a5f   Thumb Code     0  startup_stm32f40_41xxx.o(.text)
    I2C3_ER_IRQHandler                       0x08000a5f   Thumb Code     0  startup_stm32f40_41xxx.o(.text)
    I2C3_EV_IRQHandler                       0x08000a5f   Thumb Code     0  startup_stm32f40_41xxx.o(.text)
    OTG_FS_IRQHandler                        0x08000a5f   Thumb Code     0  startup_stm32f40_41xxx.o(.text)
    OTG_FS_WKUP_IRQHandler                   0x08000a5f   Thumb Code     0  startup_stm32f40_41xxx.o(.text)
    OTG_HS_EP1_IN_IRQHandler                 0x08000a5f   Thumb Code     0  startup_stm32f40_41xxx.o(.text)
    OTG_HS_EP1_OUT_IRQHandler                0x08000a5f   Thumb Code     0  startup_stm32f40_41xxx.o(.text)
    OTG_HS_IRQHandler                        0x08000a5f   Thumb Code     0  startup_stm32f40_41xxx.o(.text)
    OTG_HS_WKUP_IRQHandler                   0x08000a5f   Thumb Code     0  startup_stm32f40_41xxx.o(.text)
    PVD_IRQHandler                           0x08000a5f   Thumb Code     0  startup_stm32f40_41xxx.o(.text)
    RCC_IRQHandler                           0x08000a5f   Thumb Code     0  startup_stm32f40_41xxx.o(.text)
    RTC_Alarm_IRQHandler                     0x08000a5f   Thumb Code     0  startup_stm32f40_41xxx.o(.text)
    RTC_WKUP_IRQHandler                      0x08000a5f   Thumb Code     0  startup_stm32f40_41xxx.o(.text)
    SDIO_IRQHandler                          0x08000a5f   Thumb Code     0  startup_stm32f40_41xxx.o(.text)
    SPI1_IRQHandler                          0x08000a5f   Thumb Code     0  startup_stm32f40_41xxx.o(.text)
    SPI2_IRQHandler                          0x08000a5f   Thumb Code     0  startup_stm32f40_41xxx.o(.text)
    SPI3_IRQHandler                          0x08000a5f   Thumb Code     0  startup_stm32f40_41xxx.o(.text)
    TAMP_STAMP_IRQHandler                    0x08000a5f   Thumb Code     0  startup_stm32f40_41xxx.o(.text)
    TIM1_BRK_TIM9_IRQHandler                 0x08000a5f   Thumb Code     0  startup_stm32f40_41xxx.o(.text)
    TIM1_CC_IRQHandler                       0x08000a5f   Thumb Code     0  startup_stm32f40_41xxx.o(.text)
    TIM1_TRG_COM_TIM11_IRQHandler            0x08000a5f   Thumb Code     0  startup_stm32f40_41xxx.o(.text)
    TIM1_UP_TIM10_IRQHandler                 0x08000a5f   Thumb Code     0  startup_stm32f40_41xxx.o(.text)
    TIM2_IRQHandler                          0x08000a5f   Thumb Code     0  startup_stm32f40_41xxx.o(.text)
    TIM3_IRQHandler                          0x08000a5f   Thumb Code     0  startup_stm32f40_41xxx.o(.text)
    TIM4_IRQHandler                          0x08000a5f   Thumb Code     0  startup_stm32f40_41xxx.o(.text)
    TIM5_IRQHandler                          0x08000a5f   Thumb Code     0  startup_stm32f40_41xxx.o(.text)
    TIM6_DAC_IRQHandler                      0x08000a5f   Thumb Code     0  startup_stm32f40_41xxx.o(.text)
    TIM7_IRQHandler                          0x08000a5f   Thumb Code     0  startup_stm32f40_41xxx.o(.text)
    TIM8_BRK_TIM12_IRQHandler                0x08000a5f   Thumb Code     0  startup_stm32f40_41xxx.o(.text)
    TIM8_CC_IRQHandler                       0x08000a5f   Thumb Code     0  startup_stm32f40_41xxx.o(.text)
    TIM8_TRG_COM_TIM14_IRQHandler            0x08000a5f   Thumb Code     0  startup_stm32f40_41xxx.o(.text)
    TIM8_UP_TIM13_IRQHandler                 0x08000a5f   Thumb Code     0  startup_stm32f40_41xxx.o(.text)
    UART4_IRQHandler                         0x08000a5f   Thumb Code     0  startup_stm32f40_41xxx.o(.text)
    UART5_IRQHandler                         0x08000a5f   Thumb Code     0  startup_stm32f40_41xxx.o(.text)
    USART2_IRQHandler                        0x08000a5f   Thumb Code     0  startup_stm32f40_41xxx.o(.text)
    USART3_IRQHandler                        0x08000a5f   Thumb Code     0  startup_stm32f40_41xxx.o(.text)
    USART6_IRQHandler                        0x08000a5f   Thumb Code     0  startup_stm32f40_41xxx.o(.text)
    WWDG_IRQHandler                          0x08000a5f   Thumb Code     0  startup_stm32f40_41xxx.o(.text)
    __user_initial_stackheap                 0x08000a61   Thumb Code     0  startup_stm32f40_41xxx.o(.text)
    NVIC_PriorityGroupConfig                 0x08000a85   Thumb Code    10  misc.o(.text)
    NVIC_Init                                0x08000a8f   Thumb Code   106  misc.o(.text)
    NVIC_SetVectorTable                      0x08000af9   Thumb Code    14  misc.o(.text)
    NVIC_SystemLPConfig                      0x08000b07   Thumb Code    34  misc.o(.text)
    SysTick_CLKSourceConfig                  0x08000b29   Thumb Code    40  misc.o(.text)
    GPIO_DeInit                              0x08000b65   Thumb Code   268  stm32f4xx_gpio.o(.text)
    GPIO_Init                                0x08000c71   Thumb Code   144  stm32f4xx_gpio.o(.text)
    GPIO_StructInit                          0x08000d01   Thumb Code    18  stm32f4xx_gpio.o(.text)
    GPIO_PinLockConfig                       0x08000d13   Thumb Code    34  stm32f4xx_gpio.o(.text)
    GPIO_ReadInputDataBit                    0x08000d35   Thumb Code    18  stm32f4xx_gpio.o(.text)
    GPIO_ReadInputData                       0x08000d47   Thumb Code     8  stm32f4xx_gpio.o(.text)
    GPIO_ReadOutputDataBit                   0x08000d4f   Thumb Code    18  stm32f4xx_gpio.o(.text)
    GPIO_ReadOutputData                      0x08000d61   Thumb Code     8  stm32f4xx_gpio.o(.text)
    GPIO_SetBits                             0x08000d69   Thumb Code     4  stm32f4xx_gpio.o(.text)
    GPIO_ResetBits                           0x08000d6d   Thumb Code     4  stm32f4xx_gpio.o(.text)
    GPIO_WriteBit                            0x08000d71   Thumb Code    10  stm32f4xx_gpio.o(.text)
    GPIO_Write                               0x08000d7b   Thumb Code     4  stm32f4xx_gpio.o(.text)
    GPIO_ToggleBits                          0x08000d7f   Thumb Code     8  stm32f4xx_gpio.o(.text)
    GPIO_PinAFConfig                         0x08000d87   Thumb Code    70  stm32f4xx_gpio.o(.text)
    RCC_DeInit                               0x08000df9   Thumb Code    82  stm32f4xx_rcc.o(.text)
    RCC_HSEConfig                            0x08000e4b   Thumb Code    14  stm32f4xx_rcc.o(.text)
    RCC_GetFlagStatus                        0x08000e59   Thumb Code    60  stm32f4xx_rcc.o(.text)
    RCC_WaitForHSEStartUp                    0x08000e95   Thumb Code    56  stm32f4xx_rcc.o(.text)
    RCC_AdjustHSICalibrationValue            0x08000ecd   Thumb Code    20  stm32f4xx_rcc.o(.text)
    RCC_HSICmd                               0x08000ee1   Thumb Code     6  stm32f4xx_rcc.o(.text)
    RCC_LSEConfig                            0x08000ee7   Thumb Code    46  stm32f4xx_rcc.o(.text)
    RCC_LSICmd                               0x08000f15   Thumb Code     6  stm32f4xx_rcc.o(.text)
    RCC_PLLConfig                            0x08000f1b   Thumb Code    32  stm32f4xx_rcc.o(.text)
    RCC_PLLCmd                               0x08000f3b   Thumb Code     6  stm32f4xx_rcc.o(.text)
    RCC_PLLI2SConfig                         0x08000f41   Thumb Code    14  stm32f4xx_rcc.o(.text)
    RCC_PLLI2SCmd                            0x08000f4f   Thumb Code     6  stm32f4xx_rcc.o(.text)
    RCC_PLLSAIConfig                         0x08000f55   Thumb Code    20  stm32f4xx_rcc.o(.text)
    RCC_PLLSAICmd                            0x08000f69   Thumb Code     6  stm32f4xx_rcc.o(.text)
    RCC_ClockSecuritySystemCmd               0x08000f6f   Thumb Code     6  stm32f4xx_rcc.o(.text)
    RCC_MCO1Config                           0x08000f75   Thumb Code    28  stm32f4xx_rcc.o(.text)
    RCC_MCO2Config                           0x08000f91   Thumb Code    28  stm32f4xx_rcc.o(.text)
    RCC_SYSCLKConfig                         0x08000fad   Thumb Code    20  stm32f4xx_rcc.o(.text)
    RCC_GetSYSCLKSource                      0x08000fc1   Thumb Code    12  stm32f4xx_rcc.o(.text)
    RCC_HCLKConfig                           0x08000fcd   Thumb Code    20  stm32f4xx_rcc.o(.text)
    RCC_PCLK1Config                          0x08000fe1   Thumb Code    20  stm32f4xx_rcc.o(.text)
    RCC_PCLK2Config                          0x08000ff5   Thumb Code    22  stm32f4xx_rcc.o(.text)
    RCC_GetClocksFreq                        0x0800100b   Thumb Code   222  stm32f4xx_rcc.o(.text)
    RCC_RTCCLKConfig                         0x080010e9   Thumb Code    54  stm32f4xx_rcc.o(.text)
    RCC_RTCCLKCmd                            0x0800111f   Thumb Code     8  stm32f4xx_rcc.o(.text)
    RCC_BackupResetCmd                       0x08001127   Thumb Code     8  stm32f4xx_rcc.o(.text)
    RCC_I2SCLKConfig                         0x0800112f   Thumb Code     6  stm32f4xx_rcc.o(.text)
    RCC_SAIPLLI2SClkDivConfig                0x08001135   Thumb Code    26  stm32f4xx_rcc.o(.text)
    RCC_SAIPLLSAIClkDivConfig                0x0800114f   Thumb Code    28  stm32f4xx_rcc.o(.text)
    RCC_SAIBlockACLKConfig                   0x0800116b   Thumb Code    20  stm32f4xx_rcc.o(.text)
    RCC_SAIBlockBCLKConfig                   0x0800117f   Thumb Code    20  stm32f4xx_rcc.o(.text)
    RCC_LTDCCLKDivConfig                     0x08001193   Thumb Code    20  stm32f4xx_rcc.o(.text)
    RCC_TIMCLKPresConfig                     0x080011a7   Thumb Code     6  stm32f4xx_rcc.o(.text)
    RCC_AHB1PeriphClockCmd                   0x080011ad   Thumb Code    34  stm32f4xx_rcc.o(.text)
    RCC_AHB2PeriphClockCmd                   0x080011cf   Thumb Code    78  stm32f4xx_rcc.o(.text)
    RCC_AHB3PeriphClockCmd                   0x0800121d   Thumb Code    34  stm32f4xx_rcc.o(.text)
    RCC_APB1PeriphClockCmd                   0x0800123f   Thumb Code    34  stm32f4xx_rcc.o(.text)
    RCC_APB2PeriphClockCmd                   0x08001261   Thumb Code    34  stm32f4xx_rcc.o(.text)
    RCC_AHB1PeriphResetCmd                   0x08001283   Thumb Code    34  stm32f4xx_rcc.o(.text)
    RCC_AHB2PeriphResetCmd                   0x080012a5   Thumb Code    34  stm32f4xx_rcc.o(.text)
    RCC_AHB3PeriphResetCmd                   0x080012c7   Thumb Code    34  stm32f4xx_rcc.o(.text)
    RCC_APB1PeriphResetCmd                   0x080012e9   Thumb Code    34  stm32f4xx_rcc.o(.text)
    RCC_APB2PeriphResetCmd                   0x0800130b   Thumb Code    34  stm32f4xx_rcc.o(.text)
    RCC_AHB1PeriphClockLPModeCmd             0x0800132d   Thumb Code    34  stm32f4xx_rcc.o(.text)
    RCC_AHB2PeriphClockLPModeCmd             0x0800134f   Thumb Code    34  stm32f4xx_rcc.o(.text)
    RCC_AHB3PeriphClockLPModeCmd             0x08001371   Thumb Code    34  stm32f4xx_rcc.o(.text)
    RCC_APB1PeriphClockLPModeCmd             0x08001393   Thumb Code    34  stm32f4xx_rcc.o(.text)
    RCC_APB2PeriphClockLPModeCmd             0x080013b5   Thumb Code    34  stm32f4xx_rcc.o(.text)
    RCC_LSEModeConfig                        0x080013d7   Thumb Code    40  stm32f4xx_rcc.o(.text)
    RCC_ITConfig                             0x080013ff   Thumb Code    34  stm32f4xx_rcc.o(.text)
    RCC_ClearFlag                            0x08001421   Thumb Code    18  stm32f4xx_rcc.o(.text)
    RCC_GetITStatus                          0x08001433   Thumb Code    22  stm32f4xx_rcc.o(.text)
    RCC_ClearITPendingBit                    0x08001449   Thumb Code     8  stm32f4xx_rcc.o(.text)
    USART_DeInit                             0x08001455   Thumb Code   206  stm32f4xx_usart.o(.text)
    USART_Init                               0x08001523   Thumb Code   204  stm32f4xx_usart.o(.text)
    USART_StructInit                         0x080015ef   Thumb Code    24  stm32f4xx_usart.o(.text)
    USART_ClockInit                          0x08001607   Thumb Code    32  stm32f4xx_usart.o(.text)
    USART_ClockStructInit                    0x08001627   Thumb Code    12  stm32f4xx_usart.o(.text)
    USART_Cmd                                0x08001633   Thumb Code    24  stm32f4xx_usart.o(.text)
    USART_SetPrescaler                       0x0800164b   Thumb Code    16  stm32f4xx_usart.o(.text)
    USART_OverSampling8Cmd                   0x0800165b   Thumb Code    22  stm32f4xx_usart.o(.text)
    USART_OneBitMethodCmd                    0x08001671   Thumb Code    24  stm32f4xx_usart.o(.text)
    USART_SendData                           0x08001689   Thumb Code     8  stm32f4xx_usart.o(.text)
    USART_ReceiveData                        0x08001691   Thumb Code    10  stm32f4xx_usart.o(.text)
    USART_SetAddress                         0x0800169b   Thumb Code    18  stm32f4xx_usart.o(.text)
    USART_ReceiverWakeUpCmd                  0x080016ad   Thumb Code    24  stm32f4xx_usart.o(.text)
    USART_WakeUpConfig                       0x080016c5   Thumb Code    18  stm32f4xx_usart.o(.text)
    USART_LINBreakDetectLengthConfig         0x080016d7   Thumb Code    18  stm32f4xx_usart.o(.text)
    USART_LINCmd                             0x080016e9   Thumb Code    24  stm32f4xx_usart.o(.text)
    USART_SendBreak                          0x08001701   Thumb Code    10  stm32f4xx_usart.o(.text)
    USART_HalfDuplexCmd                      0x0800170b   Thumb Code    24  stm32f4xx_usart.o(.text)
    USART_SetGuardTime                       0x08001723   Thumb Code    16  stm32f4xx_usart.o(.text)
    USART_SmartCardCmd                       0x08001733   Thumb Code    24  stm32f4xx_usart.o(.text)
    USART_SmartCardNACKCmd                   0x0800174b   Thumb Code    24  stm32f4xx_usart.o(.text)
    USART_IrDAConfig                         0x08001763   Thumb Code    18  stm32f4xx_usart.o(.text)
    USART_IrDACmd                            0x08001775   Thumb Code    24  stm32f4xx_usart.o(.text)
    USART_DMACmd                             0x0800178d   Thumb Code    18  stm32f4xx_usart.o(.text)
    USART_ITConfig                           0x0800179f   Thumb Code    74  stm32f4xx_usart.o(.text)
    USART_GetFlagStatus                      0x080017e9   Thumb Code    26  stm32f4xx_usart.o(.text)
    USART_ClearFlag                          0x08001803   Thumb Code    18  stm32f4xx_usart.o(.text)
    USART_GetITStatus                        0x08001815   Thumb Code   118  stm32f4xx_usart.o(.text)
    USART_ClearITPendingBit                  0x0800188b   Thumb Code    30  stm32f4xx_usart.o(.text)
    SPI_I2S_DeInit                           0x080018a9   Thumb Code   152  stm32f4xx_spi.o(.text)
    SPI_Init                                 0x08001941   Thumb Code    60  stm32f4xx_spi.o(.text)
    I2S_Init                                 0x0800197d   Thumb Code   396  stm32f4xx_spi.o(.text)
    SPI_StructInit                           0x08001b09   Thumb Code    24  stm32f4xx_spi.o(.text)
    I2S_StructInit                           0x08001b21   Thumb Code    20  stm32f4xx_spi.o(.text)
    SPI_Cmd                                  0x08001b35   Thumb Code    24  stm32f4xx_spi.o(.text)
    I2S_Cmd                                  0x08001b4d   Thumb Code    24  stm32f4xx_spi.o(.text)
    SPI_DataSizeConfig                       0x08001b65   Thumb Code    18  stm32f4xx_spi.o(.text)
    SPI_BiDirectionalLineConfig              0x08001b77   Thumb Code    28  stm32f4xx_spi.o(.text)
    SPI_NSSInternalSoftwareConfig            0x08001b93   Thumb Code    30  stm32f4xx_spi.o(.text)
    SPI_SSOutputCmd                          0x08001bb1   Thumb Code    24  stm32f4xx_spi.o(.text)
    SPI_TIModeCmd                            0x08001bc9   Thumb Code    24  stm32f4xx_spi.o(.text)
    I2S_FullDuplexConfig                     0x08001be1   Thumb Code    80  stm32f4xx_spi.o(.text)
    SPI_I2S_ReceiveData                      0x08001c31   Thumb Code     6  stm32f4xx_spi.o(.text)
    SPI_I2S_SendData                         0x08001c37   Thumb Code     4  stm32f4xx_spi.o(.text)
    SPI_CalculateCRC                         0x08001c3b   Thumb Code    24  stm32f4xx_spi.o(.text)
    SPI_TransmitCRC                          0x08001c53   Thumb Code    10  stm32f4xx_spi.o(.text)
    SPI_GetCRC                               0x08001c5d   Thumb Code    16  stm32f4xx_spi.o(.text)
    SPI_GetCRCPolynomial                     0x08001c6d   Thumb Code     6  stm32f4xx_spi.o(.text)
    SPI_I2S_DMACmd                           0x08001c73   Thumb Code    18  stm32f4xx_spi.o(.text)
    SPI_I2S_ITConfig                         0x08001c85   Thumb Code    68  stm32f4xx_spi.o(.text)
    SPI_I2S_GetFlagStatus                    0x08001cc9   Thumb Code    18  stm32f4xx_spi.o(.text)
    SPI_I2S_ClearFlag                        0x08001cdb   Thumb Code     6  stm32f4xx_spi.o(.text)
    SPI_I2S_GetITStatus                      0x08001ce1   Thumb Code    52  stm32f4xx_spi.o(.text)
    SPI_I2S_ClearITPendingBit                0x08001d15   Thumb Code    20  stm32f4xx_spi.o(.text)
    __use_no_semihosting                     0x08001d29   Thumb Code     2  use_no_semi_2.o(.text)
    __2printf                                0x08001d2d   Thumb Code    20  noretval__2printf.o(.text)
    _printf_pre_padding                      0x08001d45   Thumb Code    44  _printf_pad.o(.text)
    _printf_post_padding                     0x08001d71   Thumb Code    34  _printf_pad.o(.text)
    _printf_int_dec                          0x08001d95   Thumb Code   100  _printf_dec.o(.text)
    _printf_int_hex                          0x08001e09   Thumb Code    84  _printf_hex_int.o(.text)
    _printf_longlong_hex                     0x08001e09   Thumb Code     0  _printf_hex_int.o(.text)
    __printf                                 0x08001e61   Thumb Code   308  __printf_flags_wp.o(.text)
    __use_two_region_memory                  0x08001f99   Thumb Code     2  heapauxi.o(.text)
    __rt_heap_escrow$2region                 0x08001f9b   Thumb Code     2  heapauxi.o(.text)
    __rt_heap_expand$2region                 0x08001f9d   Thumb Code     2  heapauxi.o(.text)
    __I$use$semihosting                      0x08001f9f   Thumb Code     0  use_no_semi.o(.text)
    __use_no_semihosting_swi                 0x08001f9f   Thumb Code     2  use_no_semi.o(.text)
    _printf_int_common                       0x08001fa1   Thumb Code   178  _printf_intcommon.o(.text)
    __lib_sel_fp_printf                      0x08002053   Thumb Code     2  _printf_fp_dec.o(.text)
    _printf_fp_dec_real                      0x08002201   Thumb Code   616  _printf_fp_dec.o(.text)
    _printf_char_file                        0x08002469   Thumb Code    32  _printf_char_file.o(.text)
    __rt_locale                              0x0800248d   Thumb Code     8  rt_locale_intlibspace.o(.text)
    _ll_udiv10                               0x08002495   Thumb Code   138  lludiv10.o(.text)
    _printf_char_common                      0x0800252b   Thumb Code    32  _printf_char_common.o(.text)
    _printf_fp_infnan                        0x08002551   Thumb Code   112  _printf_fp_infnan.o(.text)
    _btod_etento                             0x080025d1   Thumb Code   212  bigflt0.o(.text)
    ferror                                   0x080026a9   Thumb Code     8  ferror.o(.text)
    __user_libspace                          0x080026b1   Thumb Code     8  libspace.o(.text)
    __user_perproc_libspace                  0x080026b1   Thumb Code     0  libspace.o(.text)
    __user_perthread_libspace                0x080026b1   Thumb Code     0  libspace.o(.text)
    __user_setup_stackheap                   0x080026b9   Thumb Code    74  sys_stackheap_outer.o(.text)
    exit                                     0x08002703   Thumb Code    12  exit.o(.text)
    strcmp                                   0x08002711   Thumb Code   128  strcmpv7m.o(.text)
    _btod_d2e                                0x08002791   Thumb Code    62  btod.o(CL$$btod_d2e)
    _d2e_denorm_low                          0x080027cf   Thumb Code    70  btod.o(CL$$btod_d2e_denorm_low)
    _d2e_norm_op1                            0x08002815   Thumb Code    96  btod.o(CL$$btod_d2e_norm_op1)
    __btod_div_common                        0x08002875   Thumb Code   696  btod.o(CL$$btod_div_common)
    _e2e                                     0x08002bad   Thumb Code   198  btod.o(CL$$btod_e2e)
    _btod_ediv                               0x08002c73   Thumb Code    40  btod.o(CL$$btod_ediv)
    _btod_emul                               0x08002c9b   Thumb Code    40  btod.o(CL$$btod_emul)
    __btod_mult_common                       0x08002cc3   Thumb Code   580  btod.o(CL$$btod_mult_common)
    __ARM_fpclassify                         0x08002f07   Thumb Code    48  fpclassify.o(i.__ARM_fpclassify)
    _is_digit                                0x08002f37   Thumb Code    14  __printf_wp.o(i._is_digit)
    _get_lc_numeric                          0x08002f45   Thumb Code    44  lc_numeric_c.o(locale$$code)
    __aeabi_d2f                              0x08002f71   Thumb Code     0  d2f.o(x$fpl$d2f)
    _d2f                                     0x08002f71   Thumb Code    98  d2f.o(x$fpl$d2f)
    __aeabi_ui2d                             0x08002fd3   Thumb Code     0  dflt_clz.o(x$fpl$dfltu)
    _dfltu                                   0x08002fd3   Thumb Code    38  dflt_clz.o(x$fpl$dfltu)
    __aeabi_dmul                             0x08002ff9   Thumb Code     0  dmul.o(x$fpl$dmul)
    _dmul                                    0x08002ff9   Thumb Code   332  dmul.o(x$fpl$dmul)
    __fpl_dnaninf                            0x0800314d   Thumb Code   156  dnaninf.o(x$fpl$dnaninf)
    __fpl_dretinf                            0x080031e9   Thumb Code    12  dretinf.o(x$fpl$dretinf)
    __aeabi_f2d                              0x080031f5   Thumb Code     0  f2d.o(x$fpl$f2d)
    _f2d                                     0x080031f5   Thumb Code    86  f2d.o(x$fpl$f2d)
    __fpl_fnaninf                            0x0800324b   Thumb Code   140  fnaninf.o(x$fpl$fnaninf)
    _fp_init                                 0x080032d7   Thumb Code    10  fpinit.o(x$fpl$fpinit)
    __fplib_config_fpu_vfp                   0x080032df   Thumb Code     0  fpinit.o(x$fpl$fpinit)
    __fplib_config_pureend_doubles           0x080032df   Thumb Code     0  fpinit.o(x$fpl$fpinit)
    __fpl_fretinf                            0x080032e1   Thumb Code    10  fretinf.o(x$fpl$fretinf)
    _printf_fp_dec                           0x080032eb   Thumb Code     4  printf1.o(x$fpl$printf1)
    __I$use$fp                               0x080032ee   Number         0  usenofp.o(x$fpl$usenofp)
    Region$$Table$$Base                      0x08003408   Number         0  anon$$obj.o(Region$$Table)
    Region$$Table$$Limit                     0x08003428   Number         0  anon$$obj.o(Region$$Table)
    display_num                              0x20000000   Data           4  main.o(.data)
    SystemCoreClock                          0x20000004   Data           4  system_stm32f4xx.o(.data)
    AHBPrescTable                            0x20000008   Data          16  system_stm32f4xx.o(.data)
    digit_select_table                       0x20000018   Data           5  digital_tube.o(.data)
    num_table                                0x2000001d   Data          16  digital_tube.o(.data)
    __stdout                                 0x20000034   Data           4  usart.o(.data)
    USART_RX_STA                             0x20000038   Data           2  usart.o(.data)
    USART_RX_BUF                             0x2000004c   Data         200  usart.o(.bss)
    __libspace_start                         0x20000114   Data          96  libspace.o(.bss)
    __temporary_stack_top$libspace           0x20000174   Data           0  libspace.o(.bss)



==============================================================================

Memory Map of the image

  Image Entry point : 0x08000189

  Load Region LR_IROM1 (Base: 0x08000000, Size: 0x00003490, Max: 0x00100000, ABSOLUTE)

    Execution Region ER_IROM1 (Base: 0x08000000, Size: 0x00003444, Max: 0x00100000, ABSOLUTE)

    Base Addr    Size         Type   Attr      Idx    E Section Name        Object

    0x08000000   0x00000188   Data   RO          407    RESET               startup_stm32f40_41xxx.o
    0x08000188   0x00000008   Code   RO          595  * !!!main             c_w.l(__main.o)
    0x08000190   0x00000034   Code   RO          828    !!!scatter          c_w.l(__scatter.o)
    0x080001c4   0x0000001a   Code   RO          830    !!handler_copy      c_w.l(__scatter_copy.o)
    0x080001de   0x00000002   PAD
    0x080001e0   0x0000001c   Code   RO          832    !!handler_zi        c_w.l(__scatter_zi.o)
    0x080001fc   0x00000000   Code   RO          592    .ARM.Collect$$_printf_percent$$00000000  c_w.l(_printf_percent.o)
    0x080001fc   0x00000006   Code   RO          591    .ARM.Collect$$_printf_percent$$00000003  c_w.l(_printf_f.o)
    0x08000202   0x00000006   Code   RO          590    .ARM.Collect$$_printf_percent$$00000009  c_w.l(_printf_d.o)
    0x08000208   0x00000006   Code   RO          589    .ARM.Collect$$_printf_percent$$0000000C  c_w.l(_printf_x.o)
    0x0800020e   0x00000004   Code   RO          620    .ARM.Collect$$_printf_percent$$00000017  c_w.l(_printf_percent_end.o)
    0x08000212   0x00000002   Code   RO          708    .ARM.Collect$$libinit$$00000000  c_w.l(libinit.o)
    0x08000214   0x00000004   Code   RO          709    .ARM.Collect$$libinit$$00000001  c_w.l(libinit2.o)
    0x08000218   0x00000000   Code   RO          713    .ARM.Collect$$libinit$$00000008  c_w.l(libinit2.o)
    0x08000218   0x00000000   Code   RO          715    .ARM.Collect$$libinit$$0000000A  c_w.l(libinit2.o)
    0x08000218   0x00000000   Code   RO          717    .ARM.Collect$$libinit$$0000000C  c_w.l(libinit2.o)
    0x08000218   0x00000006   Code   RO          718    .ARM.Collect$$libinit$$0000000D  c_w.l(libinit2.o)
    0x0800021e   0x00000000   Code   RO          720    .ARM.Collect$$libinit$$0000000F  c_w.l(libinit2.o)
    0x0800021e   0x00000000   Code   RO          722    .ARM.Collect$$libinit$$00000011  c_w.l(libinit2.o)
    0x0800021e   0x00000000   Code   RO          724    .ARM.Collect$$libinit$$00000013  c_w.l(libinit2.o)
    0x0800021e   0x0000000a   Code   RO          725    .ARM.Collect$$libinit$$00000014  c_w.l(libinit2.o)
    0x08000228   0x00000000   Code   RO          726    .ARM.Collect$$libinit$$00000015  c_w.l(libinit2.o)
    0x08000228   0x00000000   Code   RO          728    .ARM.Collect$$libinit$$00000017  c_w.l(libinit2.o)
    0x08000228   0x00000000   Code   RO          730    .ARM.Collect$$libinit$$00000019  c_w.l(libinit2.o)
    0x08000228   0x00000000   Code   RO          732    .ARM.Collect$$libinit$$0000001B  c_w.l(libinit2.o)
    0x08000228   0x00000000   Code   RO          734    .ARM.Collect$$libinit$$0000001D  c_w.l(libinit2.o)
    0x08000228   0x00000000   Code   RO          736    .ARM.Collect$$libinit$$0000001F  c_w.l(libinit2.o)
    0x08000228   0x00000000   Code   RO          738    .ARM.Collect$$libinit$$00000021  c_w.l(libinit2.o)
    0x08000228   0x00000000   Code   RO          740    .ARM.Collect$$libinit$$00000023  c_w.l(libinit2.o)
    0x08000228   0x00000000   Code   RO          744    .ARM.Collect$$libinit$$0000002A  c_w.l(libinit2.o)
    0x08000228   0x00000000   Code   RO          746    .ARM.Collect$$libinit$$0000002C  c_w.l(libinit2.o)
    0x08000228   0x00000000   Code   RO          748    .ARM.Collect$$libinit$$0000002E  c_w.l(libinit2.o)
    0x08000228   0x00000000   Code   RO          750    .ARM.Collect$$libinit$$00000030  c_w.l(libinit2.o)
    0x08000228   0x00000002   Code   RO          751    .ARM.Collect$$libinit$$00000031  c_w.l(libinit2.o)
    0x0800022a   0x00000002   Code   RO          779    .ARM.Collect$$libshutdown$$00000000  c_w.l(libshutdown.o)
    0x0800022c   0x00000000   Code   RO          789    .ARM.Collect$$libshutdown$$00000003  c_w.l(libshutdown2.o)
    0x0800022c   0x00000000   Code   RO          792    .ARM.Collect$$libshutdown$$00000006  c_w.l(libshutdown2.o)
    0x0800022c   0x00000000   Code   RO          795    .ARM.Collect$$libshutdown$$00000009  c_w.l(libshutdown2.o)
    0x0800022c   0x00000000   Code   RO          797    .ARM.Collect$$libshutdown$$0000000B  c_w.l(libshutdown2.o)
    0x0800022c   0x00000000   Code   RO          800    .ARM.Collect$$libshutdown$$0000000E  c_w.l(libshutdown2.o)
    0x0800022c   0x00000002   Code   RO          801    .ARM.Collect$$libshutdown$$0000000F  c_w.l(libshutdown2.o)
    0x0800022e   0x00000000   Code   RO          613    .ARM.Collect$$rtentry$$00000000  c_w.l(rtentry.o)
    0x0800022e   0x00000000   Code   RO          631    .ARM.Collect$$rtentry$$00000002  c_w.l(rtentry2.o)
    0x0800022e   0x00000006   Code   RO          643    .ARM.Collect$$rtentry$$00000004  c_w.l(rtentry4.o)
    0x08000234   0x00000000   Code   RO          633    .ARM.Collect$$rtentry$$00000009  c_w.l(rtentry2.o)
    0x08000234   0x00000004   Code   RO          634    .ARM.Collect$$rtentry$$0000000A  c_w.l(rtentry2.o)
    0x08000238   0x00000000   Code   RO          636    .ARM.Collect$$rtentry$$0000000C  c_w.l(rtentry2.o)
    0x08000238   0x00000008   Code   RO          637    .ARM.Collect$$rtentry$$0000000D  c_w.l(rtentry2.o)
    0x08000240   0x00000002   Code   RO          752    .ARM.Collect$$rtexit$$00000000  c_w.l(rtexit.o)
    0x08000242   0x00000000   Code   RO          759    .ARM.Collect$$rtexit$$00000002  c_w.l(rtexit2.o)
    0x08000242   0x00000004   Code   RO          760    .ARM.Collect$$rtexit$$00000003  c_w.l(rtexit2.o)
    0x08000246   0x00000006   Code   RO          761    .ARM.Collect$$rtexit$$00000004  c_w.l(rtexit2.o)
    0x0800024c   0x00000064   Code   RO            3    .text               main.o
    0x080002b0   0x0000001a   Code   RO          156    .text               stm32f4xx_it.o
    0x080002ca   0x00000002   PAD
    0x080002cc   0x00000210   Code   RO          205    .text               system_stm32f4xx.o
    0x080004dc   0x00000040   Code   RO          231    .text               led.o
    0x0800051c   0x000000c0   Code   RO          292    .text               digital_tube.o
    0x080005dc   0x00000210   Code   RO          316    .text               max_6675.o
    0x080007ec   0x00000104   Code   RO          336    .text               delay.o
    0x080008f0   0x00000154   Code   RO          376    .text               usart.o
    0x08000a44   0x00000040   Code   RO          408    .text               startup_stm32f40_41xxx.o
    0x08000a84   0x000000e0   Code   RO          414    .text               misc.o
    0x08000b64   0x00000294   Code   RO          434    .text               stm32f4xx_gpio.o
    0x08000df8   0x0000065c   Code   RO          454    .text               stm32f4xx_rcc.o
    0x08001454   0x00000454   Code   RO          496    .text               stm32f4xx_usart.o
    0x080018a8   0x00000480   Code   RO          516    .text               stm32f4xx_spi.o
    0x08001d28   0x00000002   Code   RO          536    .text               c_w.l(use_no_semi_2.o)
    0x08001d2a   0x00000002   PAD
    0x08001d2c   0x00000018   Code   RO          540    .text               c_w.l(noretval__2printf.o)
    0x08001d44   0x0000004e   Code   RO          544    .text               c_w.l(_printf_pad.o)
    0x08001d92   0x00000002   PAD
    0x08001d94   0x00000074   Code   RO          546    .text               c_w.l(_printf_dec.o)
    0x08001e08   0x00000058   Code   RO          551    .text               c_w.l(_printf_hex_int.o)
    0x08001e60   0x00000138   Code   RO          581    .text               c_w.l(__printf_flags_wp.o)
    0x08001f98   0x00000006   Code   RO          593    .text               c_w.l(heapauxi.o)
    0x08001f9e   0x00000002   Code   RO          611    .text               c_w.l(use_no_semi.o)
    0x08001fa0   0x000000b2   Code   RO          614    .text               c_w.l(_printf_intcommon.o)
    0x08002052   0x00000416   Code   RO          616    .text               c_w.l(_printf_fp_dec.o)
    0x08002468   0x00000024   Code   RO          618    .text               c_w.l(_printf_char_file.o)
    0x0800248c   0x00000008   Code   RO          648    .text               c_w.l(rt_locale_intlibspace.o)
    0x08002494   0x0000008a   Code   RO          650    .text               c_w.l(lludiv10.o)
    0x0800251e   0x00000002   PAD
    0x08002520   0x00000030   Code   RO          652    .text               c_w.l(_printf_char_common.o)
    0x08002550   0x00000080   Code   RO          654    .text               c_w.l(_printf_fp_infnan.o)
    0x080025d0   0x000000d8   Code   RO          656    .text               c_w.l(bigflt0.o)
    0x080026a8   0x00000008   Code   RO          681    .text               c_w.l(ferror.o)
    0x080026b0   0x00000008   Code   RO          692    .text               c_w.l(libspace.o)
    0x080026b8   0x0000004a   Code   RO          695    .text               c_w.l(sys_stackheap_outer.o)
    0x08002702   0x0000000c   Code   RO          699    .text               c_w.l(exit.o)
    0x0800270e   0x00000002   PAD
    0x08002710   0x00000080   Code   RO          701    .text               c_w.l(strcmpv7m.o)
    0x08002790   0x0000003e   Code   RO          659    CL$$btod_d2e        c_w.l(btod.o)
    0x080027ce   0x00000046   Code   RO          661    CL$$btod_d2e_denorm_low  c_w.l(btod.o)
    0x08002814   0x00000060   Code   RO          660    CL$$btod_d2e_norm_op1  c_w.l(btod.o)
    0x08002874   0x00000338   Code   RO          669    CL$$btod_div_common  c_w.l(btod.o)
    0x08002bac   0x000000c6   Code   RO          666    CL$$btod_e2e        c_w.l(btod.o)
    0x08002c72   0x00000028   Code   RO          663    CL$$btod_ediv       c_w.l(btod.o)
    0x08002c9a   0x00000028   Code   RO          662    CL$$btod_emul       c_w.l(btod.o)
    0x08002cc2   0x00000244   Code   RO          668    CL$$btod_mult_common  c_w.l(btod.o)
    0x08002f06   0x00000030   Code   RO          690    i.__ARM_fpclassify  m_wm.l(fpclassify.o)
    0x08002f36   0x0000000e   Code   RO          579    i._is_digit         c_w.l(__printf_wp.o)
    0x08002f44   0x0000002c   Code   RO          686    locale$$code        c_w.l(lc_numeric_c.o)
    0x08002f70   0x00000062   Code   RO          597    x$fpl$d2f           fz_wm.l(d2f.o)
    0x08002fd2   0x00000026   Code   RO          599    x$fpl$dfltu         fz_wm.l(dflt_clz.o)
    0x08002ff8   0x00000154   Code   RO          605    x$fpl$dmul          fz_wm.l(dmul.o)
    0x0800314c   0x0000009c   Code   RO          621    x$fpl$dnaninf       fz_wm.l(dnaninf.o)
    0x080031e8   0x0000000c   Code   RO          623    x$fpl$dretinf       fz_wm.l(dretinf.o)
    0x080031f4   0x00000056   Code   RO          607    x$fpl$f2d           fz_wm.l(f2d.o)
    0x0800324a   0x0000008c   Code   RO          625    x$fpl$fnaninf       fz_wm.l(fnaninf.o)
    0x080032d6   0x0000000a   Code   RO          756    x$fpl$fpinit        fz_wm.l(fpinit.o)
    0x080032e0   0x0000000a   Code   RO          627    x$fpl$fretinf       fz_wm.l(fretinf.o)
    0x080032ea   0x00000004   Code   RO          609    x$fpl$printf1       fz_wm.l(printf1.o)
    0x080032ee   0x00000000   Code   RO          629    x$fpl$usenofp       fz_wm.l(usenofp.o)
    0x080032ee   0x00000028   Data   RO          552    .constdata          c_w.l(_printf_hex_int.o)
    0x08003316   0x00000011   Data   RO          582    .constdata          c_w.l(__printf_flags_wp.o)
    0x08003327   0x00000001   PAD
    0x08003328   0x00000094   Data   RO          657    .constdata          c_w.l(bigflt0.o)
    0x080033bc   0x0000004b   Data   RO          293    .conststring        digital_tube.o
    0x08003407   0x00000001   PAD
    0x08003408   0x00000020   Data   RO          826    Region$$Table       anon$$obj.o
    0x08003428   0x0000001c   Data   RO          685    locale$$data        c_w.l(lc_numeric_c.o)


    Execution Region RW_IRAM1 (Base: 0x20000000, Size: 0x00000778, Max: 0x00020000, ABSOLUTE)

    Base Addr    Size         Type   Attr      Idx    E Section Name        Object

    0x20000000   0x00000004   Data   RW            4    .data               main.o
    0x20000004   0x00000014   Data   RW          206    .data               system_stm32f4xx.o
    0x20000018   0x00000015   Data   RW          294    .data               digital_tube.o
    0x2000002d   0x00000001   PAD
    0x2000002e   0x00000004   Data   RW          337    .data               delay.o
    0x20000032   0x00000002   PAD
    0x20000034   0x00000006   Data   RW          378    .data               usart.o
    0x2000003a   0x00000010   Data   RW          455    .data               stm32f4xx_rcc.o
    0x2000004a   0x00000002   PAD
    0x2000004c   0x000000c8   Zero   RW          377    .bss                usart.o
    0x20000114   0x00000060   Zero   RW          693    .bss                c_w.l(libspace.o)
    0x20000174   0x00000004   PAD
    0x20000178   0x00000200   Zero   RW          406    HEAP                startup_stm32f40_41xxx.o
    0x20000378   0x00000400   Zero   RW          405    STACK               startup_stm32f40_41xxx.o


==============================================================================

Image component sizes


      Code (inc. data)   RO Data    RW Data    ZI Data      Debug   Object Name

       260          8          0          4          0       1473   delay.o
       192         16         75         21          0       2190   digital_tube.o
        64          4          0          0          0        543   led.o
       100         24          0          4          0     270709   main.o
       528        158          0          0          0       1266   max_6675.o
       224         20          0          0          0       1857   misc.o
        64         26        392          0       1536        856   startup_stm32f40_41xxx.o
       660         44          0          0          0       4133   stm32f4xx_gpio.o
        26          0          0          0          0       1242   stm32f4xx_it.o
      1628         52          0         16          0      12940   stm32f4xx_rcc.o
      1152         36          0          0          0       6881   stm32f4xx_spi.o
      1108         34          0          0          0       7832   stm32f4xx_usart.o
       528         46          0         20          0       1835   system_stm32f4xx.o
       340         18          0          6        200       3422   usart.o

    ----------------------------------------------------------------------
      6876        486        500         76       1736     317179   Object Totals
         0          0         32          0          0          0   (incl. Generated)
         2          0          1          5          0          0   (incl. Padding)

    ----------------------------------------------------------------------

      Code (inc. data)   RO Data    RW Data    ZI Data      Debug   Library Member Name

         8          0          0          0          0         68   __main.o
       312          4         17          0          0         92   __printf_flags_wp.o
        14          0          0          0          0         68   __printf_wp.o
        52          8          0          0          0          0   __scatter.o
        26          0          0          0          0          0   __scatter_copy.o
        28          0          0          0          0          0   __scatter_zi.o
        48          6          0          0          0         96   _printf_char_common.o
        36          4          0          0          0         80   _printf_char_file.o
         6          0          0          0          0          0   _printf_d.o
       116         16          0          0          0         92   _printf_dec.o
         6          0          0          0          0          0   _printf_f.o
      1046          0          0          0          0        216   _printf_fp_dec.o
       128         16          0          0          0         84   _printf_fp_infnan.o
        88          4         40          0          0         88   _printf_hex_int.o
       178          0          0          0          0         88   _printf_intcommon.o
        78          0          0          0          0        108   _printf_pad.o
         0          0          0          0          0          0   _printf_percent.o
         4          0          0          0          0          0   _printf_percent_end.o
         6          0          0          0          0          0   _printf_x.o
       216          4        148          0          0         96   bigflt0.o
      1910        128          0          0          0        672   btod.o
        12          0          0          0          0         72   exit.o
         8          0          0          0          0         68   ferror.o
         6          0          0          0          0        152   heapauxi.o
        44         10         28          0          0         76   lc_numeric_c.o
         2          0          0          0          0          0   libinit.o
        22          0          0          0          0          0   libinit2.o
         2          0          0          0          0          0   libshutdown.o
         2          0          0          0          0          0   libshutdown2.o
         8          4          0          0         96         68   libspace.o
       138          0          0          0          0         80   lludiv10.o
        24          4          0          0          0         84   noretval__2printf.o
         8          4          0          0          0         68   rt_locale_intlibspace.o
         0          0          0          0          0          0   rtentry.o
        12          0          0          0          0          0   rtentry2.o
         6          0          0          0          0          0   rtentry4.o
         2          0          0          0          0          0   rtexit.o
        10          0          0          0          0          0   rtexit2.o
       128          0          0          0          0         68   strcmpv7m.o
        74          0          0          0          0         80   sys_stackheap_outer.o
         2          0          0          0          0         68   use_no_semi.o
         2          0          0          0          0         68   use_no_semi_2.o
        98          4          0          0          0        140   d2f.o
        38          0          0          0          0        116   dflt_clz.o
       340         12          0          0          0        152   dmul.o
       156          4          0          0          0        140   dnaninf.o
        12          0          0          0          0        116   dretinf.o
        86          4          0          0          0        132   f2d.o
       140          4          0          0          0        132   fnaninf.o
        10          0          0          0          0        116   fpinit.o
        10          0          0          0          0        116   fretinf.o
         4          0          0          0          0        116   printf1.o
         0          0          0          0          0          0   usenofp.o
        48          0          0          0          0        124   fpclassify.o

    ----------------------------------------------------------------------
      5770        240        234          0        100       4200   Library Totals
        10          0          1          0          4          0   (incl. Padding)

    ----------------------------------------------------------------------

      Code (inc. data)   RO Data    RW Data    ZI Data      Debug   Library Name

      4818        212        233          0         96       2800   c_w.l
       894         28          0          0          0       1276   fz_wm.l
        48          0          0          0          0        124   m_wm.l

    ----------------------------------------------------------------------
      5770        240        234          0        100       4200   Library Totals

    ----------------------------------------------------------------------

==============================================================================


      Code (inc. data)   RO Data    RW Data    ZI Data      Debug   

     12646        726        734         76       1836     316471   Grand Totals
     12646        726        734         76       1836     316471   ELF Image Totals
     12646        726        734         76          0          0   ROM Totals

==============================================================================

    Total RO  Size (Code + RO Data)                13380 (  13.07kB)
    Total RW  Size (RW Data + ZI Data)              1912 (   1.87kB)
    Total ROM Size (Code + RO Data + RW Data)      13456 (  13.14kB)

==============================================================================

