Product: MDK-ARM Professional 5.10
Component: ARM Compiler 5.04 update 1 (build 49)
Tool: armlink [5040049]

==============================================================================

Section Cross References

    main.o(.text) refers to _printf_pad.o(.text) for _printf_pre_padding
    main.o(.text) refers to _printf_percent.o(.ARM.Collect$$_printf_percent$$00000000) for _printf_percent
    main.o(.text) refers to _printf_f.o(.ARM.Collect$$_printf_percent$$00000003) for _printf_f
    main.o(.text) refers to printf1.o(x$fpl$printf1) for _printf_fp_dec
    main.o(.text) refers to misc.o(.text) for NVIC_PriorityGroupConfig
    main.o(.text) refers to delay.o(.text) for delay_init
    main.o(.text) refers to usart.o(.text) for uart_init
    main.o(.text) refers to led.o(.text) for LED_Init
    main.o(.text) refers to digital_tube.o(.text) for digital_tube_Init
    main.o(.text) refers to max_6675.o(.text) for max_6675_init
    main.o(.text) refers to f2d.o(x$fpl$f2d) for __aeabi_f2d
    main.o(.text) refers to noretval__2printf.o(.text) for __2printf
    main.o(.text) refers to max_6675.o(.data) for f_temprature
    system_stm32f4xx.o(.text) refers to system_stm32f4xx.o(.data) for SystemCoreClock
    led.o(.text) refers to stm32f4xx_rcc.o(.text) for RCC_AHB1PeriphClockCmd
    led.o(.text) refers to stm32f4xx_gpio.o(.text) for GPIO_Init
    beep.o(.text) refers to stm32f4xx_rcc.o(.text) for RCC_AHB1PeriphClockCmd
    beep.o(.text) refers to stm32f4xx_gpio.o(.text) for GPIO_Init
    key.o(.text) refers to stm32f4xx_rcc.o(.text) for RCC_AHB1PeriphClockCmd
    key.o(.text) refers to stm32f4xx_gpio.o(.text) for GPIO_Init
    key.o(.text) refers to delay.o(.text) for delay_ms
    key.o(.text) refers to key.o(.data) for key_up
    digital_tube.o(.text) refers to _printf_pad.o(.text) for _printf_pre_padding
    digital_tube.o(.text) refers to _printf_percent.o(.ARM.Collect$$_printf_percent$$00000000) for _printf_percent
    digital_tube.o(.text) refers to _printf_d.o(.ARM.Collect$$_printf_percent$$00000009) for _printf_d
    digital_tube.o(.text) refers to _printf_x.o(.ARM.Collect$$_printf_percent$$0000000C) for _printf_x
    digital_tube.o(.text) refers to _printf_dec.o(.text) for _printf_int_dec
    digital_tube.o(.text) refers to _printf_hex_int.o(.text) for _printf_longlong_hex
    digital_tube.o(.text) refers to _printf_f.o(.ARM.Collect$$_printf_percent$$00000003) for _printf_f
    digital_tube.o(.text) refers to printf1.o(x$fpl$printf1) for _printf_fp_dec
    digital_tube.o(.text) refers to stm32f4xx_rcc.o(.text) for RCC_AHB1PeriphClockCmd
    digital_tube.o(.text) refers to stm32f4xx_gpio.o(.text) for GPIO_Init
    digital_tube.o(.text) refers to noretval__2printf.o(.text) for __2printf
    digital_tube.o(.text) refers to f2d.o(x$fpl$f2d) for __aeabi_f2d
    digital_tube.o(.text) refers to digital_tube.o(.data) for num_table
    digital_tube.o(.text) refers to digital_tube.o(.conststring) for .conststring
    max_6675.o(.text) refers to _printf_pad.o(.text) for _printf_pre_padding
    max_6675.o(.text) refers to _printf_percent.o(.ARM.Collect$$_printf_percent$$00000000) for _printf_percent
    max_6675.o(.text) refers to _printf_x.o(.ARM.Collect$$_printf_percent$$0000000C) for _printf_x
    max_6675.o(.text) refers to _printf_f.o(.ARM.Collect$$_printf_percent$$00000003) for _printf_f
    max_6675.o(.text) refers to _printf_hex_int.o(.text) for _printf_longlong_hex
    max_6675.o(.text) refers to printf1.o(x$fpl$printf1) for _printf_fp_dec
    max_6675.o(.text) refers to stm32f4xx_rcc.o(.text) for RCC_AHB1PeriphClockCmd
    max_6675.o(.text) refers to stm32f4xx_gpio.o(.text) for GPIO_PinAFConfig
    max_6675.o(.text) refers to stm32f4xx_spi.o(.text) for SPI_Init
    max_6675.o(.text) refers to noretval__2printf.o(.text) for __2printf
    max_6675.o(.text) refers to dflt_clz.o(x$fpl$dfltu) for __aeabi_ui2d
    max_6675.o(.text) refers to dmul.o(x$fpl$dmul) for __aeabi_dmul
    max_6675.o(.text) refers to d2f.o(x$fpl$d2f) for __aeabi_d2f
    max_6675.o(.text) refers to f2d.o(x$fpl$f2d) for __aeabi_f2d
    max_6675.o(.text) refers to max_6675.o(.data) for f_temprature
    delay.o(.text) refers to misc.o(.text) for SysTick_CLKSourceConfig
    delay.o(.text) refers to delay.o(.data) for fac_us
    usart.o(.rev16_text) refers (Special) to use_no_semi_2.o(.text) for __use_no_semihosting
    usart.o(.revsh_text) refers (Special) to use_no_semi_2.o(.text) for __use_no_semihosting
    usart.o(.text) refers (Special) to use_no_semi_2.o(.text) for __use_no_semihosting
    usart.o(.text) refers to stm32f4xx_rcc.o(.text) for RCC_AHB1PeriphClockCmd
    usart.o(.text) refers to stm32f4xx_gpio.o(.text) for GPIO_PinAFConfig
    usart.o(.text) refers to stm32f4xx_usart.o(.text) for USART_Init
    usart.o(.text) refers to misc.o(.text) for NVIC_Init
    usart.o(.text) refers to usart.o(.data) for USART_RX_STA
    usart.o(.text) refers to usart.o(.bss) for USART_RX_BUF
[...]
    defsig.o(CL$$defsig) refers to defsig_rtmem_inner.o(.text) for __rt_SIGRTMEM_inner
    defsig_abrt_inner.o(.text) refers to defsig_general.o(.text) for __default_signal_display
    defsig_fpe_inner.o(.text) refers to defsig_general.o(.text) for __default_signal_display
    defsig_rtred_inner.o(.text) refers to defsig_general.o(.text) for __default_signal_display
    defsig_stak_inner.o(.text) refers to defsig_general.o(.text) for __default_signal_display
    defsig_pvfn_inner.o(.text) refers to defsig_general.o(.text) for __default_signal_display
    defsig_cppl_inner.o(.text) refers to defsig_general.o(.text) for __default_signal_display
    defsig_segv_inner.o(.text) refers to defsig_general.o(.text) for __default_signal_display
    defsig_other.o(.text) refers to defsig_general.o(.text) for __default_signal_display


==============================================================================

Removing Unused input sections from the image.

    Removing main.o(.rev16_text), (4 bytes).
    Removing main.o(.revsh_text), (4 bytes).
    Removing main.o(.data), (8 bytes).
    Removing stm32f4xx_it.o(.rev16_text), (4 bytes).
    Removing stm32f4xx_it.o(.revsh_text), (4 bytes).
    Removing system_stm32f4xx.o(.rev16_text), (4 bytes).
    Removing system_stm32f4xx.o(.revsh_text), (4 bytes).
    Removing led.o(.rev16_text), (4 bytes).
    Removing led.o(.revsh_text), (4 bytes).
    Removing beep.o(.rev16_text), (4 bytes).
    Removing beep.o(.revsh_text), (4 bytes).
    Removing beep.o(.text), (64 bytes).
    Removing key.o(.rev16_text), (4 bytes).
    Removing key.o(.revsh_text), (4 bytes).
    Removing key.o(.text), (260 bytes).
    Removing key.o(.data), (1 bytes).
    Removing digital_tube.o(.rev16_text), (4 bytes).
    Removing digital_tube.o(.revsh_text), (4 bytes).
    Removing max_6675.o(.rev16_text), (4 bytes).
    Removing max_6675.o(.revsh_text), (4 bytes).
    Removing delay.o(.rev16_text), (4 bytes).
    Removing delay.o(.revsh_text), (4 bytes).
    Removing sys.o(.rev16_text), (4 bytes).
    Removing sys.o(.revsh_text), (4 bytes).
    Removing sys.o(.emb_text), (16 bytes).
    Removing usart.o(.rev16_text), (4 bytes).
    Removing usart.o(.revsh_text), (4 bytes).
    Removing misc.o(.rev16_text), (4 bytes).
    Removing misc.o(.revsh_text), (4 bytes).
    Removing stm32f4xx_gpio.o(.rev16_text), (4 bytes).
    Removing stm32f4xx_gpio.o(.revsh_text), (4 bytes).
    Removing stm32f4xx_rcc.o(.rev16_text), (4 bytes).
    Removing stm32f4xx_rcc.o(.revsh_text), (4 bytes).
    Removing stm32f4xx_syscfg.o(.rev16_text), (4 bytes).
    Removing stm32f4xx_syscfg.o(.revsh_text), (4 bytes).
    Removing stm32f4xx_syscfg.o(.text), (148 bytes).
    Removing stm32f4xx_usart.o(.rev16_text), (4 bytes).
    Removing stm32f4xx_usart.o(.revsh_text), (4 bytes).
    Removing stm32f4xx_spi.o(.rev16_text), (4 bytes).
    Removing stm32f4xx_spi.o(.revsh_text), (4 bytes).

40 unused section(s) (total 633 bytes) removed from the image.

==============================================================================

Image Symbol Table

    Local Symbols

    Symbol Name                              Value     Ov Type        Size  Object(Section)

    ../clib/angel/boardlib.s                 0x00000000   Number         0  boardshut.o ABSOLUTE
    ../clib/angel/boardlib.s                 0x00000000   Number         0  boardinit3.o ABSOLUTE
    ../clib/angel/boardlib.s                 0x00000000   Number         0  boardinit2.o ABSOLUTE
    ../clib/angel/boardlib.s                 0x00000000   Number         0  boardinit1.o ABSOLUTE
    ../clib/angel/handlers.s                 0x00000000   Number         0  __scatter_zi.o ABSOLUTE
    ../clib/angel/handlers.s                 0x00000000   Number         0  __scatter_copy.o ABSOLUTE
    ../clib/angel/kernel.s                   0x00000000   Number         0  rtexit.o ABSOLUTE
    ../clib/angel/kernel.s                   0x00000000   Number         0  rtentry.o ABSOLUTE
    ../clib/angel/kernel.s                   0x00000000   Number         0  rtexit2.o ABSOLUTE
    ../clib/angel/kernel.s                   0x00000000   Number         0  rtentry2.o ABSOLUTE
    ../clib/angel/kernel.s                   0x00000000   Number         0  rtentry4.o ABSOLUTE
    ../clib/angel/rt.s                       0x00000000   Number         0  rt_locale_intlibspace.o ABSOLUTE
    ../clib/angel/rt.s                       0x00000000   Number         0  rt_raise.o ABSOLUTE
    ../clib/angel/rt.s                       0x00000000   Number         0  rt_locale.o ABSOLUTE
    ../clib/angel/scatter.s                  0x00000000   Number         0  __scatter.o ABSOLUTE
    ../clib/angel/startup.s                  0x00000000   Number         0  __main.o ABSOLUTE
    ../clib/angel/sys.s                      0x00000000   Number         0  sys_stackheap_outer.o ABSOLUTE
    ../clib/angel/sys.s                      0x00000000   Number         0  libspace.o ABSOLUTE
    ../clib/angel/sys.s                      0x00000000   Number         0  use_no_semi.o ABSOLUTE
    ../clib/angel/sys.s                      0x00000000   Number         0  indicate_semi.o ABSOLUTE
    ../clib/angel/sys.s                      0x00000000   Number         0  use_no_semi_2.o ABSOLUTE
    ../clib/angel/sysapp.c                   0x00000000   Number         0  sys_wrch.o ABSOLUTE
    ../clib/angel/sysapp.c                   0x00000000   Number         0  sys_command.o ABSOLUTE
    ../clib/armsys.c                         0x00000000   Number         0  argv_veneer.o ABSOLUTE
    ../clib/armsys.c                         0x00000000   Number         0  _get_argv_nomalloc.o ABSOLUTE
    ../clib/armsys.c                         0x00000000   Number         0  argv_veneer.o ABSOLUTE
    ../clib/armsys.c                         0x00000000   Number         0  no_argv.o ABSOLUTE
    ../clib/bigflt.c                         0x00000000   Number         0  bigflt0.o ABSOLUTE
    ../clib/btod.s                           0x00000000   Number         0  btod.o ABSOLUTE
    ../clib/heapalloc.c                      0x00000000   Number         0  hrguard.o ABSOLUTE
    ../clib/heapaux.c                        0x00000000   Number         0  heapauxi.o ABSOLUTE
    ../clib/libinit.s                        0x00000000   Number         0  libshutdown.o ABSOLUTE
    ../clib/libinit.s                        0x00000000   Number         0  libshutdown2.o ABSOLUTE
    ../clib/libinit.s                        0x00000000   Number         0  libinit.o ABSOLUTE
    ../clib/libinit.s                        0x00000000   Number         0  libinit2.o ABSOLUTE
    ../clib/locale.s                         0x00000000   Number         0  lc_numeric_c.o ABSOLUTE
    ../clib/longlong.s                       0x00000000   Number         0  lludiv10.o ABSOLUTE
    ../clib/memcpset.s                       0x00000000   Number         0  strcmpv7m.o ABSOLUTE
    ../clib/misc.s                           0x00000000   Number         0  printf_stubs.o ABSOLUTE
    ../clib/printf.c                         0x00000000   Number         0  noretval__2printf.o ABSOLUTE
    ../clib/printf.c                         0x00000000   Number         0  _printf_hex_int_ptr.o ABSOLUTE
    ../clib/printf.c                         0x00000000   Number         0  _printf_hex_ll_ptr.o ABSOLUTE
    ../clib/printf.c                         0x00000000   Number         0  _printf_hex_int_ll_ptr.o ABSOLUTE
    ../clib/printf.c                         0x00000000   Number         0  __printf_flags.o ABSOLUTE
    ../clib/printf.c                         0x00000000   Number         0  __printf_ss.o ABSOLUTE
    ../clib/printf.c                         0x00000000   Number         0  __printf_flags_ss.o ABSOLUTE
    ../clib/printf.c                         0x00000000   Number         0  __printf_wp.o ABSOLUTE
    ../clib/printf.c                         0x00000000   Number         0  __printf_flags_wp.o ABSOLUTE
    ../clib/printf.c                         0x00000000   Number         0  __printf_flags_ss_wp.o ABSOLUTE
    ../clib/printf.c                         0x00000000   Number         0  __2printf.o ABSOLUTE
    ../clib/printf.c                         0x00000000   Number         0  __printf_nopercent.o ABSOLUTE
    ../clib/printf.c                         0x00000000   Number         0  __printf_ss_wp.o ABSOLUTE
    ../clib/printf.c                         0x00000000   Number         0  _printf_fp_infnan.o ABSOLUTE
    ../clib/printf.c                         0x00000000   Number         0  _printf_char_common.o ABSOLUTE
    ../clib/printf.c                         0x00000000   Number         0  _printf_intcommon.o ABSOLUTE
    ../clib/printf.c                         0x00000000   Number         0  _printf_fp_dec.o ABSOLUTE
    ../clib/printf.c                         0x00000000   Number         0  _printf_char_file.o ABSOLUTE
    ../clib/printf.c                         0x00000000   Number         0  _printf_hex_int_ll.o ABSOLUTE
    ../clib/printf.c                         0x00000000   Number         0  __printf.o ABSOLUTE
    ../clib/printf.c                         0x00000000   Number         0  _printf_pad.o ABSOLUTE
    ../clib/printf.c                         0x00000000   Number         0  _printf_dec.o ABSOLUTE
    ../clib/printf.c                         0x00000000   Number         0  _printf_hex_ll.o ABSOLUTE
    ../clib/printf.c                         0x00000000   Number         0  _printf_hex_int.o ABSOLUTE
    ../clib/printf.c                         0x00000000   Number         0  _printf_hex_ptr.o ABSOLUTE
    ../clib/printf_percent.s                 0x00000000   Number         0  _printf_f.o ABSOLUTE
    ../clib/printf_percent.s                 0x00000000   Number         0  _printf_percent.o ABSOLUTE
    ../clib/printf_percent.s                 0x00000000   Number         0  _printf_d.o ABSOLUTE
    ../clib/printf_percent.s                 0x00000000   Number         0  _printf_x.o ABSOLUTE
    ../clib/printf_percent.s                 0x00000000   Number         0  _printf_percent_end.o ABSOLUTE
    ../clib/signal.c                         0x00000000   Number         0  defsig_stak_inner.o ABSOLUTE
    ../clib/signal.c                         0x00000000   Number         0  defsig_rtred_inner.o ABSOLUTE
    ../clib/signal.c                         0x00000000   Number         0  defsig_exit.o ABSOLUTE
    ../clib/signal.c                         0x00000000   Number         0  defsig_cppl_inner.o ABSOLUTE
    ../clib/signal.c                         0x00000000   Number         0  __raise.o ABSOLUTE
    ../clib/signal.c                         0x00000000   Number         0  defsig_segv_inner.o ABSOLUTE
    ../clib/signal.c                         0x00000000   Number         0  defsig_other.o ABSOLUTE
    ../clib/signal.c                         0x00000000   Number         0  defsig_general.o ABSOLUTE
    ../clib/signal.c                         0x00000000   Number         0  defsig_abrt_inner.o ABSOLUTE
    ../clib/signal.c                         0x00000000   Number         0  defsig_fpe_inner.o ABSOLUTE
    ../clib/signal.c                         0x00000000   Number         0  defsig_rtmem_formal.o ABSOLUTE
    ../clib/signal.c                         0x00000000   Number         0  defsig_rtmem_outer.o ABSOLUTE
    ../clib/signal.c                         0x00000000   Number         0  defsig_rtmem_inner.o ABSOLUTE
    ../clib/signal.c                         0x00000000   Number         0  defsig_pvfn_inner.o ABSOLUTE
    ../clib/signal.s                         0x00000000   Number         0  defsig.o ABSOLUTE
    ../clib/stdio.c                          0x00000000   Number         0  ferror_locked.o ABSOLUTE
    ../clib/stdio.c                          0x00000000   Number         0  ferror.o ABSOLUTE
    ../clib/stdlib.c                         0x00000000   Number         0  exit.o ABSOLUTE
    ../fplib/d2f.s                           0x00000000   Number         0  d2f.o ABSOLUTE
    ../fplib/dflt.s                          0x00000000   Number         0  dflt_clz.o ABSOLUTE
    ../fplib/dmul.s                          0x00000000   Number         0  dmul.o ABSOLUTE
    ../fplib/dnaninf.s                       0x00000000   Number         0  dnaninf.o ABSOLUTE
    ../fplib/dretinf.s                       0x00000000   Number         0  dretinf.o ABSOLUTE
    ../fplib/f2d.s                           0x00000000   Number         0  f2d.o ABSOLUTE
    ../fplib/fnaninf.s                       0x00000000   Number         0  fnaninf.o ABSOLUTE
    ../fplib/fpinit.s                        0x00000000   Number         0  fpinit.o ABSOLUTE
    ../fplib/fretinf.s                       0x00000000   Number         0  fretinf.o ABSOLUTE
    ../fplib/istatus.s                       0x00000000   Number         0  istatus.o ABSOLUTE
    ../fplib/printf1.s                       0x00000000   Number         0  printf1.o ABSOLUTE
    ../fplib/usenofp.s                       0x00000000   Number         0  usenofp.o ABSOLUTE
    ../mathlib/fpclassify.c                  0x00000000   Number         0  fpclassify.o ABSOLUTE
    ..\CORE\startup_stm32f40_41xxx.s         0x00000000   Number         0  startup_stm32f40_41xxx.o ABSOLUTE
    ..\FWLIB\src\misc.c                      0x00000000   Number         0  misc.o ABSOLUTE
    ..\FWLIB\src\stm32f4xx_gpio.c            0x00000000   Number         0  stm32f4xx_gpio.o ABSOLUTE
    ..\FWLIB\src\stm32f4xx_rcc.c             0x00000000   Number         0  stm32f4xx_rcc.o ABSOLUTE
    ..\FWLIB\src\stm32f4xx_spi.c             0x00000000   Number         0  stm32f4xx_spi.o ABSOLUTE
    ..\FWLIB\src\stm32f4xx_syscfg.c          0x00000000   Number         0  stm32f4xx_syscfg.o ABSOLUTE
    ..\FWLIB\src\stm32f4xx_usart.c           0x00000000   Number         0  stm32f4xx_usart.o ABSOLUTE
    ..\HARDWARE\BEEP\beep.c                  0x00000000   Number         0  beep.o ABSOLUTE
    ..\HARDWARE\DIGITAL_TUBE\digital_tube.c  0x00000000   Number         0  digital_tube.o ABSOLUTE
    ..\HARDWARE\KEY\key.c                    0x00000000   Number         0  key.o ABSOLUTE
    ..\HARDWARE\LED\led.c                    0x00000000   Number         0  led.o ABSOLUTE
    ..\HARDWARE\MAX6675\max_6675.c           0x00000000   Number         0  max_6675.o ABSOLUTE
    ..\SYSTEM\delay\delay.c                  0x00000000   Number         0  delay.o ABSOLUTE
    ..\SYSTEM\sys\sys.c                      0x00000000   Number         0  sys.o ABSOLUTE
    ..\SYSTEM\usart\usart.c                  0x00000000   Number         0  usart.o ABSOLUTE
    ..\\FWLIB\\src\\misc.c                   0x00000000   Number         0  misc.o ABSOLUTE
    ..\\FWLIB\\src\\stm32f4xx_gpio.c         0x00000000   Number         0  stm32f4xx_gpio.o ABSOLUTE
    ..\\FWLIB\\src\\stm32f4xx_rcc.c          0x00000000   Number         0  stm32f4xx_rcc.o ABSOLUTE
    ..\\FWLIB\\src\\stm32f4xx_spi.c          0x00000000   Number         0  stm32f4xx_spi.o ABSOLUTE
    ..\\FWLIB\\src\\stm32f4xx_syscfg.c       0x00000000   Number         0  stm32f4xx_syscfg.o ABSOLUTE
    ..\\FWLIB\\src\\stm32f4xx_usart.c        0x00000000   Number         0  stm32f4xx_usart.o ABSOLUTE
    ..\\HARDWARE\\BEEP\\beep.c               0x00000000   Number         0  beep.o ABSOLUTE
    ..\\HARDWARE\\DIGITAL_TUBE\\digital_tube.c 0x00000000   Number         0  digital_tube.o ABSOLUTE
    ..\\HARDWARE\\KEY\\key.c                 0x00000000   Number         0  key.o ABSOLUTE
    ..\\HARDWARE\\LED\\led.c                 0x00000000   Number         0  led.o ABSOLUTE
    ..\\HARDWARE\\MAX6675\\max_6675.c        0x00000000   Number         0  max_6675.o ABSOLUTE
    ..\\SYSTEM\\delay\\delay.c               0x00000000   Number         0  delay.o ABSOLUTE
    ..\\SYSTEM\\sys\\sys.c                   0x00000000   Number         0  sys.o ABSOLUTE
    ..\\SYSTEM\\usart\\usart.c               0x00000000   Number         0  usart.o ABSOLUTE
    dc.s                                     0x00000000   Number         0  dc.o ABSOLUTE
    main.c                                   0x00000000   Number         0  main.o ABSOLUTE
    main.c                                   0x00000000   Number         0  main.o ABSOLUTE
    stm32f4xx_it.c                           0x00000000   Number         0  stm32f4xx_it.o ABSOLUTE
    stm32f4xx_it.c                           0x00000000   Number         0  stm32f4xx_it.o ABSOLUTE
    system_stm32f4xx.c                       0x00000000   Number         0  system_stm32f4xx.o ABSOLUTE
    system_stm32f4xx.c                       0x00000000   Number         0  system_stm32f4xx.o ABSOLUTE
    RESET                                    0x08000000   Section      392  startup_stm32f40_41xxx.o(RESET)
    !!!main                                  0x08000188   Section        8  __main.o(!!!main)
    !!!scatter                               0x08000190   Section       52  __scatter.o(!!!scatter)
    !!handler_copy                           0x080001c4   Section       26  __scatter_copy.o(!!handler_copy)
    !!handler_zi                             0x080001e0   Section       28  __scatter_zi.o(!!handler_zi)
    .ARM.Collect$$_printf_percent$$00000000  0x080001fc   Section        0  _printf_percent.o(.ARM.Collect$$_printf_percent$$00000000)
    .ARM.Collect$$_printf_percent$$00000003  0x080001fc   Section        6  _printf_f.o(.ARM.Collect$$_printf_percent$$00000003)
    .ARM.Collect$$_printf_percent$$00000009  0x08000202   Section        6  _printf_d.o(.ARM.Collect$$_printf_percent$$00000009)
    .ARM.Collect$$_printf_percent$$0000000C  0x08000208   Section        6  _printf_x.o(.ARM.Collect$$_printf_percent$$0000000C)
    .ARM.Collect$$_printf_percent$$00000017  0x0800020e   Section        4  _printf_percent_end.o(.ARM.Collect$$_printf_percent$$00000017)
    .ARM.Collect$$libinit$$00000000          0x08000212   Section        2  libinit.o(.ARM.Collect$$libinit$$00000000)
    .ARM.Collect$$libinit$$00000001          0x08000214   Section        4  libinit2.o(.ARM.Collect$$libinit$$00000001)
    .ARM.Collect$$libinit$$00000008          0x08000218   Section        0  libinit2.o(.ARM.Collect$$libinit$$00000008)
    .ARM.Collect$$libinit$$0000000A          0x08000218   Section        0  libinit2.o(.ARM.Collect$$libinit$$0000000A)
    .ARM.Collect$$libinit$$0000000C          0x08000218   Section        0  libinit2.o(.ARM.Collect$$libinit$$0000000C)
    .ARM.Collect$$libinit$$0000000D          0x08000218   Section        6  libinit2.o(.ARM.Collect$$libinit$$0000000D)
    .ARM.Collect$$libinit$$0000000F          0x0800021e   Section        0  libinit2.o(.ARM.Collect$$libinit$$0000000F)
    .ARM.Collect$$libinit$$00000011          0x0800021e   Section        0  libinit2.o(.ARM.Collect$$libinit$$00000011)
    .ARM.Collect$$libinit$$00000013          0x0800021e   Section        0  libinit2.o(.ARM.Collect$$libinit$$00000013)
    .ARM.Collect$$libinit$$00000014          0x0800021e   Section       10  libinit2.o(.ARM.Collect$$libinit$$00000014)
    .ARM.Collect$$libinit$$00000015          0x08000228   Section        0  libinit2.o(.ARM.Collect$$libinit$$00000015)
    .ARM.Collect$$libinit$$00000017          0x08000228   Section        0  libinit2.o(.ARM.Collect$$libinit$$00000017)
    .ARM.Collect$$libinit$$00000019          0x08000228   Section        0  libinit2.o(.ARM.Collect$$libinit$$00000019)
    .ARM.Collect$$libinit$$0000001B          0x08000228   Section        0  libinit2.o(.ARM.Collect$$libinit$$0000001B)
    .ARM.Collect$$libinit$$0000001D          0x08000228   Section        0  libinit2.o(.ARM.Collect$$libinit$$0000001D)
    .ARM.Collect$$libinit$$0000001F          0x08000228   Section        0  libinit2.o(.ARM.Collect$$libinit$$0000001F)
    .ARM.Collect$$libinit$$00000021          0x08000228   Section        0  libinit2.o(.ARM.Collect$$libinit$$00000021)
    .ARM.Collect$$libinit$$00000023          0x08000228   Section        0  libinit2.o(.ARM.Collect$$libinit$$00000023)
    .ARM.Collect$$libinit$$0000002A          0x08000228   Section        0  libinit2.o(.ARM.Collect$$libinit$$0000002A)
    .ARM.Collect$$libinit$$0000002C          0x08000228   Section        0  libinit2.o(.ARM.Collect$$libinit$$0000002C)
    .ARM.Collect$$libinit$$0000002E          0x08000228   Section        0  libinit2.o(.ARM.Collect$$libinit$$0000002E)
    .ARM.Collect$$libinit$$00000030          0x08000228   Section        0  libinit2.o(.ARM.Collect$$libinit$$00000030)
    .ARM.Collect$$libinit$$00000031          0x08000228   Section        2  libinit2.o(.ARM.Collect$$libinit$$00000031)
    .ARM.Collect$$libshutdown$$00000000      0x0800022a   Section        2  libshutdown.o(.ARM.Collect$$libshutdown$$00000000)
    .ARM.Collect$$libshutdown$$00000003      0x0800022c   Section        0  libshutdown2.o(.ARM.Collect$$libshutdown$$00000003)
    .ARM.Collect$$libshutdown$$00000006      0x0800022c   Section        0  libshutdown2.o(.ARM.Collect$$libshutdown$$00000006)
    .ARM.Collect$$libshutdown$$00000009      0x0800022c   Section        0  libshutdown2.o(.ARM.Collect$$libshutdown$$00000009)
    .ARM.Collect$$libshutdown$$0000000B      0x0800022c   Section        0  libshutdown2.o(.ARM.Collect$$libshutdown$$0000000B)
    .ARM.Collect$$libshutdown$$0000000E      0x0800022c   Section        0  libshutdown2.o(.ARM.Collect$$libshutdown$$0000000E)
    .ARM.Collect$$libshutdown$$0000000F      0x0800022c   Section        2  libshutdown2.o(.ARM.Collect$$libshutdown$$0000000F)
    .ARM.Collect$$rtentry$$00000000          0x0800022e   Section        0  rtentry.o(.ARM.Collect$$rtentry$$00000000)
    .ARM.Collect$$rtentry$$00000002          0x0800022e   Section        0  rtentry2.o(.ARM.Collect$$rtentry$$00000002)
    .ARM.Collect$$rtentry$$00000004          0x0800022e   Section        6  rtentry4.o(.ARM.Collect$$rtentry$$00000004)
    .ARM.Collect$$rtentry$$00000009          0x08000234   Section        0  rtentry2.o(.ARM.Collect$$rtentry$$00000009)
    .ARM.Collect$$rtentry$$0000000A          0x08000234   Section        4  rtentry2.o(.ARM.Collect$$rtentry$$0000000A)
    .ARM.Collect$$rtentry$$0000000C          0x08000238   Section        0  rtentry2.o(.ARM.Collect$$rtentry$$0000000C)
    .ARM.Collect$$rtentry$$0000000D          0x08000238   Section        8  rtentry2.o(.ARM.Collect$$rtentry$$0000000D)
    .ARM.Collect$$rtexit$$00000000           0x08000240   Section        2  rtexit.o(.ARM.Collect$$rtexit$$00000000)
    .ARM.Collect$$rtexit$$00000002           0x08000242   Section        0  rtexit2.o(.ARM.Collect$$rtexit$$00000002)
    .ARM.Collect$$rtexit$$00000003           0x08000242   Section        4  rtexit2.o(.ARM.Collect$$rtexit$$00000003)
    .ARM.Collect$$rtexit$$00000004           0x08000246   Section        6  rtexit2.o(.ARM.Collect$$rtexit$$00000004)
    .text                                    0x0800024c   Section        0  main.o(.text)
    .text                                    0x080002e4   Section        0  stm32f4xx_it.o(.text)
    .text                                    0x08000300   Section        0  system_stm32f4xx.o(.text)
    SetSysClock                              0x08000301   Thumb Code   220  system_stm32f4xx.o(.text)
    .text                                    0x08000510   Section        0  led.o(.text)
    .text                                    0x08000550   Section        0  digital_tube.o(.text)
    .text                                    0x08000734   Section        0  max_6675.o(.text)
    .text                                    0x08000970   Section        0  delay.o(.text)
    .text                                    0x08000a74   Section        0  usart.o(.text)
    .text                                    0x08000bc8   Section       64  startup_stm32f40_41xxx.o(.text)
    $v0                                      0x08000bc8   Number         0  startup_stm32f40_41xxx.o(.text)
    .text                                    0x08000c08   Section        0  misc.o(.text)
    .text                                    0x08000ce8   Section        0  stm32f4xx_gpio.o(.text)
    .text                                    0x08000f7c   Section        0  stm32f4xx_rcc.o(.text)
    .text                                    0x080015d8   Section        0  stm32f4xx_usart.o(.text)
    .text                                    0x08001a2c   Section        0  stm32f4xx_spi.o(.text)
    .text                                    0x08001eac   Section        2  use_no_semi_2.o(.text)
    .text                                    0x08001eb0   Section        0  noretval__2printf.o(.text)
    .text                                    0x08001ec8   Section        0  _printf_pad.o(.text)
    .text                                    0x08001f18   Section        0  _printf_dec.o(.text)
    .text                                    0x08001f8c   Section        0  _printf_hex_int.o(.text)
    .text                                    0x08001fe4   Section        0  __printf_flags_wp.o(.text)
    .text                                    0x0800211c   Section        0  heapauxi.o(.text)
    .text                                    0x08002122   Section        2  use_no_semi.o(.text)
    .text                                    0x08002124   Section        0  _printf_intcommon.o(.text)
    .text                                    0x080021d6   Section        0  _printf_fp_dec.o(.text)
    _fp_digits                               0x080021d9   Thumb Code   428  _printf_fp_dec.o(.text)
    .text                                    0x080025ec   Section        0  _printf_char_file.o(.text)
    .text                                    0x08002610   Section        8  rt_locale_intlibspace.o(.text)
    .text                                    0x08002618   Section      138  lludiv10.o(.text)
    .text                                    0x080026a4   Section        0  _printf_char_common.o(.text)
    _printf_input_char                       0x080026a5   Thumb Code    10  _printf_char_common.o(.text)
    .text                                    0x080026d4   Section        0  _printf_fp_infnan.o(.text)
    .text                                    0x08002754   Section        0  bigflt0.o(.text)
    .text                                    0x0800282c   Section        0  ferror.o(.text)
    .text                                    0x08002834   Section        8  libspace.o(.text)
    .text                                    0x0800283c   Section       74  sys_stackheap_outer.o(.text)
    .text                                    0x08002886   Section        0  exit.o(.text)
    .text                                    0x08002894   Section      128  strcmpv7m.o(.text)
    CL$$btod_d2e                             0x08002914   Section       62  btod.o(CL$$btod_d2e)
    CL$$btod_d2e_denorm_low                  0x08002952   Section       70  btod.o(CL$$btod_d2e_denorm_low)
    CL$$btod_d2e_norm_op1                    0x08002998   Section       96  btod.o(CL$$btod_d2e_norm_op1)
    CL$$btod_div_common                      0x080029f8   Section      824  btod.o(CL$$btod_div_common)
    CL$$btod_e2e                             0x08002d30   Section      198  btod.o(CL$$btod_e2e)
    CL$$btod_ediv                            0x08002df6   Section       40  btod.o(CL$$btod_ediv)
    CL$$btod_emul                            0x08002e1e   Section       40  btod.o(CL$$btod_emul)
    CL$$btod_mult_common                     0x08002e46   Section      580  btod.o(CL$$btod_mult_common)
    i.__ARM_fpclassify                       0x0800308a   Section        0  fpclassify.o(i.__ARM_fpclassify)
    i._is_digit                              0x080030ba   Section        0  __printf_wp.o(i._is_digit)
    locale$$code                             0x080030c8   Section       44  lc_numeric_c.o(locale$$code)
    x$fpl$d2f                                0x080030f4   Section       98  d2f.o(x$fpl$d2f)
    $v0                                      0x080030f4   Number         0  d2f.o(x$fpl$d2f)
    x$fpl$dfltu                              0x08003156   Section       38  dflt_clz.o(x$fpl$dfltu)
    $v0                                      0x08003156   Number         0  dflt_clz.o(x$fpl$dfltu)
    x$fpl$dmul                               0x0800317c   Section      340  dmul.o(x$fpl$dmul)
    $v0                                      0x0800317c   Number         0  dmul.o(x$fpl$dmul)
    x$fpl$dnaninf                            0x080032d0   Section      156  dnaninf.o(x$fpl$dnaninf)
    $v0                                      0x080032d0   Number         0  dnaninf.o(x$fpl$dnaninf)
    x$fpl$dretinf                            0x0800336c   Section       12  dretinf.o(x$fpl$dretinf)
    $v0                                      0x0800336c   Number         0  dretinf.o(x$fpl$dretinf)
    x$fpl$f2d                                0x08003378   Section       86  f2d.o(x$fpl$f2d)
    $v0                                      0x08003378   Number         0  f2d.o(x$fpl$f2d)
    x$fpl$fnaninf                            0x080033ce   Section      140  fnaninf.o(x$fpl$fnaninf)
    $v0                                      0x080033ce   Number         0  fnaninf.o(x$fpl$fnaninf)
    x$fpl$fpinit                             0x0800345a   Section       10  fpinit.o(x$fpl$fpinit)
    $v0                                      0x0800345a   Number         0  fpinit.o(x$fpl$fpinit)
    x$fpl$fretinf                            0x08003464   Section       10  fretinf.o(x$fpl$fretinf)
    $v0                                      0x08003464   Number         0  fretinf.o(x$fpl$fretinf)
    x$fpl$printf1                            0x0800346e   Section        4  printf1.o(x$fpl$printf1)
    $v0                                      0x0800346e   Number         0  printf1.o(x$fpl$printf1)
    .constdata                               0x08003472   Section       40  _printf_hex_int.o(.constdata)
    x$fpl$usenofp                            0x08003472   Section        0  usenofp.o(x$fpl$usenofp)
    uc_hextab                                0x08003472   Data          20  _printf_hex_int.o(.constdata)
    lc_hextab                                0x08003486   Data          20  _printf_hex_int.o(.constdata)
    .constdata                               0x0800349a   Section       17  __printf_flags_wp.o(.constdata)
    maptable                                 0x0800349a   Data          17  __printf_flags_wp.o(.constdata)
    .constdata                               0x080034ac   Section      148  bigflt0.o(.constdata)
    tenpwrs_x                                0x080034ac   Data          60  bigflt0.o(.constdata)
    tenpwrs_i                                0x080034e8   Data          64  bigflt0.o(.constdata)
    .conststring                             0x08003540   Section       94  digital_tube.o(.conststring)
    locale$$data                             0x080035c0   Section       28  lc_numeric_c.o(locale$$data)
    __lcnum_c_name                           0x080035c4   Data           2  lc_numeric_c.o(locale$$data)
    __lcnum_c_start                          0x080035cc   Data           0  lc_numeric_c.o(locale$$data)
    __lcnum_c_point                          0x080035d8   Data           0  lc_numeric_c.o(locale$$data)
    __lcnum_c_thousands                      0x080035da   Data           0  lc_numeric_c.o(locale$$data)
    __lcnum_c_grouping                       0x080035db   Data           0  lc_numeric_c.o(locale$$data)
    __lcnum_c_end                            0x080035dc   Data           0  lc_numeric_c.o(locale$$data)
    .data                                    0x20000000   Section       20  system_stm32f4xx.o(.data)
    .data                                    0x20000014   Section       21  digital_tube.o(.data)
    .data                                    0x2000002c   Section        4  max_6675.o(.data)
    .data                                    0x20000030   Section        4  delay.o(.data)
    fac_us                                   0x20000030   Data           1  delay.o(.data)
    fac_ms                                   0x20000032   Data           2  delay.o(.data)
    .data                                    0x20000034   Section        6  usart.o(.data)
    .data                                    0x2000003a   Section       16  stm32f4xx_rcc.o(.data)
    APBAHBPrescTable                         0x2000003a   Data          16  stm32f4xx_rcc.o(.data)
    .bss                                     0x2000004c   Section      200  usart.o(.bss)
    .bss                                     0x20000114   Section       96  libspace.o(.bss)
    HEAP                                     0x20000178   Section      512  startup_stm32f40_41xxx.o(HEAP)
    Heap_Mem                                 0x20000178   Data         512  startup_stm32f40_41xxx.o(HEAP)
    STACK                                    0x20000378   Section     1024  startup_stm32f40_41xxx.o(STACK)
    Stack_Mem                                0x20000378   Data        1024  startup_stm32f40_41xxx.o(STACK)
    __initial_sp                             0x20000778   Data           0  startup_stm32f40_41xxx.o(STACK)

    Global Symbols

    Symbol Name                              Value     Ov Type        Size  Object(Section)

    BuildAttributes$$THM_ISAv4$E$P$D$K$B$S$7EM$VFPi3$EXTD16$VFPS$VFMA$PE$A:L22UL41UL21$X:L11$S22US41US21$IEEE1$IW$USESV6$~STKCKD$USESV7$~SHL$OTIME$ROPI$IEEEJ$EBA8$UX$STANDARDLIB$REQ8$PRES8$EABIv2 0x00000000   Number         0  anon$$obj.o ABSOLUTE
    __ARM_use_no_argv                        0x00000000   Number         0  main.o ABSOLUTE
    _printf_flags                            0x00000000   Number         0  printf_stubs.o ABSOLUTE
    _printf_return_value                     0x00000000   Number         0  printf_stubs.o ABSOLUTE
    _printf_sizespec                         0x00000000   Number         0  printf_stubs.o ABSOLUTE
    _printf_widthprec                        0x00000000   Number         0  printf_stubs.o ABSOLUTE
    __ARM_exceptions_init                     - Undefined Weak Reference
    __alloca_initialize                       - Undefined Weak Reference
    __cpp_initialize__aeabi_                  - Undefined Weak Reference
    __cxa_finalize                            - Undefined Weak Reference
    __sigvec_lookup                           - Undefined Weak Reference
    _atexit_init                              - Undefined Weak Reference
    _call_atexit_fns                          - Undefined Weak Reference
    _clock_init                               - Undefined Weak Reference
    _fp_trap_init                             - Undefined Weak Reference
    _fp_trap_shutdown                         - Undefined Weak Reference
    _get_lc_collate                           - Undefined Weak Reference
    _get_lc_ctype                             - Undefined Weak Reference
    _get_lc_monetary                          - Undefined Weak Reference
    _get_lc_time                              - Undefined Weak Reference
    _getenv_init                              - Undefined Weak Reference
    _handle_redirection                       - Undefined Weak Reference
    _init_alloc                               - Undefined Weak Reference
    _init_user_alloc                          - Undefined Weak Reference
    _initio                                   - Undefined Weak Reference
    _mutex_acquire                            - Undefined Weak Reference
    _mutex_release                            - Undefined Weak Reference
    _printf_truncate_signed                   - Undefined Weak Reference
    _printf_truncate_unsigned                 - Undefined Weak Reference
    _rand_init                                - Undefined Weak Reference
    _signal_finish                            - Undefined Weak Reference
    _signal_init                              - Undefined Weak Reference
    _terminate_alloc                          - Undefined Weak Reference
    _terminate_user_alloc                     - Undefined Weak Reference
    _terminateio                              - Undefined Weak Reference
    __Vectors_Size                           0x00000188   Number         0  startup_stm32f40_41xxx.o ABSOLUTE
    __Vectors                                0x08000000   Data           4  startup_stm32f40_41xxx.o(RESET)
    __Vectors_End                            0x08000188   Data           0  startup_stm32f40_41xxx.o(RESET)
    __main                                   0x08000189   Thumb Code     8  __main.o(!!!main)
    __scatterload                            0x08000191   Thumb Code     0  __scatter.o(!!!scatter)
    __scatterload_rt2                        0x08000191   Thumb Code    44  __scatter.o(!!!scatter)
    __scatterload_rt2_thumb_only             0x08000191   Thumb Code     0  __scatter.o(!!!scatter)
    __scatterload_null                       0x0800019f   Thumb Code     0  __scatter.o(!!!scatter)
    __scatterload_copy                       0x080001c5   Thumb Code    26  __scatter_copy.o(!!handler_copy)
    __scatterload_zeroinit                   0x080001e1   Thumb Code    28  __scatter_zi.o(!!handler_zi)
    _printf_f                                0x080001fd   Thumb Code     0  _printf_f.o(.ARM.Collect$$_printf_percent$$00000003)
    _printf_percent                          0x080001fd   Thumb Code     0  _printf_percent.o(.ARM.Collect$$_printf_percent$$00000000)
    _printf_d                                0x08000203   Thumb Code     0  _printf_d.o(.ARM.Collect$$_printf_percent$$00000009)
    _printf_x                                0x08000209   Thumb Code     0  _printf_x.o(.ARM.Collect$$_printf_percent$$0000000C)
    _printf_percent_end                      0x0800020f   Thumb Code     0  _printf_percent_end.o(.ARM.Collect$$_printf_percent$$00000017)
    __rt_lib_init                            0x08000213   Thumb Code     0  libinit.o(.ARM.Collect$$libinit$$00000000)
    __rt_lib_init_fp_1                       0x08000215   Thumb Code     0  libinit2.o(.ARM.Collect$$libinit$$00000001)
    __rt_lib_init_heap_1                     0x08000219   Thumb Code     0  libinit2.o(.ARM.Collect$$libinit$$00000008)
    __rt_lib_init_lc_common                  0x08000219   Thumb Code     0  libinit2.o(.ARM.Collect$$libinit$$0000000D)
    __rt_lib_init_rand_1                     0x08000219   Thumb Code     0  libinit2.o(.ARM.Collect$$libinit$$0000000C)
    __rt_lib_init_user_alloc_1               0x08000219   Thumb Code     0  libinit2.o(.ARM.Collect$$libinit$$0000000A)
    __rt_lib_init_lc_collate_1               0x0800021f   Thumb Code     0  libinit2.o(.ARM.Collect$$libinit$$0000000F)
    __rt_lib_init_lc_ctype_1                 0x0800021f   Thumb Code     0  libinit2.o(.ARM.Collect$$libinit$$00000011)
    __rt_lib_init_lc_monetary_1              0x0800021f   Thumb Code     0  libinit2.o(.ARM.Collect$$libinit$$00000013)
    __rt_lib_init_lc_numeric_2               0x0800021f   Thumb Code     0  libinit2.o(.ARM.Collect$$libinit$$00000014)
    __rt_lib_init_alloca_1                   0x08000229   Thumb Code     0  libinit2.o(.ARM.Collect$$libinit$$0000002C)
    __rt_lib_init_argv_1                     0x08000229   Thumb Code     0  libinit2.o(.ARM.Collect$$libinit$$0000002A)
    __rt_lib_init_atexit_1                   0x08000229   Thumb Code     0  libinit2.o(.ARM.Collect$$libinit$$00000019)
    __rt_lib_init_clock_1                    0x08000229   Thumb Code     0  libinit2.o(.ARM.Collect$$libinit$$0000001F)
    __rt_lib_init_cpp_1                      0x08000229   Thumb Code     0  libinit2.o(.ARM.Collect$$libinit$$00000030)
    __rt_lib_init_exceptions_1               0x08000229   Thumb Code     0  libinit2.o(.ARM.Collect$$libinit$$0000002E)
    __rt_lib_init_fp_trap_1                  0x08000229   Thumb Code     0  libinit2.o(.ARM.Collect$$libinit$$0000001D)
    __rt_lib_init_getenv_1                   0x08000229   Thumb Code     0  libinit2.o(.ARM.Collect$$libinit$$00000021)
    __rt_lib_init_lc_numeric_1               0x08000229   Thumb Code     0  libinit2.o(.ARM.Collect$$libinit$$00000015)
    __rt_lib_init_lc_time_1                  0x08000229   Thumb Code     0  libinit2.o(.ARM.Collect$$libinit$$00000017)
    __rt_lib_init_return                     0x08000229   Thumb Code     0  libinit2.o(.ARM.Collect$$libinit$$00000031)
    __rt_lib_init_signal_1                   0x08000229   Thumb Code     0  libinit2.o(.ARM.Collect$$libinit$$0000001B)
    __rt_lib_init_stdio_1                    0x08000229   Thumb Code     0  libinit2.o(.ARM.Collect$$libinit$$00000023)
    __rt_lib_shutdown                        0x0800022b   Thumb Code     0  libshutdown.o(.ARM.Collect$$libshutdown$$00000000)
    __rt_lib_shutdown_fp_trap_1              0x0800022d   Thumb Code     0  libshutdown2.o(.ARM.Collect$$libshutdown$$00000006)
    __rt_lib_shutdown_heap_1                 0x0800022d   Thumb Code     0  libshutdown2.o(.ARM.Collect$$libshutdown$$0000000E)
    __rt_lib_shutdown_return                 0x0800022d   Thumb Code     0  libshutdown2.o(.ARM.Collect$$libshutdown$$0000000F)
    __rt_lib_shutdown_signal_1               0x0800022d   Thumb Code     0  libshutdown2.o(.ARM.Collect$$libshutdown$$00000009)
    __rt_lib_shutdown_stdio_1                0x0800022d   Thumb Code     0  libshutdown2.o(.ARM.Collect$$libshutdown$$00000003)
    __rt_lib_shutdown_user_alloc_1           0x0800022d   Thumb Code     0  libshutdown2.o(.ARM.Collect$$libshutdown$$0000000B)
    __rt_entry                               0x0800022f   Thumb Code     0  rtentry.o(.ARM.Collect$$rtentry$$00000000)
    __rt_entry_presh_1                       0x0800022f   Thumb Code     0  rtentry2.o(.ARM.Collect$$rtentry$$00000002)
    __rt_entry_sh                            0x0800022f   Thumb Code     0  rtentry4.o(.ARM.Collect$$rtentry$$00000004)
    __rt_entry_li                            0x08000235   Thumb Code     0  rtentry2.o(.ARM.Collect$$rtentry$$0000000A)
    __rt_entry_postsh_1                      0x08000235   Thumb Code     0  rtentry2.o(.ARM.Collect$$rtentry$$00000009)
    __rt_entry_main                          0x08000239   Thumb Code     0  rtentry2.o(.ARM.Collect$$rtentry$$0000000D)
    __rt_entry_postli_1                      0x08000239   Thumb Code     0  rtentry2.o(.ARM.Collect$$rtentry$$0000000C)
    __rt_exit                                0x08000241   Thumb Code     0  rtexit.o(.ARM.Collect$$rtexit$$00000000)
    __rt_exit_ls                             0x08000243   Thumb Code     0  rtexit2.o(.ARM.Collect$$rtexit$$00000003)
    __rt_exit_prels_1                        0x08000243   Thumb Code     0  rtexit2.o(.ARM.Collect$$rtexit$$00000002)
    __rt_exit_exit                           0x08000247   Thumb Code     0  rtexit2.o(.ARM.Collect$$rtexit$$00000004)
    main                                     0x0800024d   Thumb Code   110  main.o(.text)
    NMI_Handler                              0x080002e5   Thumb Code     2  stm32f4xx_it.o(.text)
    HardFault_Handler                        0x080002e7   Thumb Code     4  stm32f4xx_it.o(.text)
    MemManage_Handler                        0x080002eb   Thumb Code     4  stm32f4xx_it.o(.text)
    BusFault_Handler                         0x080002ef   Thumb Code     4  stm32f4xx_it.o(.text)
    UsageFault_Handler                       0x080002f3   Thumb Code     4  stm32f4xx_it.o(.text)
    SVC_Handler                              0x080002f7   Thumb Code     2  stm32f4xx_it.o(.text)
    DebugMon_Handler                         0x080002f9   Thumb Code     2  stm32f4xx_it.o(.text)
    PendSV_Handler                           0x080002fb   Thumb Code     2  stm32f4xx_it.o(.text)
    SysTick_Handler                          0x080002fd   Thumb Code     2  stm32f4xx_it.o(.text)
    SystemInit                               0x080003dd   Thumb Code    88  system_stm32f4xx.o(.text)
    SystemCoreClockUpdate                    0x08000435   Thumb Code   174  system_stm32f4xx.o(.text)
    LED_Init                                 0x08000511   Thumb Code    60  led.o(.text)
    digital_tube_Init                        0x08000551   Thumb Code    60  digital_tube.o(.text)
    digital_tube_display_bit                 0x0800058d   Thumb Code    22  digital_tube.o(.text)
    digital_tube_display_one                 0x080005a3   Thumb Code    70  digital_tube.o(.text)
    digital_tube_display                     0x080005e9   Thumb Code   266  digital_tube.o(.text)
    SPI_MAX6675_Init                         0x08000735   Thumb Code   178  max_6675.o(.text)
    MAX6675_ReadByte                         0x080007e7   Thumb Code    48  max_6675.o(.text)
    max_6675_init                            0x08000817   Thumb Code    14  max_6675.o(.text)
    max_6675_temp_detect                     0x08000825   Thumb Code   160  max_6675.o(.text)
    delay_init                               0x08000971   Thumb Code    52  delay.o(.text)
    delay_us                                 0x080009a5   Thumb Code    72  delay.o(.text)
    delay_xms                                0x080009ed   Thumb Code    72  delay.o(.text)
    delay_ms                                 0x08000a35   Thumb Code    56  delay.o(.text)
    _sys_exit                                0x08000a75   Thumb Code     6  usart.o(.text)
    fputc                                    0x08000a7b   Thumb Code    22  usart.o(.text)
    uart_init                                0x08000a91   Thumb Code   172  usart.o(.text)
    USART1_IRQHandler                        0x08000b3d   Thumb Code   122  usart.o(.text)
    Reset_Handler                            0x08000bc9   Thumb Code     8  startup_stm32f40_41xxx.o(.text)
    ADC_IRQHandler                           0x08000be3   Thumb Code     0  startup_stm32f40_41xxx.o(.text)
    CAN1_RX0_IRQHandler                      0x08000be3   Thumb Code     0  startup_stm32f40_41xxx.o(.text)
    CAN1_RX1_IRQHandler                      0x08000be3   Thumb Code     0  startup_stm32f40_41xxx.o(.text)
    CAN1_SCE_IRQHandler                      0x08000be3   Thumb Code     0  startup_stm32f40_41xxx.o(.text)
    CAN1_TX_IRQHandler                       0x08000be3   Thumb Code     0  startup_stm32f40_41xxx.o(.text)
    CAN2_RX0_IRQHandler                      0x08000be3   Thumb Code     0  startup_stm32f40_41xxx.o(.text)
    CAN2_RX1_IRQHandler                      0x08000be3   Thumb Code     0  startup_stm32f40_41xxx.o(.text)
    CAN2_SCE_IRQHandler                      0x08000be3   Thumb Code     0  startup_stm32f40_41xxx.o(.text)
    CAN2_TX_IRQHandler                       0x08000be3   Thumb Code     0  startup_stm32f40_41xxx.o(.text)
    CRYP_IRQHandler                          0x08000be3   Thumb Code     0  startup_stm32f40_41xxx.o(.text)
    DCMI_IRQHandler                          0x08000be3   Thumb Code     0  startup_stm32f40_41xxx.o(.text)
    DMA1_Stream0_IRQHandler                  0x08000be3   Thumb Code     0  startup_stm32f40_41xxx.o(.text)
    DMA1_Stream1_IRQHandler                  0x08000be3   Thumb Code     0  startup_stm32f40_41xxx.o(.text)
    DMA1_Stream2_IRQHandler                  0x08000be3   Thumb Code     0  startup_stm32f40_41xxx.o(.text)
    DMA1_Stream3_IRQHandler                  0x08000be3   Thumb Code     0  startup_stm32f40_41xxx.o(.text)
    DMA1_Stream4_IRQHandler                  0x08000be3   Thumb Code     0  startup_stm32f40_41xxx.o(.text)
    DMA1_Stream5_IRQHandler                  0x08000be3   Thumb Code     0  startup_stm32f40_41xxx.o(.text)
    DMA1_Stream6_IRQHandler                  0x08000be3   Thumb Code     0  startup_stm32f40_41xxx.o(.text)
    DMA1_Stream7_IRQHandler                  0x08000be3   Thumb Code     0  startup_stm32f40_41xxx.o(.text)
    DMA2_Stream0_IRQHandler                  0x08000be3   Thumb Code     0  startup_stm32f40_41xxx.o(.text)
    DMA2_Stream1_IRQHandler                  0x08000be3   Thumb Code     0  startup_stm32f40_41xxx.o(.text)
    DMA2_Stream2_IRQHandler                  0x08000be3   Thumb Code     0  startup_stm32f40_41xxx.o(.text)
    DMA2_Stream3_IRQHandler                  0x08000be3   Thumb Code     0  startup_stm32f40_41xxx.o(.text)
    DMA2_Stream4_IRQHandler                  0x08000be3   Thumb Code     0  startup_stm32f40_41xxx.o(.text)
    DMA2_Stream5_IRQHandler                  0x08000be3   Thumb Code     0  startup_stm32f40_41xxx.o(.text)
    DMA2_Stream6_IRQHandler                  0x08000be3   Thumb Code     0  startup_stm32f40_41xxx.o(.text)
    DMA2_Stream7_IRQHandler                  0x08000be3   Thumb Code     0  startup_stm32f40_41xxx.o(.text)
    ETH_IRQHandler                           0x08000be3   Thumb Code     0  startup_stm32f40_41xxx.o(.text)
    ETH_WKUP_IRQHandler                      0x08000be3   Thumb Code     0  startup_stm32f40_41xxx.o(.text)
    EXTI0_IRQHandler                         0x08000be3   Thumb Code     0  startup_stm32f40_41xxx.o(.text)
    EXTI15_10_IRQHandler                     0x08000be3   Thumb Code     0  startup_stm32f40_41xxx.o(.text)
    EXTI1_IRQHandler                         0x08000be3   Thumb Code     0  startup_stm32f40_41xxx.o(.text)
    EXTI2_IRQHandler                         0x08000be3   Thumb Code     0  startup_stm32f40_41xxx.o(.text)
    EXTI3_IRQHandler                         0x08000be3   Thumb Code     0  startup_stm32f40_41xxx.o(.text)
    EXTI4_IRQHandler                         0x08000be3   Thumb Code     0  startup_stm32f40_41xxx.o(.text)
    EXTI9_5_IRQHandler                       0x08000be3   Thumb Code     0  startup_stm32f40_41xxx.o(.text)
    FLASH_IRQHandler                         0x08000be3   Thumb Code     0  startup_stm32f40_41xxx.o(.text)
    FPU_IRQHandler                           0x08000be3   Thumb Code     0  startup_stm32f40_41xxx.o(.text)
    FSMC_IRQHandler                          0x08000be3   Thumb Code     0  startup_stm32f40_41xxx.o(.text)
    HASH_RNG_IRQHandler                      0x08000be3   Thumb Code     0  startup_stm32f40_41xxx.o(.text)
    I2C1_ER_IRQHandler                       0x08000be3   Thumb Code     0  startup_stm32f40_41xxx.o(.text)
    I2C1_EV_IRQHandler                       0x08000be3   Thumb Code     0  startup_stm32f40_41xxx.o(.text)
    I2C2_ER_IRQHandler                       0x08000be3   Thumb Code     0  startup_stm32f40_41xxx.o(.text)
    I2C2_EV_IRQHandler                       0x08000be3   Thumb Code     0  startup_stm32f40_41xxx.o(.text)
    I2C3_ER_IRQHandler                       0x08000be3   Thumb Code     0  startup_stm32f40_41xxx.o(.text)
    I2C3_EV_IRQHandler                       0x08000be3   Thumb Code     0  startup_stm32f40_41xxx.o(.text)
    OTG_FS_IRQHandler                        0x08000be3   Thumb Code     0  startup_stm32f40_41xxx.o(.text)
    OTG_FS_WKUP_IRQHandler                   0x08000be3   Thumb Code     0  startup_stm32f40_41xxx.o(.text)
    OTG_HS_EP1_IN_IRQHandler                 0x08000be3   Thumb Code     0  startup_stm32f40_41xxx.o(.text)
    OTG_HS_EP1_OUT_IRQHandler                0x08000be3   Thumb Code     0  startup_stm32f40_41xxx.o(.text)
    OTG_HS_IRQHandler                        0x08000be3   Thumb Code     0  startup_stm32f40_41xxx.o(.text)
    OTG_HS_WKUP_IRQHandler                   0x08000be3   Thumb Code     0  startup_stm32f40_41xxx.o(.text)
    PVD_IRQHandler                           0x08000be3   Thumb Code     0  startup_stm32f40_41xxx.o(.text)
    RCC_IRQHandler                           0x08000be3   Thumb Code     0  startup_stm32f40_41xxx.o(.text)
    RTC_Alarm_IRQHandler                     0x08000be3   Thumb Code     0  startup_stm32f40_41xxx.o(.text)
    RTC_WKUP_IRQHandler                      0x08000be3   Thumb Code     0  startup_stm32f40_41xxx.o(.text)
    SDIO_IRQHandler                          0x08000be3   Thumb Code     0  startup_stm32f40_41xxx.o(.text)
    SPI1_IRQHandler                          0x08000be3   Thumb Code     0  startup_stm32f40_41xxx.o(.text)
    SPI2_IRQHandler                          0x08000be3   Thumb Code     0  startup_stm32f40_41xxx.o(.text)
    SPI3_IRQHandler                          0x08000be3   Thumb Code     0  startup_stm32f40_41xxx.o(.text)
    TAMP_STAMP_IRQHandler                    0x08000be3   Thumb Code     0  startup_stm32f40_41xxx.o(.text)
    TIM1_BRK_TIM9_IRQHandler                 0x08000be3   Thumb Code     0  startup_stm32f40_41xxx.o(.text)
    TIM1_CC_IRQHandler                       0x08000be3   Thumb Code     0  startup_stm32f40_41xxx.o(.text)
    TIM1_TRG_COM_TIM11_IRQHandler            0x08000be3   Thumb Code     0  startup_stm32f40_41xxx.o(.text)
    TIM1_UP_TIM10_IRQHandler                 0x08000be3   Thumb Code     0  startup_stm32f40_41xxx.o(.text)
    TIM2_IRQHandler                          0x08000be3   Thumb Code     0  startup_stm32f40_41xxx.o(.text)
    TIM3_IRQHandler                          0x08000be3   Thumb Code     0  startup_stm32f40_41xxx.o(.text)
    TIM4_IRQHandler                          0x08000be3   Thumb Code     0  startup_stm32f40_41xxx.o(.text)
    TIM5_IRQHandler                          0x08000be3   Thumb Code     0  startup_stm32f40_41xxx.o(.text)
    TIM6_DAC_IRQHandler                      0x08000be3   Thumb Code     0  startup_stm32f40_41xxx.o(.text)
    TIM7_IRQHandler                          0x08000be3   Thumb Code     0  startup_stm32f40_41xxx.o(.text)
    TIM8_BRK_TIM12_IRQHandler                0x08000be3   Thumb Code     0  startup_stm32f40_41xxx.o(.text)
    TIM8_CC_IRQHandler                       0x08000be3   Thumb Code     0  startup_stm32f40_41xxx.o(.text)
    TIM8_TRG_COM_TIM14_IRQHandler            0x08000be3   Thumb Code     0  startup_stm32f40_41xxx.o(.text)
    TIM8_UP_TIM13_IRQHandler                 0x08000be3   Thumb Code     0  startup_stm32f40_41xxx.o(.text)
    UART4_IRQHandler                         0x08000be3   Thumb Code     0  startup_stm32f40_41xxx.o(.text)
    UART5_IRQHandler                         0x08000be3   Thumb Code     0  startup_stm32f40_41xxx.o(.text)
    USART2_IRQHandler                        0x08000be3   Thumb Code     0  startup_stm32f40_41xxx.o(.text)
    USART3_IRQHandler                        0x08000be3   Thumb Code     0  startup_stm32f40_41xxx.o(.text)
    USART6_IRQHandler                        0x08000be3   Thumb Code     0  startup_stm32f40_41xxx.o(.text)
    WWDG_IRQHandler                          0x08000be3   Thumb Code     0  startup_stm32f40_41xxx.o(.text)
    __user_initial_stackheap                 0x08000be5   Thumb Code     0  startup_stm32f40_41xxx.o(.text)
    NVIC_PriorityGroupConfig                 0x08000c09   Thumb Code    10  misc.o(.text)
    NVIC_Init                                0x08000c13   Thumb Code   106  misc.o(.text)
    NVIC_SetVectorTable                      0x08000c7d   Thumb Code    14  misc.o(.text)
    NVIC_SystemLPConfig                      0x08000c8b   Thumb Code    34  misc.o(.text)
    SysTick_CLKSourceConfig                  0x08000cad   Thumb Code    40  misc.o(.text)
    GPIO_DeInit                              0x08000ce9   Thumb Code   268  stm32f4xx_gpio.o(.text)
    GPIO_Init                                0x08000df5   Thumb Code   144  stm32f4xx_gpio.o(.text)
    GPIO_StructInit                          0x08000e85   Thumb Code    18  stm32f4xx_gpio.o(.text)
    GPIO_PinLockConfig                       0x08000e97   Thumb Code    34  stm32f4xx_gpio.o(.text)
    GPIO_ReadInputDataBit                    0x08000eb9   Thumb Code    18  stm32f4xx_gpio.o(.text)
    GPIO_ReadInputData                       0x08000ecb   Thumb Code     8  stm32f4xx_gpio.o(.text)
    GPIO_ReadOutputDataBit                   0x08000ed3   Thumb Code    18  stm32f4xx_gpio.o(.text)
    GPIO_ReadOutputData                      0x08000ee5   Thumb Code     8  stm32f4xx_gpio.o(.text)
    GPIO_SetBits                             0x08000eed   Thumb Code     4  stm32f4xx_gpio.o(.text)
    GPIO_ResetBits                           0x08000ef1   Thumb Code     4  stm32f4xx_gpio.o(.text)
    GPIO_WriteBit                            0x08000ef5   Thumb Code    10  stm32f4xx_gpio.o(.text)
    GPIO_Write                               0x08000eff   Thumb Code     4  stm32f4xx_gpio.o(.text)
    GPIO_ToggleBits                          0x08000f03   Thumb Code     8  stm32f4xx_gpio.o(.text)
    GPIO_PinAFConfig                         0x08000f0b   Thumb Code    70  stm32f4xx_gpio.o(.text)
    RCC_DeInit                               0x08000f7d   Thumb Code    82  stm32f4xx_rcc.o(.text)
    RCC_HSEConfig                            0x08000fcf   Thumb Code    14  stm32f4xx_rcc.o(.text)
    RCC_GetFlagStatus                        0x08000fdd   Thumb Code    60  stm32f4xx_rcc.o(.text)
    RCC_WaitForHSEStartUp                    0x08001019   Thumb Code    56  stm32f4xx_rcc.o(.text)
    RCC_AdjustHSICalibrationValue            0x08001051   Thumb Code    20  stm32f4xx_rcc.o(.text)
    RCC_HSICmd                               0x08001065   Thumb Code     6  stm32f4xx_rcc.o(.text)
    RCC_LSEConfig                            0x0800106b   Thumb Code    46  stm32f4xx_rcc.o(.text)
    RCC_LSICmd                               0x08001099   Thumb Code     6  stm32f4xx_rcc.o(.text)
    RCC_PLLConfig                            0x0800109f   Thumb Code    32  stm32f4xx_rcc.o(.text)
    RCC_PLLCmd                               0x080010bf   Thumb Code     6  stm32f4xx_rcc.o(.text)
    RCC_PLLI2SConfig                         0x080010c5   Thumb Code    14  stm32f4xx_rcc.o(.text)
    RCC_PLLI2SCmd                            0x080010d3   Thumb Code     6  stm32f4xx_rcc.o(.text)
    RCC_PLLSAIConfig                         0x080010d9   Thumb Code    20  stm32f4xx_rcc.o(.text)
    RCC_PLLSAICmd                            0x080010ed   Thumb Code     6  stm32f4xx_rcc.o(.text)
    RCC_ClockSecuritySystemCmd               0x080010f3   Thumb Code     6  stm32f4xx_rcc.o(.text)
    RCC_MCO1Config                           0x080010f9   Thumb Code    28  stm32f4xx_rcc.o(.text)
    RCC_MCO2Config                           0x08001115   Thumb Code    28  stm32f4xx_rcc.o(.text)
    RCC_SYSCLKConfig                         0x08001131   Thumb Code    20  stm32f4xx_rcc.o(.text)
    RCC_GetSYSCLKSource                      0x08001145   Thumb Code    12  stm32f4xx_rcc.o(.text)
    RCC_HCLKConfig                           0x08001151   Thumb Code    20  stm32f4xx_rcc.o(.text)
    RCC_PCLK1Config                          0x08001165   Thumb Code    20  stm32f4xx_rcc.o(.text)
    RCC_PCLK2Config                          0x08001179   Thumb Code    22  stm32f4xx_rcc.o(.text)
    RCC_GetClocksFreq                        0x0800118f   Thumb Code   222  stm32f4xx_rcc.o(.text)
    RCC_RTCCLKConfig                         0x0800126d   Thumb Code    54  stm32f4xx_rcc.o(.text)
    RCC_RTCCLKCmd                            0x080012a3   Thumb Code     8  stm32f4xx_rcc.o(.text)
    RCC_BackupResetCmd                       0x080012ab   Thumb Code     8  stm32f4xx_rcc.o(.text)
    RCC_I2SCLKConfig                         0x080012b3   Thumb Code     6  stm32f4xx_rcc.o(.text)
    RCC_SAIPLLI2SClkDivConfig                0x080012b9   Thumb Code    26  stm32f4xx_rcc.o(.text)
    RCC_SAIPLLSAIClkDivConfig                0x080012d3   Thumb Code    28  stm32f4xx_rcc.o(.text)
    RCC_SAIBlockACLKConfig                   0x080012ef   Thumb Code    20  stm32f4xx_rcc.o(.text)
    RCC_SAIBlockBCLKConfig                   0x08001303   Thumb Code    20  stm32f4xx_rcc.o(.text)
    RCC_LTDCCLKDivConfig                     0x08001317   Thumb Code    20  stm32f4xx_rcc.o(.text)
    RCC_TIMCLKPresConfig                     0x0800132b   Thumb Code     6  stm32f4xx_rcc.o(.text)
    RCC_AHB1PeriphClockCmd                   0x08001331   Thumb Code    34  stm32f4xx_rcc.o(.text)
    RCC_AHB2PeriphClockCmd                   0x08001353   Thumb Code    78  stm32f4xx_rcc.o(.text)
    RCC_AHB3PeriphClockCmd                   0x080013a1   Thumb Code    34  stm32f4xx_rcc.o(.text)
    RCC_APB1PeriphClockCmd                   0x080013c3   Thumb Code    34  stm32f4xx_rcc.o(.text)
    RCC_APB2PeriphClockCmd                   0x080013e5   Thumb Code    34  stm32f4xx_rcc.o(.text)
    RCC_AHB1PeriphResetCmd                   0x08001407   Thumb Code    34  stm32f4xx_rcc.o(.text)
    RCC_AHB2PeriphResetCmd                   0x08001429   Thumb Code    34  stm32f4xx_rcc.o(.text)
    RCC_AHB3PeriphResetCmd                   0x0800144b   Thumb Code    34  stm32f4xx_rcc.o(.text)
    RCC_APB1PeriphResetCmd                   0x0800146d   Thumb Code    34  stm32f4xx_rcc.o(.text)
    RCC_APB2PeriphResetCmd                   0x0800148f   Thumb Code    34  stm32f4xx_rcc.o(.text)
    RCC_AHB1PeriphClockLPModeCmd             0x080014b1   Thumb Code    34  stm32f4xx_rcc.o(.text)
    RCC_AHB2PeriphClockLPModeCmd             0x080014d3   Thumb Code    34  stm32f4xx_rcc.o(.text)
    RCC_AHB3PeriphClockLPModeCmd             0x080014f5   Thumb Code    34  stm32f4xx_rcc.o(.text)
    RCC_APB1PeriphClockLPModeCmd             0x08001517   Thumb Code    34  stm32f4xx_rcc.o(.text)
    RCC_APB2PeriphClockLPModeCmd             0x08001539   Thumb Code    34  stm32f4xx_rcc.o(.text)
    RCC_LSEModeConfig                        0x0800155b   Thumb Code    40  stm32f4xx_rcc.o(.text)
    RCC_ITConfig                             0x08001583   Thumb Code    34  stm32f4xx_rcc.o(.text)
    RCC_ClearFlag                            0x080015a5   Thumb Code    18  stm32f4xx_rcc.o(.text)
    RCC_GetITStatus                          0x080015b7   Thumb Code    22  stm32f4xx_rcc.o(.text)
    RCC_ClearITPendingBit                    0x080015cd   Thumb Code     8  stm32f4xx_rcc.o(.text)
    USART_DeInit                             0x080015d9   Thumb Code   206  stm32f4xx_usart.o(.text)
    USART_Init                               0x080016a7   Thumb Code   204  stm32f4xx_usart.o(.text)
    USART_StructInit                         0x08001773   Thumb Code    24  stm32f4xx_usart.o(.text)
    USART_ClockInit                          0x0800178b   Thumb Code    32  stm32f4xx_usart.o(.text)
    USART_ClockStructInit                    0x080017ab   Thumb Code    12  stm32f4xx_usart.o(.text)
    USART_Cmd                                0x080017b7   Thumb Code    24  stm32f4xx_usart.o(.text)
    USART_SetPrescaler                       0x080017cf   Thumb Code    16  stm32f4xx_usart.o(.text)
    USART_OverSampling8Cmd                   0x080017df   Thumb Code    22  stm32f4xx_usart.o(.text)
    USART_OneBitMethodCmd                    0x080017f5   Thumb Code    24  stm32f4xx_usart.o(.text)
    USART_SendData                           0x0800180d   Thumb Code     8  stm32f4xx_usart.o(.text)
    USART_ReceiveData                        0x08001815   Thumb Code    10  stm32f4xx_usart.o(.text)
    USART_SetAddress                         0x0800181f   Thumb Code    18  stm32f4xx_usart.o(.text)
    USART_ReceiverWakeUpCmd                  0x08001831   Thumb Code    24  stm32f4xx_usart.o(.text)
    USART_WakeUpConfig                       0x08001849   Thumb Code    18  stm32f4xx_usart.o(.text)
    USART_LINBreakDetectLengthConfig         0x0800185b   Thumb Code    18  stm32f4xx_usart.o(.text)
    USART_LINCmd                             0x0800186d   Thumb Code    24  stm32f4xx_usart.o(.text)
    USART_SendBreak                          0x08001885   Thumb Code    10  stm32f4xx_usart.o(.text)
    USART_HalfDuplexCmd                      0x0800188f   Thumb Code    24  stm32f4xx_usart.o(.text)
    USART_SetGuardTime                       0x080018a7   Thumb Code    16  stm32f4xx_usart.o(.text)
    USART_SmartCardCmd                       0x080018b7   Thumb Code    24  stm32f4xx_usart.o(.text)
    USART_SmartCardNACKCmd                   0x080018cf   Thumb Code    24  stm32f4xx_usart.o(.text)
    USART_IrDAConfig                         0x080018e7   Thumb Code    18  stm32f4xx_usart.o(.text)
    USART_IrDACmd                            0x080018f9   Thumb Code    24  stm32f4xx_usart.o(.text)
    USART_DMACmd                             0x08001911   Thumb Code    18  stm32f4xx_usart.o(.text)
    USART_ITConfig                           0x08001923   Thumb Code    74  stm32f4xx_usart.o(.text)
    USART_GetFlagStatus                      0x0800196d   Thumb Code    26  stm32f4xx_usart.o(.text)
    USART_ClearFlag                          0x08001987   Thumb Code    18  stm32f4xx_usart.o(.text)
    USART_GetITStatus                        0x08001999   Thumb Code   118  stm32f4xx_usart.o(.text)
    USART_ClearITPendingBit                  0x08001a0f   Thumb Code    30  stm32f4xx_usart.o(.text)
    SPI_I2S_DeInit                           0x08001a2d   Thumb Code   152  stm32f4xx_spi.o(.text)
    SPI_Init                                 0x08001ac5   Thumb Code    60  stm32f4xx_spi.o(.text)
    I2S_Init                                 0x08001b01   Thumb Code   396  stm32f4xx_spi.o(.text)
    SPI_StructInit                           0x08001c8d   Thumb Code    24  stm32f4xx_spi.o(.text)
    I2S_StructInit                           0x08001ca5   Thumb Code    20  stm32f4xx_spi.o(.text)
    SPI_Cmd                                  0x08001cb9   Thumb Code    24  stm32f4xx_spi.o(.text)
    I2S_Cmd                                  0x08001cd1   Thumb Code    24  stm32f4xx_spi.o(.text)
    SPI_DataSizeConfig                       0x08001ce9   Thumb Code    18  stm32f4xx_spi.o(.text)
    SPI_BiDirectionalLineConfig              0x08001cfb   Thumb Code    28  stm32f4xx_spi.o(.text)
    SPI_NSSInternalSoftwareConfig            0x08001d17   Thumb Code    30  stm32f4xx_spi.o(.text)
    SPI_SSOutputCmd                          0x08001d35   Thumb Code    24  stm32f4xx_spi.o(.text)
    SPI_TIModeCmd                            0x08001d4d   Thumb Code    24  stm32f4xx_spi.o(.text)
    I2S_FullDuplexConfig                     0x08001d65   Thumb Code    80  stm32f4xx_spi.o(.text)
    SPI_I2S_ReceiveData                      0x08001db5   Thumb Code     6  stm32f4xx_spi.o(.text)
    SPI_I2S_SendData                         0x08001dbb   Thumb Code     4  stm32f4xx_spi.o(.text)
    SPI_CalculateCRC                         0x08001dbf   Thumb Code    24  stm32f4xx_spi.o(.text)
    SPI_TransmitCRC                          0x08001dd7   Thumb Code    10  stm32f4xx_spi.o(.text)
    SPI_GetCRC                               0x08001de1   Thumb Code    16  stm32f4xx_spi.o(.text)
    SPI_GetCRCPolynomial                     0x08001df1   Thumb Code     6  stm32f4xx_spi.o(.text)
    SPI_I2S_DMACmd                           0x08001df7   Thumb Code    18  stm32f4xx_spi.o(.text)
    SPI_I2S_ITConfig                         0x08001e09   Thumb Code    68  stm32f4xx_spi.o(.text)
    SPI_I2S_GetFlagStatus                    0x08001e4d   Thumb Code    18  stm32f4xx_spi.o(.text)
    SPI_I2S_ClearFlag                        0x08001e5f   Thumb Code     6  stm32f4xx_spi.o(.text)
    SPI_I2S_GetITStatus                      0x08001e65   Thumb Code    52  stm32f4xx_spi.o(.text)
    SPI_I2S_ClearITPendingBit                0x08001e99   Thumb Code    20  stm32f4xx_spi.o(.text)
    __use_no_semihosting                     0x08001ead   Thumb Code     2  use_no_semi_2.o(.text)
    __2printf                                0x08001eb1   Thumb Code    20  noretval__2printf.o(.text)
    _printf_pre_padding                      0x08001ec9   Thumb Code    44  _printf_pad.o(.text)
    _printf_post_padding                     0x08001ef5   Thumb Code    34  _printf_pad.o(.text)
    _printf_int_dec                          0x08001f19   Thumb Code   100  _printf_dec.o(.text)
    _printf_int_hex                          0x08001f8d   Thumb Code    84  _printf_hex_int.o(.text)
    _printf_longlong_hex                     0x08001f8d   Thumb Code     0  _printf_hex_int.o(.text)
    __printf                                 0x08001fe5   Thumb Code   308  __printf_flags_wp.o(.text)
    __use_two_region_memory                  0x0800211d   Thumb Code     2  heapauxi.o(.text)
    __rt_heap_escrow$2region                 0x0800211f   Thumb Code     2  heapauxi.o(.text)
    __rt_heap_expand$2region                 0x08002121   Thumb Code     2  heapauxi.o(.text)
    __I$use$semihosting                      0x08002123   Thumb Code     0  use_no_semi.o(.text)
    __use_no_semihosting_swi                 0x08002123   Thumb Code     2  use_no_semi.o(.text)
    _printf_int_common                       0x08002125   Thumb Code   178  _printf_intcommon.o(.text)
    __lib_sel_fp_printf                      0x080021d7   Thumb Code     2  _printf_fp_dec.o(.text)
    _printf_fp_dec_real                      0x08002385   Thumb Code   616  _printf_fp_dec.o(.text)
    _printf_char_file                        0x080025ed   Thumb Code    32  _printf_char_file.o(.text)
    __rt_locale                              0x08002611   Thumb Code     8  rt_locale_intlibspace.o(.text)
    _ll_udiv10                               0x08002619   Thumb Code   138  lludiv10.o(.text)
    _printf_char_common                      0x080026af   Thumb Code    32  _printf_char_common.o(.text)
    _printf_fp_infnan                        0x080026d5   Thumb Code   112  _printf_fp_infnan.o(.text)
    _btod_etento                             0x08002755   Thumb Code   212  bigflt0.o(.text)
    ferror                                   0x0800282d   Thumb Code     8  ferror.o(.text)
    __user_libspace                          0x08002835   Thumb Code     8  libspace.o(.text)
    __user_perproc_libspace                  0x08002835   Thumb Code     0  libspace.o(.text)
    __user_perthread_libspace                0x08002835   Thumb Code     0  libspace.o(.text)
    __user_setup_stackheap                   0x0800283d   Thumb Code    74  sys_stackheap_outer.o(.text)
    exit                                     0x08002887   Thumb Code    12  exit.o(.text)
    strcmp                                   0x08002895   Thumb Code   128  strcmpv7m.o(.text)
    _btod_d2e                                0x08002915   Thumb Code    62  btod.o(CL$$btod_d2e)
    _d2e_denorm_low                          0x08002953   Thumb Code    70  btod.o(CL$$btod_d2e_denorm_low)
    _d2e_norm_op1                            0x08002999   Thumb Code    96  btod.o(CL$$btod_d2e_norm_op1)
    __btod_div_common                        0x080029f9   Thumb Code   696  btod.o(CL$$btod_div_common)
    _e2e                                     0x08002d31   Thumb Code   198  btod.o(CL$$btod_e2e)
    _btod_ediv                               0x08002df7   Thumb Code    40  btod.o(CL$$btod_ediv)
    _btod_emul                               0x08002e1f   Thumb Code    40  btod.o(CL$$btod_emul)
    __btod_mult_common                       0x08002e47   Thumb Code   580  btod.o(CL$$btod_mult_common)
    __ARM_fpclassify                         0x0800308b   Thumb Code    48  fpclassify.o(i.__ARM_fpclassify)
    _is_digit                                0x080030bb   Thumb Code    14  __printf_wp.o(i._is_digit)
    _get_lc_numeric                          0x080030c9   Thumb Code    44  lc_numeric_c.o(locale$$code)
    __aeabi_d2f                              0x080030f5   Thumb Code     0  d2f.o(x$fpl$d2f)
    _d2f                                     0x080030f5   Thumb Code    98  d2f.o(x$fpl$d2f)
    __aeabi_ui2d                             0x08003157   Thumb Code     0  dflt_clz.o(x$fpl$dfltu)
    _dfltu                                   0x08003157   Thumb Code    38  dflt_clz.o(x$fpl$dfltu)
    __aeabi_dmul                             0x0800317d   Thumb Code     0  dmul.o(x$fpl$dmul)
    _dmul                                    0x0800317d   Thumb Code   332  dmul.o(x$fpl$dmul)
    __fpl_dnaninf                            0x080032d1   Thumb Code   156  dnaninf.o(x$fpl$dnaninf)
    __fpl_dretinf                            0x0800336d   Thumb Code    12  dretinf.o(x$fpl$dretinf)
    __aeabi_f2d                              0x08003379   Thumb Code     0  f2d.o(x$fpl$f2d)
    _f2d                                     0x08003379   Thumb Code    86  f2d.o(x$fpl$f2d)
    __fpl_fnaninf                            0x080033cf   Thumb Code   140  fnaninf.o(x$fpl$fnaninf)
    _fp_init                                 0x0800345b   Thumb Code    10  fpinit.o(x$fpl$fpinit)
    __fplib_config_fpu_vfp                   0x08003463   Thumb Code     0  fpinit.o(x$fpl$fpinit)
    __fplib_config_pureend_doubles           0x08003463   Thumb Code     0  fpinit.o(x$fpl$fpinit)
    __fpl_fretinf                            0x08003465   Thumb Code    10  fretinf.o(x$fpl$fretinf)
    _printf_fp_dec                           0x0800346f   Thumb Code     4  printf1.o(x$fpl$printf1)
    __I$use$fp                               0x08003472   Number         0  usenofp.o(x$fpl$usenofp)
    Region$$Table$$Base                      0x080035a0   Number         0  anon$$obj.o(Region$$Table)
    Region$$Table$$Limit                     0x080035c0   Number         0  anon$$obj.o(Region$$Table)
    SystemCoreClock                          0x20000000   Data           4  system_stm32f4xx.o(.data)
    AHBPrescTable                            0x20000004   Data          16  system_stm32f4xx.o(.data)
    digit_select_table                       0x20000014   Data           5  digital_tube.o(.data)
    num_table                                0x20000019   Data          16  digital_tube.o(.data)
    f_temprature                             0x2000002c   Data           4  max_6675.o(.data)
    __stdout                                 0x20000034   Data           4  usart.o(.data)
    USART_RX_STA                             0x20000038   Data           2  usart.o(.data)
    USART_RX_BUF                             0x2000004c   Data         200  usart.o(.bss)
    __libspace_start                         0x20000114   Data          96  libspace.o(.bss)
    __temporary_stack_top$libspace           0x20000174   Data           0  libspace.o(.bss)



==============================================================================

Memory Map of the image

  Image Entry point : 0x08000189

  Load Region LR_IROM1 (Base: 0x08000000, Size: 0x00003628, Max: 0x00100000, ABSOLUTE)

    Execution Region ER_IROM1 (Base: 0x08000000, Size: 0x000035dc, Max: 0x00100000, ABSOLUTE)

    Base Addr    Size         Type   Attr      Idx    E Section Name        Object

    0x08000000   0x00000188   Data   RO          411    RESET               startup_stm32f40_41xxx.o
    0x08000188   0x00000008   Code   RO          599  * !!!main             c_w.l(__main.o)
    0x08000190   0x00000034   Code   RO          832    !!!scatter          c_w.l(__scatter.o)
    0x080001c4   0x0000001a   Code   RO          834    !!handler_copy      c_w.l(__scatter_copy.o)
    0x080001de   0x00000002   PAD
    0x080001e0   0x0000001c   Code   RO          836    !!handler_zi        c_w.l(__scatter_zi.o)
    0x080001fc   0x00000000   Code   RO          596    .ARM.Collect$$_printf_percent$$00000000  c_w.l(_printf_percent.o)
    0x080001fc   0x00000006   Code   RO          595    .ARM.Collect$$_printf_percent$$00000003  c_w.l(_printf_f.o)
    0x08000202   0x00000006   Code   RO          594    .ARM.Collect$$_printf_percent$$00000009  c_w.l(_printf_d.o)
    0x08000208   0x00000006   Code   RO          593    .ARM.Collect$$_printf_percent$$0000000C  c_w.l(_printf_x.o)
    0x0800020e   0x00000004   Code   RO          624    .ARM.Collect$$_printf_percent$$00000017  c_w.l(_printf_percent_end.o)
    0x08000212   0x00000002   Code   RO          712    .ARM.Collect$$libinit$$00000000  c_w.l(libinit.o)
    0x08000214   0x00000004   Code   RO          713    .ARM.Collect$$libinit$$00000001  c_w.l(libinit2.o)
    0x08000218   0x00000000   Code   RO          717    .ARM.Collect$$libinit$$00000008  c_w.l(libinit2.o)
    0x08000218   0x00000000   Code   RO          719    .ARM.Collect$$libinit$$0000000A  c_w.l(libinit2.o)
    0x08000218   0x00000000   Code   RO          721    .ARM.Collect$$libinit$$0000000C  c_w.l(libinit2.o)
    0x08000218   0x00000006   Code   RO          722    .ARM.Collect$$libinit$$0000000D  c_w.l(libinit2.o)
    0x0800021e   0x00000000   Code   RO          724    .ARM.Collect$$libinit$$0000000F  c_w.l(libinit2.o)
    0x0800021e   0x00000000   Code   RO          726    .ARM.Collect$$libinit$$00000011  c_w.l(libinit2.o)
    0x0800021e   0x00000000   Code   RO          728    .ARM.Collect$$libinit$$00000013  c_w.l(libinit2.o)
    0x0800021e   0x0000000a   Code   RO          729    .ARM.Collect$$libinit$$00000014  c_w.l(libinit2.o)
    0x08000228   0x00000000   Code   RO          730    .ARM.Collect$$libinit$$00000015  c_w.l(libinit2.o)
    0x08000228   0x00000000   Code   RO          732    .ARM.Collect$$libinit$$00000017  c_w.l(libinit2.o)
    0x08000228   0x00000000   Code   RO          734    .ARM.Collect$$libinit$$00000019  c_w.l(libinit2.o)
    0x08000228   0x00000000   Code   RO          736    .ARM.Collect$$libinit$$0000001B  c_w.l(libinit2.o)
    0x08000228   0x00000000   Code   RO          738    .ARM.Collect$$libinit$$0000001D  c_w.l(libinit2.o)
    0x08000228   0x00000000   Code   RO          740    .ARM.Collect$$libinit$$0000001F  c_w.l(libinit2.o)
    0x08000228   0x00000000   Code   RO          742    .ARM.Collect$$libinit$$00000021  c_w.l(libinit2.o)
    0x08000228   0x00000000   Code   RO          744    .ARM.Collect$$libinit$$00000023  c_w.l(libinit2.o)
    0x08000228   0x00000000   Code   RO          748    .ARM.Collect$$libinit$$0000002A  c_w.l(libinit2.o)
    0x08000228   0x00000000   Code   RO          750    .ARM.Collect$$libinit$$0000002C  c_w.l(libinit2.o)
    0x08000228   0x00000000   Code   RO          752    .ARM.Collect$$libinit$$0000002E  c_w.l(libinit2.o)
    0x08000228   0x00000000   Code   RO          754    .ARM.Collect$$libinit$$00000030  c_w.l(libinit2.o)
    0x08000228   0x00000002   Code   RO          755    .ARM.Collect$$libinit$$00000031  c_w.l(libinit2.o)
    0x0800022a   0x00000002   Code   RO          783    .ARM.Collect$$libshutdown$$00000000  c_w.l(libshutdown.o)
    0x0800022c   0x00000000   Code   RO          793    .ARM.Collect$$libshutdown$$00000003  c_w.l(libshutdown2.o)
    0x0800022c   0x00000000   Code   RO          796    .ARM.Collect$$libshutdown$$00000006  c_w.l(libshutdown2.o)
    0x0800022c   0x00000000   Code   RO          799    .ARM.Collect$$libshutdown$$00000009  c_w.l(libshutdown2.o)
    0x0800022c   0x00000000   Code   RO          801    .ARM.Collect$$libshutdown$$0000000B  c_w.l(libshutdown2.o)
    0x0800022c   0x00000000   Code   RO          804    .ARM.Collect$$libshutdown$$0000000E  c_w.l(libshutdown2.o)
    0x0800022c   0x00000002   Code   RO          805    .ARM.Collect$$libshutdown$$0000000F  c_w.l(libshutdown2.o)
    0x0800022e   0x00000000   Code   RO          617    .ARM.Collect$$rtentry$$00000000  c_w.l(rtentry.o)
    0x0800022e   0x00000000   Code   RO          635    .ARM.Collect$$rtentry$$00000002  c_w.l(rtentry2.o)
    0x0800022e   0x00000006   Code   RO          647    .ARM.Collect$$rtentry$$00000004  c_w.l(rtentry4.o)
    0x08000234   0x00000000   Code   RO          637    .ARM.Collect$$rtentry$$00000009  c_w.l(rtentry2.o)
    0x08000234   0x00000004   Code   RO          638    .ARM.Collect$$rtentry$$0000000A  c_w.l(rtentry2.o)
    0x08000238   0x00000000   Code   RO          640    .ARM.Collect$$rtentry$$0000000C  c_w.l(rtentry2.o)
    0x08000238   0x00000008   Code   RO          641    .ARM.Collect$$rtentry$$0000000D  c_w.l(rtentry2.o)
    0x08000240   0x00000002   Code   RO          756    .ARM.Collect$$rtexit$$00000000  c_w.l(rtexit.o)
    0x08000242   0x00000000   Code   RO          763    .ARM.Collect$$rtexit$$00000002  c_w.l(rtexit2.o)
    0x08000242   0x00000004   Code   RO          764    .ARM.Collect$$rtexit$$00000003  c_w.l(rtexit2.o)
    0x08000246   0x00000006   Code   RO          765    .ARM.Collect$$rtexit$$00000004  c_w.l(rtexit2.o)
    0x0800024c   0x00000098   Code   RO            3    .text               main.o
    0x080002e4   0x0000001a   Code   RO          157    .text               stm32f4xx_it.o
    0x080002fe   0x00000002   PAD
    0x08000300   0x00000210   Code   RO          206    .text               system_stm32f4xx.o
    0x08000510   0x00000040   Code   RO          232    .text               led.o
    0x08000550   0x000001e4   Code   RO          293    .text               digital_tube.o
    0x08000734   0x0000023c   Code   RO          317    .text               max_6675.o
    0x08000970   0x00000104   Code   RO          340    .text               delay.o
    0x08000a74   0x00000154   Code   RO          380    .text               usart.o
    0x08000bc8   0x00000040   Code   RO          412    .text               startup_stm32f40_41xxx.o
    0x08000c08   0x000000e0   Code   RO          418    .text               misc.o
    0x08000ce8   0x00000294   Code   RO          438    .text               stm32f4xx_gpio.o
    0x08000f7c   0x0000065c   Code   RO          458    .text               stm32f4xx_rcc.o
    0x080015d8   0x00000454   Code   RO          500    .text               stm32f4xx_usart.o
    0x08001a2c   0x00000480   Code   RO          520    .text               stm32f4xx_spi.o
    0x08001eac   0x00000002   Code   RO          540    .text               c_w.l(use_no_semi_2.o)
    0x08001eae   0x00000002   PAD
    0x08001eb0   0x00000018   Code   RO          544    .text               c_w.l(noretval__2printf.o)
    0x08001ec8   0x0000004e   Code   RO          548    .text               c_w.l(_printf_pad.o)
    0x08001f16   0x00000002   PAD
    0x08001f18   0x00000074   Code   RO          550    .text               c_w.l(_printf_dec.o)
    0x08001f8c   0x00000058   Code   RO          555    .text               c_w.l(_printf_hex_int.o)
    0x08001fe4   0x00000138   Code   RO          585    .text               c_w.l(__printf_flags_wp.o)
    0x0800211c   0x00000006   Code   RO          597    .text               c_w.l(heapauxi.o)
    0x08002122   0x00000002   Code   RO          615    .text               c_w.l(use_no_semi.o)
    0x08002124   0x000000b2   Code   RO          618    .text               c_w.l(_printf_intcommon.o)
    0x080021d6   0x00000416   Code   RO          620    .text               c_w.l(_printf_fp_dec.o)
    0x080025ec   0x00000024   Code   RO          622    .text               c_w.l(_printf_char_file.o)
    0x08002610   0x00000008   Code   RO          652    .text               c_w.l(rt_locale_intlibspace.o)
    0x08002618   0x0000008a   Code   RO          654    .text               c_w.l(lludiv10.o)
    0x080026a2   0x00000002   PAD
    0x080026a4   0x00000030   Code   RO          656    .text               c_w.l(_printf_char_common.o)
    0x080026d4   0x00000080   Code   RO          658    .text               c_w.l(_printf_fp_infnan.o)
    0x08002754   0x000000d8   Code   RO          660    .text               c_w.l(bigflt0.o)
    0x0800282c   0x00000008   Code   RO          685    .text               c_w.l(ferror.o)
    0x08002834   0x00000008   Code   RO          696    .text               c_w.l(libspace.o)
    0x0800283c   0x0000004a   Code   RO          699    .text               c_w.l(sys_stackheap_outer.o)
    0x08002886   0x0000000c   Code   RO          703    .text               c_w.l(exit.o)
    0x08002892   0x00000002   PAD
    0x08002894   0x00000080   Code   RO          705    .text               c_w.l(strcmpv7m.o)
    0x08002914   0x0000003e   Code   RO          663    CL$$btod_d2e        c_w.l(btod.o)
    0x08002952   0x00000046   Code   RO          665    CL$$btod_d2e_denorm_low  c_w.l(btod.o)
    0x08002998   0x00000060   Code   RO          664    CL$$btod_d2e_norm_op1  c_w.l(btod.o)
    0x080029f8   0x00000338   Code   RO          673    CL$$btod_div_common  c_w.l(btod.o)
    0x08002d30   0x000000c6   Code   RO          670    CL$$btod_e2e        c_w.l(btod.o)
    0x08002df6   0x00000028   Code   RO          667    CL$$btod_ediv       c_w.l(btod.o)
    0x08002e1e   0x00000028   Code   RO          666    CL$$btod_emul       c_w.l(btod.o)
    0x08002e46   0x00000244   Code   RO          672    CL$$btod_mult_common  c_w.l(btod.o)
    0x0800308a   0x00000030   Code   RO          694    i.__ARM_fpclassify  m_wm.l(fpclassify.o)
    0x080030ba   0x0000000e   Code   RO          583    i._is_digit         c_w.l(__printf_wp.o)
    0x080030c8   0x0000002c   Code   RO          690    locale$$code        c_w.l(lc_numeric_c.o)
    0x080030f4   0x00000062   Code   RO          601    x$fpl$d2f           fz_wm.l(d2f.o)
    0x08003156   0x00000026   Code   RO          603    x$fpl$dfltu         fz_wm.l(dflt_clz.o)
    0x0800317c   0x00000154   Code   RO          609    x$fpl$dmul          fz_wm.l(dmul.o)
    0x080032d0   0x0000009c   Code   RO          625    x$fpl$dnaninf       fz_wm.l(dnaninf.o)
    0x0800336c   0x0000000c   Code   RO          627    x$fpl$dretinf       fz_wm.l(dretinf.o)
    0x08003378   0x00000056   Code   RO          611    x$fpl$f2d           fz_wm.l(f2d.o)
    0x080033ce   0x0000008c   Code   RO          629    x$fpl$fnaninf       fz_wm.l(fnaninf.o)
    0x0800345a   0x0000000a   Code   RO          760    x$fpl$fpinit        fz_wm.l(fpinit.o)
    0x08003464   0x0000000a   Code   RO          631    x$fpl$fretinf       fz_wm.l(fretinf.o)
    0x0800346e   0x00000004   Code   RO          613    x$fpl$printf1       fz_wm.l(printf1.o)
    0x08003472   0x00000000   Code   RO          633    x$fpl$usenofp       fz_wm.l(usenofp.o)
    0x08003472   0x00000028   Data   RO          556    .constdata          c_w.l(_printf_hex_int.o)
    0x0800349a   0x00000011   Data   RO          586    .constdata          c_w.l(__printf_flags_wp.o)
    0x080034ab   0x00000001   PAD
    0x080034ac   0x00000094   Data   RO          661    .constdata          c_w.l(bigflt0.o)
    0x08003540   0x0000005e   Data   RO          294    .conststring        digital_tube.o
    0x0800359e   0x00000002   PAD
    0x080035a0   0x00000020   Data   RO          830    Region$$Table       anon$$obj.o
    0x080035c0   0x0000001c   Data   RO          689    locale$$data        c_w.l(lc_numeric_c.o)


    Execution Region RW_IRAM1 (Base: 0x20000000, Size: 0x00000778, Max: 0x00020000, ABSOLUTE)

    Base Addr    Size         Type   Attr      Idx    E Section Name        Object

    0x20000000   0x00000014   Data   RW          207    .data               system_stm32f4xx.o
    0x20000014   0x00000015   Data   RW          295    .data               digital_tube.o
    0x20000029   0x00000003   PAD
    0x2000002c   0x00000004   Data   RW          318    .data               max_6675.o
    0x20000030   0x00000004   Data   RW          341    .data               delay.o
    0x20000034   0x00000006   Data   RW          382    .data               usart.o
    0x2000003a   0x00000010   Data   RW          459    .data               stm32f4xx_rcc.o
    0x2000004a   0x00000002   PAD
    0x2000004c   0x000000c8   Zero   RW          381    .bss                usart.o
    0x20000114   0x00000060   Zero   RW          697    .bss                c_w.l(libspace.o)
    0x20000174   0x00000004   PAD
    0x20000178   0x00000200   Zero   RW          410    HEAP                startup_stm32f40_41xxx.o
    0x20000378   0x00000400   Zero   RW          409    STACK               startup_stm32f40_41xxx.o


==============================================================================

Image component sizes


      Code (inc. data)   RO Data    RW Data    ZI Data      Debug   Object Name

       260          8          0          4          0       1473   delay.o
       484         66         94         21          0       2526   digital_tube.o
        64          4          0          0          0        543   led.o
       152         42          0          0          0     270511   main.o
       572        172          0          4          0       1810   max_6675.o
       224         20          0          0          0       1857   misc.o
        64         26        392          0       1536        856   startup_stm32f40_41xxx.o
       660         44          0          0          0       4133   stm32f4xx_gpio.o
        26          0          0          0          0       1242   stm32f4xx_it.o
      1628         52          0         16          0      12940   stm32f4xx_rcc.o
      1152         36          0          0          0       6881   stm32f4xx_spi.o
      1108         34          0          0          0       7832   stm32f4xx_usart.o
       528         46          0         20          0       1835   system_stm32f4xx.o
       340         18          0          6        200       3422   usart.o

    ----------------------------------------------------------------------
      7264        568        520         76       1736     317861   Object Totals
         0          0         32          0          0          0   (incl. Generated)
         2          0          2          5          0          0   (incl. Padding)

    ----------------------------------------------------------------------

      Code (inc. data)   RO Data    RW Data    ZI Data      Debug   Library Member Name

         8          0          0          0          0         68   __main.o
       312          4         17          0          0         92   __printf_flags_wp.o
        14          0          0          0          0         68   __printf_wp.o
        52          8          0          0          0          0   __scatter.o
        26          0          0          0          0          0   __scatter_copy.o
        28          0          0          0          0          0   __scatter_zi.o
        48          6          0          0          0         96   _printf_char_common.o
        36          4          0          0          0         80   _printf_char_file.o
         6          0          0          0          0          0   _printf_d.o
       116         16          0          0          0         92   _printf_dec.o
         6          0          0          0          0          0   _printf_f.o
      1046          0          0          0          0        216   _printf_fp_dec.o
       128         16          0          0          0         84   _printf_fp_infnan.o
        88          4         40          0          0         88   _printf_hex_int.o
       178          0          0          0          0         88   _printf_intcommon.o
        78          0          0          0          0        108   _printf_pad.o
         0          0          0          0          0          0   _printf_percent.o
         4          0          0          0          0          0   _printf_percent_end.o
         6          0          0          0          0          0   _printf_x.o
       216          4        148          0          0         96   bigflt0.o
      1910        128          0          0          0        672   btod.o
        12          0          0          0          0         72   exit.o
         8          0          0          0          0         68   ferror.o
         6          0          0          0          0        152   heapauxi.o
        44         10         28          0          0         76   lc_numeric_c.o
         2          0          0          0          0          0   libinit.o
        22          0          0          0          0          0   libinit2.o
         2          0          0          0          0          0   libshutdown.o
         2          0          0          0          0          0   libshutdown2.o
         8          4          0          0         96         68   libspace.o
       138          0          0          0          0         80   lludiv10.o
        24          4          0          0          0         84   noretval__2printf.o
         8          4          0          0          0         68   rt_locale_intlibspace.o
         0          0          0          0          0          0   rtentry.o
        12          0          0          0          0          0   rtentry2.o
         6          0          0          0          0          0   rtentry4.o
         2          0          0          0          0          0   rtexit.o
        10          0          0          0          0          0   rtexit2.o
       128          0          0          0          0         68   strcmpv7m.o
        74          0          0          0          0         80   sys_stackheap_outer.o
         2          0          0          0          0         68   use_no_semi.o
         2          0          0          0          0         68   use_no_semi_2.o
        98          4          0          0          0        140   d2f.o
        38          0          0          0          0        116   dflt_clz.o
       340         12          0          0          0        152   dmul.o
       156          4          0          0          0        140   dnaninf.o
        12          0          0          0          0        116   dretinf.o
        86          4          0          0          0        132   f2d.o
       140          4          0          0          0        132   fnaninf.o
        10          0          0          0          0        116   fpinit.o
        10          0          0          0          0        116   fretinf.o
         4          0          0          0          0        116   printf1.o
         0          0          0          0          0          0   usenofp.o
        48          0          0          0          0        124   fpclassify.o

    ----------------------------------------------------------------------
      5770        240        234          0        100       4200   Library Totals
        10          0          1          0          4          0   (incl. Padding)

    ----------------------------------------------------------------------

      Code (inc. data)   RO Data    RW Data    ZI Data      Debug   Library Name

      4818        212        233          0         96       2800   c_w.l
       894         28          0          0          0       1276   fz_wm.l
        48          0          0          0          0        124   m_wm.l

    ----------------------------------------------------------------------
      5770        240        234          0        100       4200   Library Totals

    ----------------------------------------------------------------------

==============================================================================


      Code (inc. data)   RO Data    RW Data    ZI Data      Debug   

     13034        808        754         76       1836     317153   Grand Totals
     13034        808        754         76       1836     317153   ELF Image Totals
     13034        808        754         76          0          0   ROM Totals

==============================================================================

    Total RO  Size (Code + RO Data)                13788 (  13.46kB)
    Total RW  Size (RW Data + ZI Data)              1912 (   1.87kB)
    Total ROM Size (Code + RO Data + RW Data)      13864 (  13.54kB)

==============================================================================

